
> recruitiq-backend@1.0.0 test
> cross-env NODE_ENV=test NODE_OPTIONS=--experimental-vm-modules jest --coverage workerTypeAPI.test.js

[dotenv@17.2.3] injecting env (45) from .env.test -- tip: ≡ƒöÉ prevent committing .env to code: https://dotenvx.com/precommit
node.exe : ≡ƒº¬ Jest global setup complete
At C:\Program Files\nodejs\npm.ps1:29 char:3
+   & $NODE_EXE $NPM_CLI_JS $args
+   ~~~~~~~~~~~~~~~~~~~~~~~~~~~~~
    + CategoryInfo          : NotSpecified: (≡ƒº¬ Jest global setup complete:String) [], RemoteException
    + FullyQualifiedErrorId : NativeCommandError
 
  console.log
    [dotenv@17.2.3] injecting env (25) from .env -- tip: ΓÜÖ∩╕Å  suppress all logs with { quiet: true }

      at _log (node_modules/dotenv/lib/main.js:142:11)

  console.warn
    ΓÜá∩╕Å  WARNING: JWT_SECRET appears to be weak or test data

    [0m [90m 283 |[39m weakPatterns[33m.[39mforEach(pattern [33m=>[39m {
     [90m 284 |[39m   [36mif[39m (pattern[33m.[39mtest(config[33m.[39mjwt[33m.[39msecret)) {
    [31m[1m>[22m[39m[90m 285 |[39m     console[33m.[39mwarn([32m'ΓÜá∩╕Å  WARNING: JWT_SECRET appears to be weak or test data'[39m)[33m;[39m
     [90m     |[39m             [31m[1m^[22m[39m
     [90m 286 |[39m     console[33m.[39mwarn([32m'   Use cryptographically random secrets in production'[39m)[33m;[39m
     [90m 287 |[39m   }
     [90m 288 |[39m   [36mif[39m (pattern[33m.[39mtest(config[33m.[39mjwt[33m.[39mrefreshSecret)) {[0m

      at warn (src/config/index.js:285:13)
          at Array.forEach (<anonymous>)
      at forEach (src/config/index.js:283:14)

  console.warn
       Use cryptographically random secrets in production

    [0m [90m 284 |[39m   [36mif[39m (pattern[33m.[39mtest(config[33m.[39mjwt[33m.[39msecret)) {
     [90m 285 |[39m     console[33m.[39mwarn([32m'ΓÜá∩╕Å  WARNING: JWT_SECRET appears to be weak or test data'[39m)[33m;[39m
    [31m[1m>[22m[39m[90m 286 |[39m     console[33m.[39mwarn([32m'   Use cryptographically random secrets in production'[39m)[33m;[39m
     [90m     |[39m             [31m[1m^[22m[39m
     [90m 287 |[39m   }
     [90m 288 |[39m   [36mif[39m (pattern[33m.[39mtest(config[33m.[39mjwt[33m.[39mrefreshSecret)) {
     [90m 289 |[39m     console[33m.[39mwarn([32m'ΓÜá∩╕Å  WARNING: JWT_REFRESH_SECRET appears to be weak or test data'[39m)[33m;[39m[0m

      at warn (src/config/index.js:286:13)
          at Array.forEach (<anonymous>)
      at forEach (src/config/index.js:283:14)

  console.warn
    ΓÜá∩╕Å  WARNING: JWT_REFRESH_SECRET appears to be weak or test data

    [0m [90m 287 |[39m   }
     [90m 288 |[39m   [36mif[39m (pattern[33m.[39mtest(config[33m.[39mjwt[33m.[39mrefreshSecret)) {
    [31m[1m>[22m[39m[90m 289 |[39m     console[33m.[39mwarn([32m'ΓÜá∩╕Å  WARNING: JWT_REFRESH_SECRET appears to be weak or test data'[39m)[33m;[39m
     [90m     |[39m             [31m[1m^[22m[39m
     [90m 290 |[39m     console[33m.[39mwarn([32m'   Use cryptographically random secrets in production'[39m)[33m;[39m
     [90m 291 |[39m   }
     [90m 292 |[39m })[33m;[39m[0m

      at warn (src/config/index.js:289:13)
          at Array.forEach (<anonymous>)
      at forEach (src/config/index.js:283:14)

  console.warn
       Use cryptographically random secrets in production

    [0m [90m 288 |[39m   [36mif[39m (pattern[33m.[39mtest(config[33m.[39mjwt[33m.[39mrefreshSecret)) {
     [90m 289 |[39m     console[33m.[39mwarn([32m'ΓÜá∩╕Å  WARNING: JWT_REFRESH_SECRET appears to be weak or test data'[39m)[33m;[39m
    [31m[1m>[22m[39m[90m 290 |[39m     console[33m.[39mwarn([32m'   Use cryptographically random secrets in production'[39m)[33m;[39m
     [90m     |[39m             [31m[1m^[22m[39m
     [90m 291 |[39m   }
     [90m 292 |[39m })[33m;[39m
     [90m 293 |[39m[0m

      at warn (src/config/index.js:290:13)
          at Array.forEach (<anonymous>)
      at forEach (src/config/index.js:283:14)

{"level":"info","message":"Central logging pool initialized","metadata":{"metadata":{"database":"recruitiq_dev","enabled":true,"environment":"test","host":"localhost","hostname":"localhost","instanceId":"unknown","service":"recruitiq-api","timestamp":"2025-11-19 09:37:23.339"},"timestamp":"2025-11-19 09:37:23.341"}}
{"level":"info","message":"Rate limiting using memory store (development mode)","metadata":{"metadata":{"environment":"test","hostname":"localhost","instanceId":"unknown","service":"recruitiq-api","timestamp":"2025-11-19 09:37:23.346"},"timestamp":"2025-11-19 09:37:23.346"}}
{"level":"warn","message":"Redis disabled or unavailable, using memory store for rate limiting","metadata":{"metadata":{"environment":"test","hostname":"localhost","instanceId":"unknown","service":"recruitiq-api","timestamp":"2025-11-19 09:37:23.347"},"timestamp":"2025-11-19 09:37:23.348"}}
{"level":"warn","message":"Redis disabled or unavailable, using memory store for rate limiting","metadata":{"metadata":{"environment":"test","hostname":"localhost","instanceId":"unknown","service":"recruitiq-api","timestamp":"2025-11-19 09:37:23.372"},"timestamp":"2025-11-19 09:37:23.372"}}
{"level":"warn","message":"Redis disabled or unavailable, using memory store for rate limiting","metadata":{"metadata":{"environment":"test","hostname":"localhost","instanceId":"unknown","service":"recruitiq-api","timestamp":"2025-11-19 09:37:23.373"},"timestamp":"2025-11-19 09:37:23.373"}}
{"level":"warn","message":"Redis disabled or unavailable, using memory store for rate limiting","metadata":{"metadata":{"environment":"test","hostname":"localhost","instanceId":"unknown","service":"recruitiq-api","timestamp":"2025-11-19 09:37:23.374"},"timestamp":"2025-11-19 09:37:23.374"}}
{"level":"warn","message":"Redis disabled or unavailable, using memory store for rate limiting","metadata":{"metadata":{"environment":"test","hostname":"localhost","instanceId":"unknown","service":"recruitiq-api","timestamp":"2025-11-19 09:37:23.376"},"timestamp":"2025-11-19 09:37:23.376"}}
{"level":"warn","message":"Redis disabled or unavailable, using memory store for rate limiting","metadata":{"metadata":{"environment":"test","hostname":"localhost","instanceId":"unknown","service":"recruitiq-api","timestamp":"2025-11-19 09:37:23.377"},"timestamp":"2025-11-19 09:37:23.377"}}
{"level":"warn","message":"Redis disabled or unavailable, using memory store for rate limiting","metadata":{"metadata":{"environment":"test","hostname":"localhost","instanceId":"unknown","service":"recruitiq-api","timestamp":"2025-11-19 09:37:23.378"},"timestamp":"2025-11-19 09:37:23.378"}}
{"level":"warn","message":"Redis disabled or unavailable, using memory store for rate limiting","metadata":{"metadata":{"environment":"test","hostname":"localhost","instanceId":"unknown","service":"recruitiq-api","timestamp":"2025-11-19 09:37:23.444"},"timestamp":"2025-11-19 09:37:23.444"}}
{"level":"warn","message":"Redis disabled or unavailable, using memory store for rate limiting","metadata":{"metadata":{"environment":"test","hostname":"localhost","instanceId":"unknown","service":"recruitiq-api","timestamp":"2025-11-19 09:37:23.448"},"timestamp":"2025-11-19 09:37:23.448"}}
{"level":"warn","message":"Redis disabled or unavailable, using memory store for rate limiting","metadata":{"metadata":{"environment":"test","hostname":"localhost","instanceId":"unknown","service":"recruitiq-api","timestamp":"2025-11-19 09:37:23.449"},"timestamp":"2025-11-19 09:37:23.449"}}
{"level":"info","message":"Security Monitor initialized","metadata":{"metadata":{"enabled":true,"environment":"test","failedLoginThreshold":5,"hostname":"localhost","instanceId":"unknown","service":"recruitiq-api","timestamp":"2025-11-19 09:37:23.509"},"timestamp":"2025-11-19 09:37:23.509"}}
{"level":"info","message":"ΓÜá∩╕Å  TransIP service initialized (API integration pending)","metadata":{"metadata":{"environment":"test","hostname":"localhost","instanceId":"unknown","service":"recruitiq-api","timestamp":"2025-11-19 09:37:23.515"},"timestamp":"2025-11-19 09:37:23.515"}}
{"level":"info","message":"Validating configuration...","metadata":{"metadata":{"environment":"test","hostname":"localhost","instanceId":"unknown","service":"recruitiq-api","timestamp":"2025-11-19 09:37:23.579"},"timestamp":"2025-11-19 09:37:23.579"}}
{"level":"info","message":"=== Configuration Validation ===","metadata":{"metadata":{"environment":"test","hostname":"localhost","instanceId":"unknown","service":"recruitiq-api","timestamp":"2025-11-19 09:37:23.579"},"timestamp":"2025-11-19 09:37:23.579"}}
{"level":"info","message":"Γ£ô Required environment variables validated","metadata":{"metadata":{"environment":"test","hostname":"localhost","instanceId":"unknown","service":"recruitiq-api","timestamp":"2025-11-19 09:37:23.579"},"timestamp":"2025-11-19 09:37:23.580"}}
{"level":"info","message":"Γ£ô Database configured: postgres@localhost:5432/recruitiq_test (pool: 2-10)","metadata":{"metadata":{"environment":"test","hostname":"localhost","instanceId":"unknown","service":"recruitiq-api","timestamp":"2025-11-19 09:37:23.580"},"timestamp":"2025-11-19 09:37:23.580"}}
{"level":"info","message":"Γ£ô CORS configured with 5 allowed origin(s)","metadata":{"metadata":{"environment":"test","hostname":"localhost","instanceId":"unknown","service":"recruitiq-api","timestamp":"2025-11-19 09:37:23.580"},"timestamp":"2025-11-19 09:37:23.580"}}
{"level":"info","message":"≡ƒöì DEBUG Cookie ENV values:","metadata":{"metadata":{"COOKIE_DOMAIN":"","COOKIE_SAME_SITE":"lax","COOKIE_SECURE":"false","NODE_ENV":"test","environment":"test","hostname":"localhost","instanceId":"unknown","service":"recruitiq-api","timestamp":"2025-11-19 09:37:23.581"},"timestamp":"2025-11-19 09:37:23.581"}}
{"level":"info","message":"≡ƒöì DEBUG Cookie config.cookie values:","metadata":{"metadata":{"environment":"test","hostname":"localhost","instanceId":"unknown","sameSite":"lax","secure":false,"service":"recruitiq-api","timestamp":"2025-11-19 09:37:23.581"},"timestamp":"2025-11-19 09:37:23.581"}}
{"level":"info","message":"Γ£ô Cookie config: secure=false, sameSite=lax, domain=none","metadata":{"metadata":{"environment":"test","hostname":"localhost","instanceId":"unknown","service":"recruitiq-api","timestamp":"2025-11-19 09:37:23.582"},"timestamp":"2025-11-19 09:37:23.582"}}
{"level":"info","message":"Γä╣ Redis disabled (rate limiting will use in-memory store)","metadata":{"metadata":{"environment":"test","hostname":"localhost","instanceId":"unknown","service":"recruitiq-api","timestamp":"2025-11-19 09:37:23.582"},"timestamp":"2025-11-19 09:37:23.582"}}
{"level":"info","message":"Γ£ô All tenant app .env files exist","metadata":{"metadata":{"environment":"test","hostname":"localhost","instanceId":"unknown","service":"recruitiq-api","timestamp":"2025-11-19 09:37:23.582"},"timestamp":"2025-11-19 09:37:23.583"}}
{"level":"warn","message":"ΓÜá Frontend API URL mismatches detected:","metadata":{"metadata":{"environment":"test","hostname":"localhost","instanceId":"unknown","service":"recruitiq-api","timestamp":"2025-11-19 09:37:23.584"},"timestamp":"2025-11-19 09:37:23.584"}}
{"level":"warn","message":"  nexus: configured=/api, expected=http://localhost:4000/api","metadata":{"metadata":{"environment":"test","hostname":"localhost","instanceId":"unknown","service":"recruitiq-api","timestamp":"2025-11-19 09:37:23.584"},"timestamp":"2025-11-19 09:37:23.584"}}
{"level":"warn","message":"  paylinq: configured=/api, expected=http://localhost:4000/api","metadata":{"metadata":{"environment":"test","hostname":"localhost","instanceId":"unknown","service":"recruitiq-api","timestamp":"2025-11-19 09:37:23.584"},"timestamp":"2025-11-19 09:37:23.584"}}
{"level":"warn","message":"  recruitiq: configured=/api, expected=http://localhost:4000/api","metadata":{"metadata":{"environment":"test","hostname":"localhost","instanceId":"unknown","service":"recruitiq-api","timestamp":"2025-11-19 09:37:23.584"},"timestamp":"2025-11-19 09:37:23.584"}}
{"level":"warn","message":"  This may cause CORS or connectivity issues","metadata":{"metadata":{"environment":"test","hostname":"localhost","instanceId":"unknown","service":"recruitiq-api","timestamp":"2025-11-19 09:37:23.585"},"timestamp":"2025-11-19 09:37:23.585"}}
{"level":"info","message":"=== Configuration Validation Complete ===\n","metadata":{"metadata":{"environment":"test","hostname":"localhost","instanceId":"unknown","service":"recruitiq-api","timestamp":"2025-11-19 09:37:23.585"},"timestamp":"2025-11-19 09:37:23.585"}}
{"level":"info","message":"Security headers initialized","metadata":{"metadata":{"csp":false,"env":"test","environment":"test","hostname":"localhost","hsts":false,"instanceId":"unknown","service":"recruitiq-api","timestamp":"2025-11-19 09:37:23.585"},"timestamp":"2025-11-19 09:37:23.585"}}
{"level":"info","message":"CORS initialized","metadata":{"metadata":{"allowedOrigins":["http://localhost:3000","http://localhost:5173","http://localhost:5174","http://localhost:5175","http://localhost:5176"],"credentials":true,"env":"test","environment":"test","hostname":"localhost","instanceId":"unknown","service":"recruitiq-api","timestamp":"2025-11-19 09:37:23.587"},"timestamp":"2025-11-19 09:37:23.587"}}
{"level":"info","message":"≡ƒº¬ Test mode: Initializing products without starting server...","metadata":{"metadata":{"environment":"test","hostname":"localhost","instanceId":"unknown","service":"recruitiq-api","timestamp":"2025-11-19 09:37:23.590"},"timestamp":"2025-11-19 09:37:23.590"}}
{"level":"info","message":"≡ƒöº Initializing Dynamic Product System...","metadata":{"metadata":{"environment":"test","hostname":"localhost","instanceId":"unknown","service":"recruitiq-api","timestamp":"2025-11-19 09:37:23.590"},"timestamp":"2025-11-19 09:37:23.590"}}
{"level":"info","message":"≡ƒÄ» Initializing Product Manager...","metadata":{"metadata":{"environment":"test","hostname":"localhost","instanceId":"unknown","service":"recruitiq-api","timestamp":"2025-11-19 09:37:23.590"},"timestamp":"2025-11-19 09:37:23.591"}}
{"level":"info","message":"ΓòÉΓòÉΓòÉΓòÉΓòÉΓòÉΓòÉΓòÉΓòÉΓòÉΓòÉΓòÉΓòÉΓòÉΓòÉΓòÉΓòÉΓòÉΓòÉΓòÉΓòÉΓòÉΓòÉΓòÉΓòÉΓòÉΓòÉΓòÉΓòÉΓòÉΓòÉΓòÉΓòÉΓòÉΓòÉΓòÉΓòÉΓòÉΓòÉΓòÉΓòÉΓòÉΓòÉΓòÉΓòÉΓòÉΓòÉΓòÉΓòÉΓòÉΓòÉΓòÉΓòÉΓòÉΓòÉΓòÉΓòÉΓòÉΓòÉΓòÉ","metadata":{"metadata":{"environment":"test","hostname":"localhost","instanceId":"unknown","service":"recruitiq-api","timestamp":"2025-11-19 09:37:23.591"},"timestamp":"2025-11-19 09:37:23.591"}}
{"level":"info","message":"Step 1/3: Loading products...","metadata":{"metadata":{"environment":"test","hostname":"localhost","instanceId":"unknown","service":"recruitiq-api","timestamp":"2025-11-19 09:37:23.591"},"timestamp":"2025-11-19 09:37:23.591"}}
{"level":"info","message":"≡ƒÜÇ Initializing Product Loader...","metadata":{"metadata":{"environment":"test","hostname":"localhost","instanceId":"unknown","service":"recruitiq-api","timestamp":"2025-11-19 09:37:23.591"},"timestamp":"2025-11-19 09:37:23.591"}}
(node:34692) ExperimentalWarning: VM Modules is an experimental feature and might change at any time
(Use `node --trace-warnings ...` to show where the warning was created)
{"level":"info","message":"Token blacklist Redis connected","metadata":{"metadata":{"environment":"test","hostname":"localhost","instanceId":"unknown","service":"recruitiq-api","timestamp":"2025-11-19 09:37:23.618"},"timestamp":"2025-11-19 09:37:23.618"}}
{"level":"info","message":"Γ£à PostgreSQL connected","metadata":{"metadata":{"environment":"test","hostname":"localhost","instanceId":"unknown","service":"recruitiq-api","timestamp":"2025-11-19 09:37:23.781"},"timestamp":"2025-11-19 09:37:23.781"}}
{"level":"info","message":"Γ£à License Manager database connected successfully","metadata":{"metadata":{"environment":"test","hostname":"localhost","instanceId":"unknown","service":"recruitiq-api","timestamp":"2025-11-19 09:37:23.783"},"timestamp":"2025-11-19 09:37:23.783"}}
{"level":"info","message":"≡ƒôª Found 5 active products","metadata":{"metadata":{"environment":"test","hostname":"localhost","instanceId":"unknown","service":"recruitiq-api","timestamp":"2025-11-19 09:37:23.791"},"timestamp":"2025-11-19 09:37:23.791"}}
{"level":"info","message":"≡ƒôª Loading product: nexus (nexus)","metadata":{"metadata":{"environment":"test","hostname":"localhost","instanceId":"unknown","service":"recruitiq-api","timestamp":"2025-11-19 09:37:23.792"},"timestamp":"2025-11-19 09:37:23.792"}}
{"level":"info","message":"  Γ£ô Resolved local path: C:\\RecruitIQ\\backend\\src\\products\\nexus\\index.js","metadata":{"metadata":{"environment":"test","hostname":"localhost","instanceId":"unknown","service":"recruitiq-api","timestamp":"2025-11-19 09:37:23.793"},"timestamp":"2025-11-19 09:37:23.793"}}
{"level":"info","message":"Γ£à Successfully loaded product: nexus","metadata":{"metadata":{"environment":"test","hostname":"localhost","instanceId":"unknown","service":"recruitiq-api","timestamp":"2025-11-19 09:37:23.846"},"timestamp":"2025-11-19 09:37:23.847"}}
{"level":"info","message":"≡ƒôª Loading product: portal (portal)","metadata":{"metadata":{"environment":"test","hostname":"localhost","instanceId":"unknown","service":"recruitiq-api","timestamp":"2025-11-19 09:37:23.847"},"timestamp":"2025-11-19 09:37:23.847"}}
{"level":"info","message":"  Γèÿ No module resolution found for portal","metadata":{"metadata":{"environment":"test","hostname":"localhost","instanceId":"unknown","service":"recruitiq-api","timestamp":"2025-11-19 09:37:23.847"},"timestamp":"2025-11-19 09:37:23.847"}}
{"level":"info","message":"  Γèÿ No backend module found for portal - skipping (frontend-only product)","metadata":{"metadata":{"environment":"test","hostname":"localhost","instanceId":"unknown","service":"recruitiq-api","timestamp":"2025-11-19 09:37:23.848"},"timestamp":"2025-11-19 09:37:23.848"}}
{"level":"info","message":"≡ƒôª Loading product: paylinq (paylinq)","metadata":{"metadata":{"environment":"test","hostname":"localhost","instanceId":"unknown","service":"recruitiq-api","timestamp":"2025-11-19 09:37:23.848"},"timestamp":"2025-11-19 09:37:23.848"}}
{"level":"info","message":"  Γ£ô Resolved local path: C:\\RecruitIQ\\backend\\src\\products\\paylinq\\index.js","metadata":{"metadata":{"environment":"test","hostname":"localhost","instanceId":"unknown","service":"recruitiq-api","timestamp":"2025-11-19 09:37:23.848"},"timestamp":"2025-11-19 09:37:23.848"}}
{"level":"warn","message":"Redis disabled or unavailable, using memory store for rate limiting","metadata":{"metadata":{"environment":"test","hostname":"localhost","instanceId":"unknown","service":"recruitiq-api","timestamp":"2025-11-19 09:37:24.265"},"timestamp":"2025-11-19 09:37:24.265"}}
{"level":"warn","message":"Redis disabled or unavailable, using memory store for rate limiting","metadata":{"metadata":{"environment":"test","hostname":"localhost","instanceId":"unknown","service":"recruitiq-api","timestamp":"2025-11-19 09:37:24.296"},"timestamp":"2025-11-19 09:37:24.296"}}
{"level":"warn","message":"Redis disabled or unavailable, using memory store for rate limiting","metadata":{"metadata":{"environment":"test","hostname":"localhost","instanceId":"unknown","service":"recruitiq-api","timestamp":"2025-11-19 09:37:24.368"},"timestamp":"2025-11-19 09:37:24.368"}}
{"level":"warn","message":"Redis disabled or unavailable, using memory store for rate limiting","metadata":{"metadata":{"environment":"test","hostname":"localhost","instanceId":"unknown","service":"recruitiq-api","timestamp":"2025-11-19 09:37:24.375"},"timestamp":"2025-11-19 09:37:24.375"}}
{"level":"warn","message":"Redis disabled or unavailable, using memory store for rate limiting","metadata":{"metadata":{"environment":"test","hostname":"localhost","instanceId":"unknown","service":"recruitiq-api","timestamp":"2025-11-19 09:37:24.487"},"timestamp":"2025-11-19 09:37:24.487"}}
{"level":"info","message":"Redis caching disabled via environment variable","metadata":{"metadata":{"environment":"test","hostname":"localhost","instanceId":"unknown","service":"recruitiq-api","timestamp":"2025-11-19 09:37:24.512"},"timestamp":"2025-11-19 09:37:24.512"}}
{"level":"info","message":"Γ£à Successfully loaded product: paylinq","metadata":{"metadata":{"environment":"test","hostname":"localhost","instanceId":"unknown","service":"recruitiq-api","timestamp":"2025-11-19 09:37:24.519"},"timestamp":"2025-11-19 09:37:24.519"}}
{"level":"info","message":"≡ƒôª Loading product: recruitiq (recruitiq)","metadata":{"metadata":{"environment":"test","hostname":"localhost","instanceId":"unknown","service":"recruitiq-api","timestamp":"2025-11-19 09:37:24.519"},"timestamp":"2025-11-19 09:37:24.519"}}
{"level":"info","message":"  Γèÿ No module resolution found for recruitiq","metadata":{"metadata":{"environment":"test","hostname":"localhost","instanceId":"unknown","service":"recruitiq-api","timestamp":"2025-11-19 09:37:24.520"},"timestamp":"2025-11-19 09:37:24.520"}}
{"level":"info","message":"  Γèÿ No backend module found for recruitiq - skipping (frontend-only product)","metadata":{"metadata":{"environment":"test","hostname":"localhost","instanceId":"unknown","service":"recruitiq-api","timestamp":"2025-11-19 09:37:24.520"},"timestamp":"2025-11-19 09:37:24.520"}}
{"level":"info","message":"≡ƒôª Loading product: schedulehub (schedulehub)","metadata":{"metadata":{"environment":"test","hostname":"localhost","instanceId":"unknown","service":"recruitiq-api","timestamp":"2025-11-19 09:37:24.520"},"timestamp":"2025-11-19 09:37:24.520"}}
{"level":"info","message":"  Γ£ô Resolved local path: C:\\RecruitIQ\\backend\\src\\products\\schedulehub\\index.js","metadata":{"metadata":{"environment":"test","hostname":"localhost","instanceId":"unknown","service":"recruitiq-api","timestamp":"2025-11-19 09:37:24.521"},"timestamp":"2025-11-19 09:37:24.521"}}
{"level":"info","message":"Γ£à Successfully loaded product: schedulehub","metadata":{"metadata":{"environment":"test","hostname":"localhost","instanceId":"unknown","service":"recruitiq-api","timestamp":"2025-11-19 09:37:24.584"},"timestamp":"2025-11-19 09:37:24.584"}}
{"level":"info","message":"Γ£à Product Loader initialized. Loaded 3 products.","metadata":{"metadata":{"environment":"test","hostname":"localhost","instanceId":"unknown","service":"recruitiq-api","timestamp":"2025-11-19 09:37:24.584"},"timestamp":"2025-11-19 09:37:24.584"}}
{"level":"info","message":"Γ£ô Loaded 3 products\n","metadata":{"metadata":{"environment":"test","hostname":"localhost","instanceId":"unknown","service":"recruitiq-api","timestamp":"2025-11-19 09:37:24.585"},"timestamp":"2025-11-19 09:37:24.585"}}
{"level":"info","message":"Step 2/3: Registering routes...","metadata":{"metadata":{"environment":"test","hostname":"localhost","instanceId":"unknown","service":"recruitiq-api","timestamp":"2025-11-19 09:37:24.585"},"timestamp":"2025-11-19 09:37:24.585"}}
{"level":"info","message":"≡ƒ¢ú∩╕Å  Initializing Route Registry...","metadata":{"metadata":{"environment":"test","hostname":"localhost","instanceId":"unknown","service":"recruitiq-api","timestamp":"2025-11-19 09:37:24.585"},"timestamp":"2025-11-19 09:37:24.585"}}
{"level":"info","message":"  ≡ƒôì Registering routes for: nexus","metadata":{"metadata":{"environment":"test","hostname":"localhost","instanceId":"unknown","service":"recruitiq-api","timestamp":"2025-11-19 09:37:24.586"},"timestamp":"2025-11-19 09:37:24.586"}}
{"level":"info","message":"     Base path: /nexus","metadata":{"metadata":{"environment":"test","hostname":"localhost","instanceId":"unknown","service":"recruitiq-api","timestamp":"2025-11-19 09:37:24.586"},"timestamp":"2025-11-19 09:37:24.586"}}
{"level":"info","message":"     Applying 1 middleware(s)","metadata":{"metadata":{"environment":"test","hostname":"localhost","instanceId":"unknown","service":"recruitiq-api","timestamp":"2025-11-19 09:37:24.586"},"timestamp":"2025-11-19 09:37:24.586"}}
{"level":"info","message":"  Γ£à Registered routes for nexus at /nexus","metadata":{"metadata":{"environment":"test","hostname":"localhost","instanceId":"unknown","service":"recruitiq-api","timestamp":"2025-11-19 09:37:24.587"},"timestamp":"2025-11-19 09:37:24.587"}}
{"level":"info","message":"  ≡ƒôì Registering routes for: paylinq","metadata":{"metadata":{"environment":"test","hostname":"localhost","instanceId":"unknown","service":"recruitiq-api","timestamp":"2025-11-19 09:37:24.587"},"timestamp":"2025-11-19 09:37:24.587"}}
{"level":"info","message":"     Base path: /paylinq","metadata":{"metadata":{"environment":"test","hostname":"localhost","instanceId":"unknown","service":"recruitiq-api","timestamp":"2025-11-19 09:37:24.587"},"timestamp":"2025-11-19 09:37:24.587"}}
{"level":"info","message":"     Applying 1 middleware(s)","metadata":{"metadata":{"environment":"test","hostname":"localhost","instanceId":"unknown","service":"recruitiq-api","timestamp":"2025-11-19 09:37:24.588"},"timestamp":"2025-11-19 09:37:24.588"}}
{"level":"info","message":"  Γ£à Registered routes for paylinq at /paylinq","metadata":{"metadata":{"environment":"test","hostname":"localhost","instanceId":"unknown","service":"recruitiq-api","timestamp":"2025-11-19 09:37:24.588"},"timestamp":"2025-11-19 09:37:24.588"}}
{"level":"info","message":"  ≡ƒôì Registering routes for: schedulehub","metadata":{"metadata":{"environment":"test","hostname":"localhost","instanceId":"unknown","service":"recruitiq-api","timestamp":"2025-11-19 09:37:24.588"},"timestamp":"2025-11-19 09:37:24.588"}}
{"level":"info","message":"     Base path: /schedulehub","metadata":{"metadata":{"environment":"test","hostname":"localhost","instanceId":"unknown","service":"recruitiq-api","timestamp":"2025-11-19 09:37:24.588"},"timestamp":"2025-11-19 09:37:24.588"}}
{"level":"info","message":"     Applying 1 middleware(s)","metadata":{"metadata":{"environment":"test","hostname":"localhost","instanceId":"unknown","service":"recruitiq-api","timestamp":"2025-11-19 09:37:24.588"},"timestamp":"2025-11-19 09:37:24.588"}}
{"level":"info","message":"  Γ£à Registered routes for schedulehub at /schedulehub","metadata":{"metadata":{"environment":"test","hostname":"localhost","instanceId":"unknown","service":"recruitiq-api","timestamp":"2025-11-19 09:37:24.589"},"timestamp":"2025-11-19 09:37:24.589"}}
{"level":"info","message":"Γ£à Route Registry initialized. Registered 3 product routes.","metadata":{"metadata":{"environment":"test","hostname":"localhost","instanceId":"unknown","service":"recruitiq-api","timestamp":"2025-11-19 09:37:24.589"},"timestamp":"2025-11-19 09:37:24.589"}}
{"level":"info","message":"Γ£ô Registered routes for 3 products\n","metadata":{"metadata":{"environment":"test","hostname":"localhost","instanceId":"unknown","service":"recruitiq-api","timestamp":"2025-11-19 09:37:24.589"},"timestamp":"2025-11-19 09:37:24.589"}}
{"level":"info","message":"Step 3/3: Validating configuration...","metadata":{"metadata":{"environment":"test","hostname":"localhost","instanceId":"unknown","service":"recruitiq-api","timestamp":"2025-11-19 09:37:24.589"},"timestamp":"2025-11-19 09:37:24.589"}}
{"level":"info","message":"Γ£ô All routes validated successfully\n","metadata":{"metadata":{"environment":"test","hostname":"localhost","instanceId":"unknown","service":"recruitiq-api","timestamp":"2025-11-19 09:37:24.590"},"timestamp":"2025-11-19 09:37:24.590"}}
{"level":"info","message":"≡ƒôè PRODUCT MANAGER SUMMARY","metadata":{"metadata":{"environment":"test","hostname":"localhost","instanceId":"unknown","service":"recruitiq-api","timestamp":"2025-11-19 09:37:24.590"},"timestamp":"2025-11-19 09:37:24.590"}}
{"level":"info","message":"ΓöÇΓöÇΓöÇΓöÇΓöÇΓöÇΓöÇΓöÇΓöÇΓöÇΓöÇΓöÇΓöÇΓöÇΓöÇΓöÇΓöÇΓöÇΓöÇΓöÇΓöÇΓöÇΓöÇΓöÇΓöÇΓöÇΓöÇΓöÇΓöÇΓöÇΓöÇΓöÇΓöÇΓöÇΓöÇΓöÇΓöÇΓöÇΓöÇΓöÇΓöÇΓöÇΓöÇΓöÇΓöÇΓöÇΓöÇΓöÇΓöÇΓöÇΓöÇΓöÇΓöÇΓöÇΓöÇΓöÇΓöÇΓöÇΓöÇΓöÇ","metadata":{"metadata":{"environment":"test","hostname":"localhost","instanceId":"unknown","service":"recruitiq-api","timestamp":"2025-11-19 09:37:24.590"},"timestamp":"2025-11-19 09:37:24.590"}}
{"level":"info","message":"Products:","metadata":{"metadata":{"environment":"test","hostname":"localhost","instanceId":"unknown","service":"recruitiq-api","timestamp":"2025-11-19 09:37:24.590"},"timestamp":"2025-11-19 09:37:24.590"}}
{"level":"info","message":"  ΓÇó Total loaded: 3","metadata":{"metadata":{"environment":"test","hostname":"localhost","instanceId":"unknown","service":"recruitiq-api","timestamp":"2025-11-19 09:37:24.591"},"timestamp":"2025-11-19 09:37:24.591"}}
{"level":"info","message":"  ΓÇó With routes: 3","metadata":{"metadata":{"environment":"test","hostname":"localhost","instanceId":"unknown","service":"recruitiq-api","timestamp":"2025-11-19 09:37:24.591"},"timestamp":"2025-11-19 09:37:24.591"}}
{"level":"info","message":"  ΓÇó With middleware: 3","metadata":{"metadata":{"environment":"test","hostname":"localhost","instanceId":"unknown","service":"recruitiq-api","timestamp":"2025-11-19 09:37:24.591"},"timestamp":"2025-11-19 09:37:24.591"}}
{"level":"info","message":"\nRoutes:","metadata":{"metadata":{"environment":"test","hostname":"localhost","instanceId":"unknown","service":"recruitiq-api","timestamp":"2025-11-19 09:37:24.591"},"timestamp":"2025-11-19 09:37:24.592"}}
{"level":"info","message":"  ΓÇó Total registered: 3","metadata":{"metadata":{"environment":"test","hostname":"localhost","instanceId":"unknown","service":"recruitiq-api","timestamp":"2025-11-19 09:37:24.592"},"timestamp":"2025-11-19 09:37:24.592"}}
{"level":"info","message":"\nRegistered Endpoints:","metadata":{"metadata":{"environment":"test","hostname":"localhost","instanceId":"unknown","service":"recruitiq-api","timestamp":"2025-11-19 09:37:24.592"},"timestamp":"2025-11-19 09:37:24.592"}}
{"level":"info","message":"  ΓÇó /nexus ΓåÆ nexus (active) [1 middleware]","metadata":{"metadata":{"environment":"test","hostname":"localhost","instanceId":"unknown","service":"recruitiq-api","timestamp":"2025-11-19 09:37:24.592"},"timestamp":"2025-11-19 09:37:24.592"}}
{"level":"info","message":"  ΓÇó /paylinq ΓåÆ paylinq (active) [1 middleware]","metadata":{"metadata":{"environment":"test","hostname":"localhost","instanceId":"unknown","service":"recruitiq-api","timestamp":"2025-11-19 09:37:24.593"},"timestamp":"2025-11-19 09:37:24.593"}}
{"level":"info","message":"  ΓÇó /schedulehub ΓåÆ schedulehub (active) [1 middleware]","metadata":{"metadata":{"environment":"test","hostname":"localhost","instanceId":"unknown","service":"recruitiq-api","timestamp":"2025-11-19 09:37:24.593"},"timestamp":"2025-11-19 09:37:24.593"}}
{"level":"info","message":"","metadata":{"metadata":{"environment":"test","hostname":"localhost","instanceId":"unknown","service":"recruitiq-api","timestamp":"2025-11-19 09:37:24.593"},"timestamp":"2025-11-19 09:37:24.593"}}
{"level":"info","message":"ΓòÉΓòÉΓòÉΓòÉΓòÉΓòÉΓòÉΓòÉΓòÉΓòÉΓòÉΓòÉΓòÉΓòÉΓòÉΓòÉΓòÉΓòÉΓòÉΓòÉΓòÉΓòÉΓòÉΓòÉΓòÉΓòÉΓòÉΓòÉΓòÉΓòÉΓòÉΓòÉΓòÉΓòÉΓòÉΓòÉΓòÉΓòÉΓòÉΓòÉΓòÉΓòÉΓòÉΓòÉΓòÉΓòÉΓòÉΓòÉΓòÉΓòÉΓòÉΓòÉΓòÉΓòÉΓòÉΓòÉΓòÉΓòÉΓòÉΓòÉ","metadata":{"metadata":{"environment":"test","hostname":"localhost","instanceId":"unknown","service":"recruitiq-api","timestamp":"2025-11-19 09:37:24.593"},"timestamp":"2025-11-19 09:37:24.593"}}
{"level":"info","message":"Γ£à Product Manager initialized successfully\n","metadata":{"metadata":{"environment":"test","hostname":"localhost","instanceId":"unknown","service":"recruitiq-api","timestamp":"2025-11-19 09:37:24.594"},"timestamp":"2025-11-19 09:37:24.594"}}
{"level":"info","message":"Γ£à Dynamic Product System ready","metadata":{"metadata":{"environment":"test","hostname":"localhost","instanceId":"unknown","service":"recruitiq-api","timestamp":"2025-11-19 09:37:24.594"},"timestamp":"2025-11-19 09:37:24.594"}}
{"level":"info","message":"≡ƒôì Dynamic product routes available at /api/products","metadata":{"metadata":{"environment":"test","hostname":"localhost","instanceId":"unknown","service":"recruitiq-api","timestamp":"2025-11-19 09:37:24.594"},"timestamp":"2025-11-19 09:37:24.594"}}
{"level":"info","message":"≡ƒº¬ Test mode: Product initialization complete","metadata":{"metadata":{"environment":"test","hostname":"localhost","instanceId":"unknown","service":"recruitiq-api","timestamp":"2025-11-19 09:37:24.594"},"timestamp":"2025-11-19 09:37:24.594"}}
{"level":"info","message":"Incoming request","metadata":{"metadata":{"environment":"test","hostname":"localhost","instanceId":"unknown","ip":"::ffff:127.0.0.1","method":"GET","path":"/api/csrf-token","query":{},"requestId":"1763555844720-tzc1c82ml","service":"recruitiq-api","timestamp":"2025-11-19 09:37:24.720"},"timestamp":"2025-11-19 09:37:24.721"}}
{"level":"info","message":"Request completed","metadata":{"metadata":{"duration":"7ms","environment":"test","hostname":"localhost","instanceId":"unknown","method":"GET","path":"/csrf-token","requestId":"1763555844720-tzc1c82ml","responseSize":"0KB","service":"recruitiq-api","status":200,"timestamp":"2025-11-19 09:37:24.727"},"timestamp":"2025-11-19 09:37:24.727"}}
{"level":"info","message":"Incoming request","metadata":{"metadata":{"environment":"test","hostname":"localhost","instanceId":"unknown","ip":"::ffff:127.0.0.1","method":"POST","path":"/api/auth/tenant/login","query":{},"requestId":"1763555844767-u2a6d6ktw","service":"recruitiq-api","timestamp":"2025-11-19 09:37:24.768"},"timestamp":"2025-11-19 09:37:24.768"}}
{"level":"info","message":"≡ƒöì DEBUG Setting cookies with config:","metadata":{"metadata":{"accessConfig":{"httpOnly":true,"maxAge":900000,"path":"/","sameSite":"lax","secure":false},"email":"admin-1763555844601@workertype.com","environment":"test","hostname":"localhost","instanceId":"unknown","refreshConfig":{"httpOnly":true,"maxAge":604800000,"path":"/","rememberMe":false,"sameSite":"lax","secure":false},"service":"recruitiq-api","timestamp":"2025-11-19 09:37:24.890"},"timestamp":"2025-11-19 09:37:24.890"}}
{"level":"info","message":"Request completed","metadata":{"metadata":{"duration":"126ms","environment":"test","hostname":"localhost","instanceId":"unknown","method":"POST","path":"/tenant/login","requestId":"1763555844767-u2a6d6ktw","responseSize":"0KB","service":"recruitiq-api","status":200,"timestamp":"2025-11-19 09:37:24.893"},"timestamp":"2025-11-19 09:37:24.893"}}
{"level":"info","message":"Incoming request","metadata":{"metadata":{"environment":"test","hostname":"localhost","instanceId":"unknown","ip":"::ffff:127.0.0.1","method":"GET","path":"/api/csrf-token","query":{},"requestId":"1763555844905-vyjqhqrzk","service":"recruitiq-api","timestamp":"2025-11-19 09:37:24.906"},"timestamp":"2025-11-19 09:37:24.906"}}
{"level":"info","message":"Request completed","metadata":{"metadata":{"duration":"1ms","environment":"test","hostname":"localhost","instanceId":"unknown","method":"GET","path":"/csrf-token","requestId":"1763555844905-vyjqhqrzk","responseSize":"0KB","service":"recruitiq-api","status":200,"timestamp":"2025-11-19 09:37:24.907"},"timestamp":"2025-11-19 09:37:24.907"}}
{"level":"info","message":"Incoming request","metadata":{"metadata":{"environment":"test","hostname":"localhost","instanceId":"unknown","ip":"::ffff:127.0.0.1","method":"POST","path":"/api/auth/tenant/login","query":{},"requestId":"1763555844914-4ghxfqw0a","service":"recruitiq-api","timestamp":"2025-11-19 09:37:24.914"},"timestamp":"2025-11-19 09:37:24.915"}}
{"level":"info","message":"≡ƒöì DEBUG Setting cookies with config:","metadata":{"metadata":{"accessConfig":{"httpOnly":true,"maxAge":900000,"path":"/","sameSite":"lax","secure":false},"email":"admin2-1763555844601@workertype.com","environment":"test","hostname":"localhost","instanceId":"unknown","refreshConfig":{"httpOnly":true,"maxAge":604800000,"path":"/","rememberMe":false,"sameSite":"lax","secure":false},"service":"recruitiq-api","timestamp":"2025-11-19 09:37:24.994"},"timestamp":"2025-11-19 09:37:24.994"}}
{"level":"info","message":"Request completed","metadata":{"metadata":{"duration":"81ms","environment":"test","hostname":"localhost","instanceId":"unknown","method":"POST","path":"/tenant/login","requestId":"1763555844914-4ghxfqw0a","responseSize":"0KB","service":"recruitiq-api","status":200,"timestamp":"2025-11-19 09:37:24.995"},"timestamp":"2025-11-19 09:37:24.995"}}
{"level":"info","message":"Incoming request","metadata":{"metadata":{"environment":"test","hostname":"localhost","instanceId":"unknown","ip":"::ffff:127.0.0.1","method":"POST","path":"/api/products/paylinq/worker-types","query":{},"requestId":"1763555845009-nis28u6me","service":"recruitiq-api","timestamp":"2025-11-19 09:37:25.010"},"timestamp":"2025-11-19 09:37:25.010"}}
  console.log
    Signed cookies: [Object: null prototype] { _csrf: 'xbJwq4rPzX6IhRK-Q28pueoU' }

      at log (src/products/paylinq/routes/routes.js:48:11)

  console.log
    Raw cookie header: _csrf=s%3AxbJwq4rPzX6IhRK-Q28pueoU.W2YtHy5GnZG2E6kMs897AXj42mryA4QuJJ0BFoa8Aig; tenant_access_token=eyJhbGciOiJIUzI1NiIsInR5cCI6IkpXVCJ9.eyJpZCI6IjkwOTdlNDgyLTMxZmItNGE0ZS1hMGY5LTE0N2NjMzZlNDE2NCIsImVtYWlsIjoiYWRtaW4tMTc2MzU1NTg0NDYwMUB3b3JrZXJ0eXBlLmNvbSIsIm9yZ2FuaXphdGlvbklkIjoiODNiYTE0YmQtMzhhOC00MWUyLTgzMzUtZDkzYTFjMWY4Yzc5IiwiZW1wbG95ZWVJZCI6bnVsbCwidHlwZSI6InRlbmFudCIsImVuYWJsZWRQcm9kdWN0cyI6WyJwYXlsaW5xIl0sInByb2R1Y3RSb2xlcyI6e30sIm9yZ2FuaXphdGlvblRpZXIiOiJwcm9mZXNzaW9uYWwiLCJpYXQiOjE3NjM1NTU4NDQsImV4cCI6MTc2MzU1Njc0NH0.qzakLMPNc7o8BjFsoy3IADMIO9nzQiEow7tBlvhnwBk; tenant_refresh_token=eyJhbGciOiJIUzI1NiIsInR5cCI6IkpXVCJ9.eyJpZCI6IjkwOTdlNDgyLTMxZmItNGE0ZS1hMGY5LTE0N2NjMzZlNDE2NCIsIm9yZ2FuaXphdGlvbklkIjoiODNiYTE0YmQtMzhhOC00MWUyLTgzMzUtZDkzYTFjMWY4Yzc5IiwidG9rZW5JZCI6ImRjYTA4YjY0LTkxNzEtNDZiYy05MDZlLTRiYjI1MTA4ZDkzOSIsInR5cGUiOiJ0ZW5hbnQiLCJpYXQiOjE3NjM1NTU4NDQsImV4cCI6MTc2NDE2MDY0NH0.W8yA8OR4T2qz6gE2QDhMTxMEejPOC8M9CefhUkl133Y

      at log (src/products/paylinq/routes/routes.js:49:11)

  console.log
    =========================

      at log (src/products/paylinq/routes/routes.js:50:11)

{"level":"warn","message":"Validation failed","metadata":{"metadata":{"environment":"test","errors":[{"field":"payType","message":"\"payType\" is required","type":"any.required"}],"hostname":"localhost","instanceId":"unknown","ip":"::ffff:127.0.0.1","method":"POST","path":"/","service":"recruitiq-api","source":"body","timestamp":"2025-11-19 09:37:25.052"},"timestamp":"2025-11-19 09:37:25.052"}}
{"level":"warn","message":"Request error","metadata":{"metadata":{"duration":"44ms","environment":"test","hostname":"localhost","instanceId":"unknown","method":"POST","path":"/","requestId":"1763555845009-nis28u6me","responseSize":"0KB","service":"recruitiq-api","status":400,"timestamp":"2025-11-19 09:37:25.054","userId":"9097e482-31fb-4a4e-a0f9-147cc36e4164"},"timestamp":"2025-11-19 09:37:25.054"}}
{"level":"info","message":"Incoming request","metadata":{"metadata":{"environment":"test","hostname":"localhost","instanceId":"unknown","ip":"::ffff:127.0.0.1","method":"POST","path":"/api/products/paylinq/worker-types","query":{},"requestId":"1763555845072-rbi9x3qqs","service":"recruitiq-api","timestamp":"2025-11-19 09:37:25.072"},"timestamp":"2025-11-19 09:37:25.072"}}
  console.log
    Signed cookies: [Object: null prototype] { _csrf: 'xbJwq4rPzX6IhRK-Q28pueoU' }

      at log (src/products/paylinq/routes/routes.js:48:11)

  console.log
    Raw cookie header: _csrf=s%3AxbJwq4rPzX6IhRK-Q28pueoU.W2YtHy5GnZG2E6kMs897AXj42mryA4QuJJ0BFoa8Aig; tenant_access_token=eyJhbGciOiJIUzI1NiIsInR5cCI6IkpXVCJ9.eyJpZCI6IjkwOTdlNDgyLTMxZmItNGE0ZS1hMGY5LTE0N2NjMzZlNDE2NCIsImVtYWlsIjoiYWRtaW4tMTc2MzU1NTg0NDYwMUB3b3JrZXJ0eXBlLmNvbSIsIm9yZ2FuaXphdGlvbklkIjoiODNiYTE0YmQtMzhhOC00MWUyLTgzMzUtZDkzYTFjMWY4Yzc5IiwiZW1wbG95ZWVJZCI6bnVsbCwidHlwZSI6InRlbmFudCIsImVuYWJsZWRQcm9kdWN0cyI6WyJwYXlsaW5xIl0sInByb2R1Y3RSb2xlcyI6e30sIm9yZ2FuaXphdGlvblRpZXIiOiJwcm9mZXNzaW9uYWwiLCJpYXQiOjE3NjM1NTU4NDQsImV4cCI6MTc2MzU1Njc0NH0.qzakLMPNc7o8BjFsoy3IADMIO9nzQiEow7tBlvhnwBk; tenant_refresh_token=eyJhbGciOiJIUzI1NiIsInR5cCI6IkpXVCJ9.eyJpZCI6IjkwOTdlNDgyLTMxZmItNGE0ZS1hMGY5LTE0N2NjMzZlNDE2NCIsIm9yZ2FuaXphdGlvbklkIjoiODNiYTE0YmQtMzhhOC00MWUyLTgzMzUtZDkzYTFjMWY4Yzc5IiwidG9rZW5JZCI6ImRjYTA4YjY0LTkxNzEtNDZiYy05MDZlLTRiYjI1MTA4ZDkzOSIsInR5cGUiOiJ0ZW5hbnQiLCJpYXQiOjE3NjM1NTU4NDQsImV4cCI6MTc2NDE2MDY0NH0.W8yA8OR4T2qz6gE2QDhMTxMEejPOC8M9CefhUkl133Y

      at log (src/products/paylinq/routes/routes.js:49:11)

  console.log
    =========================

      at log (src/products/paylinq/routes/routes.js:50:11)

{"level":"warn","message":"Validation failed","metadata":{"metadata":{"environment":"test","errors":[{"field":"payType","message":"\"payType\" is required","type":"any.required"}],"hostname":"localhost","instanceId":"unknown","ip":"::ffff:127.0.0.1","method":"POST","path":"/","service":"recruitiq-api","source":"body","timestamp":"2025-11-19 09:37:25.087"},"timestamp":"2025-11-19 09:37:25.087"}}
{"level":"warn","message":"Request error","metadata":{"metadata":{"duration":"17ms","environment":"test","hostname":"localhost","instanceId":"unknown","method":"POST","path":"/","requestId":"1763555845072-rbi9x3qqs","responseSize":"0KB","service":"recruitiq-api","status":400,"timestamp":"2025-11-19 09:37:25.089","userId":"9097e482-31fb-4a4e-a0f9-147cc36e4164"},"timestamp":"2025-11-19 09:37:25.089"}}
{"level":"info","message":"Incoming request","metadata":{"metadata":{"environment":"test","hostname":"localhost","instanceId":"unknown","ip":"::ffff:127.0.0.1","method":"POST","path":"/api/products/paylinq/worker-types","query":{},"requestId":"1763555845099-m69j9umtr","service":"recruitiq-api","timestamp":"2025-11-19 09:37:25.099"},"timestamp":"2025-11-19 09:37:25.099"}}
  console.log
    Signed cookies: [Object: null prototype] { _csrf: 'xbJwq4rPzX6IhRK-Q28pueoU' }

      at log (src/products/paylinq/routes/routes.js:48:11)

  console.log
    Raw cookie header: _csrf=s%3AxbJwq4rPzX6IhRK-Q28pueoU.W2YtHy5GnZG2E6kMs897AXj42mryA4QuJJ0BFoa8Aig; tenant_access_token=eyJhbGciOiJIUzI1NiIsInR5cCI6IkpXVCJ9.eyJpZCI6IjkwOTdlNDgyLTMxZmItNGE0ZS1hMGY5LTE0N2NjMzZlNDE2NCIsImVtYWlsIjoiYWRtaW4tMTc2MzU1NTg0NDYwMUB3b3JrZXJ0eXBlLmNvbSIsIm9yZ2FuaXphdGlvbklkIjoiODNiYTE0YmQtMzhhOC00MWUyLTgzMzUtZDkzYTFjMWY4Yzc5IiwiZW1wbG95ZWVJZCI6bnVsbCwidHlwZSI6InRlbmFudCIsImVuYWJsZWRQcm9kdWN0cyI6WyJwYXlsaW5xIl0sInByb2R1Y3RSb2xlcyI6e30sIm9yZ2FuaXphdGlvblRpZXIiOiJwcm9mZXNzaW9uYWwiLCJpYXQiOjE3NjM1NTU4NDQsImV4cCI6MTc2MzU1Njc0NH0.qzakLMPNc7o8BjFsoy3IADMIO9nzQiEow7tBlvhnwBk; tenant_refresh_token=eyJhbGciOiJIUzI1NiIsInR5cCI6IkpXVCJ9.eyJpZCI6IjkwOTdlNDgyLTMxZmItNGE0ZS1hMGY5LTE0N2NjMzZlNDE2NCIsIm9yZ2FuaXphdGlvbklkIjoiODNiYTE0YmQtMzhhOC00MWUyLTgzMzUtZDkzYTFjMWY4Yzc5IiwidG9rZW5JZCI6ImRjYTA4YjY0LTkxNzEtNDZiYy05MDZlLTRiYjI1MTA4ZDkzOSIsInR5cGUiOiJ0ZW5hbnQiLCJpYXQiOjE3NjM1NTU4NDQsImV4cCI6MTc2NDE2MDY0NH0.W8yA8OR4T2qz6gE2QDhMTxMEejPOC8M9CefhUkl133Y

      at log (src/products/paylinq/routes/routes.js:49:11)

  console.log
    =========================

      at log (src/products/paylinq/routes/routes.js:50:11)

{"level":"warn","message":"Validation failed","metadata":{"metadata":{"environment":"test","errors":[{"field":"payType","message":"\"payType\" is required","type":"any.required"}],"hostname":"localhost","instanceId":"unknown","ip":"::ffff:127.0.0.1","method":"POST","path":"/","service":"recruitiq-api","source":"body","timestamp":"2025-11-19 09:37:25.113"},"timestamp":"2025-11-19 09:37:25.113"}}
{"level":"warn","message":"Request error","metadata":{"metadata":{"duration":"16ms","environment":"test","hostname":"localhost","instanceId":"unknown","method":"POST","path":"/","requestId":"1763555845099-m69j9umtr","responseSize":"0KB","service":"recruitiq-api","status":400,"timestamp":"2025-11-19 09:37:25.115","userId":"9097e482-31fb-4a4e-a0f9-147cc36e4164"},"timestamp":"2025-11-19 09:37:25.115"}}
{"level":"info","message":"Incoming request","metadata":{"metadata":{"environment":"test","hostname":"localhost","instanceId":"unknown","ip":"::ffff:127.0.0.1","method":"POST","path":"/api/products/paylinq/worker-types","query":{},"requestId":"1763555845123-bltjottmb","service":"recruitiq-api","timestamp":"2025-11-19 09:37:25.123"},"timestamp":"2025-11-19 09:37:25.123"}}
{"level":"warn","message":"CSRF validation failed","metadata":{"metadata":{"environment":"test","error":"EBADCSRFTOKEN","hasToken":false,"hostname":"localhost","instanceId":"unknown","ip":"::ffff:127.0.0.1","method":"POST","path":"/products/paylinq/worker-types","service":"recruitiq-api","timestamp":"2025-11-19 09:37:25.124"},"timestamp":"2025-11-19 09:37:25.124"}}
{"level":"warn","message":"Request error","metadata":{"metadata":{"duration":"2ms","environment":"test","hostname":"localhost","instanceId":"unknown","method":"POST","path":"/products/paylinq/worker-types","requestId":"1763555845123-bltjottmb","responseSize":"0KB","service":"recruitiq-api","status":403,"timestamp":"2025-11-19 09:37:25.125"},"timestamp":"2025-11-19 09:37:25.126"}}
{"level":"info","message":"Incoming request","metadata":{"metadata":{"environment":"test","hostname":"localhost","instanceId":"unknown","ip":"::ffff:127.0.0.1","method":"POST","path":"/api/products/paylinq/worker-types","query":{},"requestId":"1763555845134-0fqff4wgm","service":"recruitiq-api","timestamp":"2025-11-19 09:37:25.134"},"timestamp":"2025-11-19 09:37:25.134"}}
  console.log
    Signed cookies: [Object: null prototype] { _csrf: 'xbJwq4rPzX6IhRK-Q28pueoU' }

      at log (src/products/paylinq/routes/routes.js:48:11)

  console.log
    Raw cookie header: _csrf=s%3AxbJwq4rPzX6IhRK-Q28pueoU.W2YtHy5GnZG2E6kMs897AXj42mryA4QuJJ0BFoa8Aig; tenant_access_token=eyJhbGciOiJIUzI1NiIsInR5cCI6IkpXVCJ9.eyJpZCI6IjkwOTdlNDgyLTMxZmItNGE0ZS1hMGY5LTE0N2NjMzZlNDE2NCIsImVtYWlsIjoiYWRtaW4tMTc2MzU1NTg0NDYwMUB3b3JrZXJ0eXBlLmNvbSIsIm9yZ2FuaXphdGlvbklkIjoiODNiYTE0YmQtMzhhOC00MWUyLTgzMzUtZDkzYTFjMWY4Yzc5IiwiZW1wbG95ZWVJZCI6bnVsbCwidHlwZSI6InRlbmFudCIsImVuYWJsZWRQcm9kdWN0cyI6WyJwYXlsaW5xIl0sInByb2R1Y3RSb2xlcyI6e30sIm9yZ2FuaXphdGlvblRpZXIiOiJwcm9mZXNzaW9uYWwiLCJpYXQiOjE3NjM1NTU4NDQsImV4cCI6MTc2MzU1Njc0NH0.qzakLMPNc7o8BjFsoy3IADMIO9nzQiEow7tBlvhnwBk; tenant_refresh_token=eyJhbGciOiJIUzI1NiIsInR5cCI6IkpXVCJ9.eyJpZCI6IjkwOTdlNDgyLTMxZmItNGE0ZS1hMGY5LTE0N2NjMzZlNDE2NCIsIm9yZ2FuaXphdGlvbklkIjoiODNiYTE0YmQtMzhhOC00MWUyLTgzMzUtZDkzYTFjMWY4Yzc5IiwidG9rZW5JZCI6ImRjYTA4YjY0LTkxNzEtNDZiYy05MDZlLTRiYjI1MTA4ZDkzOSIsInR5cGUiOiJ0ZW5hbnQiLCJpYXQiOjE3NjM1NTU4NDQsImV4cCI6MTc2NDE2MDY0NH0.W8yA8OR4T2qz6gE2QDhMTxMEejPOC8M9CefhUkl133Y

      at log (src/products/paylinq/routes/routes.js:49:11)

  console.log
    =========================

      at log (src/products/paylinq/routes/routes.js:50:11)

{"level":"warn","message":"Validation failed","metadata":{"metadata":{"environment":"test","errors":[{"field":"payType","message":"\"payType\" is required","type":"any.required"}],"hostname":"localhost","instanceId":"unknown","ip":"::ffff:127.0.0.1","method":"POST","path":"/","service":"recruitiq-api","source":"body","timestamp":"2025-11-19 09:37:25.155"},"timestamp":"2025-11-19 09:37:25.155"}}
{"level":"warn","message":"Request error","metadata":{"metadata":{"duration":"22ms","environment":"test","hostname":"localhost","instanceId":"unknown","method":"POST","path":"/","requestId":"1763555845134-0fqff4wgm","responseSize":"0KB","service":"recruitiq-api","status":400,"timestamp":"2025-11-19 09:37:25.156","userId":"9097e482-31fb-4a4e-a0f9-147cc36e4164"},"timestamp":"2025-11-19 09:37:25.156"}}
{"level":"info","message":"Incoming request","metadata":{"metadata":{"environment":"test","hostname":"localhost","instanceId":"unknown","ip":"::ffff:127.0.0.1","method":"POST","path":"/api/products/paylinq/worker-types","query":{},"requestId":"1763555845164-coaceygsv","service":"recruitiq-api","timestamp":"2025-11-19 09:37:25.164"},"timestamp":"2025-11-19 09:37:25.164"}}
  console.log
    Signed cookies: [Object: null prototype] { _csrf: 'xbJwq4rPzX6IhRK-Q28pueoU' }

      at log (src/products/paylinq/routes/routes.js:48:11)

  console.log
    Raw cookie header: _csrf=s%3AxbJwq4rPzX6IhRK-Q28pueoU.W2YtHy5GnZG2E6kMs897AXj42mryA4QuJJ0BFoa8Aig; tenant_access_token=eyJhbGciOiJIUzI1NiIsInR5cCI6IkpXVCJ9.eyJpZCI6IjkwOTdlNDgyLTMxZmItNGE0ZS1hMGY5LTE0N2NjMzZlNDE2NCIsImVtYWlsIjoiYWRtaW4tMTc2MzU1NTg0NDYwMUB3b3JrZXJ0eXBlLmNvbSIsIm9yZ2FuaXphdGlvbklkIjoiODNiYTE0YmQtMzhhOC00MWUyLTgzMzUtZDkzYTFjMWY4Yzc5IiwiZW1wbG95ZWVJZCI6bnVsbCwidHlwZSI6InRlbmFudCIsImVuYWJsZWRQcm9kdWN0cyI6WyJwYXlsaW5xIl0sInByb2R1Y3RSb2xlcyI6e30sIm9yZ2FuaXphdGlvblRpZXIiOiJwcm9mZXNzaW9uYWwiLCJpYXQiOjE3NjM1NTU4NDQsImV4cCI6MTc2MzU1Njc0NH0.qzakLMPNc7o8BjFsoy3IADMIO9nzQiEow7tBlvhnwBk; tenant_refresh_token=eyJhbGciOiJIUzI1NiIsInR5cCI6IkpXVCJ9.eyJpZCI6IjkwOTdlNDgyLTMxZmItNGE0ZS1hMGY5LTE0N2NjMzZlNDE2NCIsIm9yZ2FuaXphdGlvbklkIjoiODNiYTE0YmQtMzhhOC00MWUyLTgzMzUtZDkzYTFjMWY4Yzc5IiwidG9rZW5JZCI6ImRjYTA4YjY0LTkxNzEtNDZiYy05MDZlLTRiYjI1MTA4ZDkzOSIsInR5cGUiOiJ0ZW5hbnQiLCJpYXQiOjE3NjM1NTU4NDQsImV4cCI6MTc2NDE2MDY0NH0.W8yA8OR4T2qz6gE2QDhMTxMEejPOC8M9CefhUkl133Y

      at log (src/products/paylinq/routes/routes.js:49:11)

  console.log
    =========================

      at log (src/products/paylinq/routes/routes.js:50:11)

{"level":"warn","message":"Validation failed","metadata":{"metadata":{"environment":"test","errors":[{"field":"payType","message":"\"payType\" is required","type":"any.required"}],"hostname":"localhost","instanceId":"unknown","ip":"::ffff:127.0.0.1","method":"POST","path":"/","service":"recruitiq-api","source":"body","timestamp":"2025-11-19 09:37:25.178"},"timestamp":"2025-11-19 09:37:25.178"}}
{"level":"warn","message":"Request error","metadata":{"metadata":{"duration":"15ms","environment":"test","hostname":"localhost","instanceId":"unknown","method":"POST","path":"/","requestId":"1763555845164-coaceygsv","responseSize":"0KB","service":"recruitiq-api","status":400,"timestamp":"2025-11-19 09:37:25.179","userId":"9097e482-31fb-4a4e-a0f9-147cc36e4164"},"timestamp":"2025-11-19 09:37:25.179"}}
{"level":"info","message":"Incoming request","metadata":{"metadata":{"environment":"test","hostname":"localhost","instanceId":"unknown","ip":"::ffff:127.0.0.1","method":"GET","path":"/api/products/paylinq/worker-types","query":{},"requestId":"1763555845186-10ch50mhg","service":"recruitiq-api","timestamp":"2025-11-19 09:37:25.186"},"timestamp":"2025-11-19 09:37:25.186"}}
  console.log
    Signed cookies: [Object: null prototype] { _csrf: 'xbJwq4rPzX6IhRK-Q28pueoU' }

      at log (src/products/paylinq/routes/routes.js:48:11)

  console.log
    Raw cookie header: _csrf=s%3AxbJwq4rPzX6IhRK-Q28pueoU.W2YtHy5GnZG2E6kMs897AXj42mryA4QuJJ0BFoa8Aig; tenant_access_token=eyJhbGciOiJIUzI1NiIsInR5cCI6IkpXVCJ9.eyJpZCI6IjkwOTdlNDgyLTMxZmItNGE0ZS1hMGY5LTE0N2NjMzZlNDE2NCIsImVtYWlsIjoiYWRtaW4tMTc2MzU1NTg0NDYwMUB3b3JrZXJ0eXBlLmNvbSIsIm9yZ2FuaXphdGlvbklkIjoiODNiYTE0YmQtMzhhOC00MWUyLTgzMzUtZDkzYTFjMWY4Yzc5IiwiZW1wbG95ZWVJZCI6bnVsbCwidHlwZSI6InRlbmFudCIsImVuYWJsZWRQcm9kdWN0cyI6WyJwYXlsaW5xIl0sInByb2R1Y3RSb2xlcyI6e30sIm9yZ2FuaXphdGlvblRpZXIiOiJwcm9mZXNzaW9uYWwiLCJpYXQiOjE3NjM1NTU4NDQsImV4cCI6MTc2MzU1Njc0NH0.qzakLMPNc7o8BjFsoy3IADMIO9nzQiEow7tBlvhnwBk; tenant_refresh_token=eyJhbGciOiJIUzI1NiIsInR5cCI6IkpXVCJ9.eyJpZCI6IjkwOTdlNDgyLTMxZmItNGE0ZS1hMGY5LTE0N2NjMzZlNDE2NCIsIm9yZ2FuaXphdGlvbklkIjoiODNiYTE0YmQtMzhhOC00MWUyLTgzMzUtZDkzYTFjMWY4Yzc5IiwidG9rZW5JZCI6ImRjYTA4YjY0LTkxNzEtNDZiYy05MDZlLTRiYjI1MTA4ZDkzOSIsInR5cGUiOiJ0ZW5hbnQiLCJpYXQiOjE3NjM1NTU4NDQsImV4cCI6MTc2NDE2MDY0NH0.W8yA8OR4T2qz6gE2QDhMTxMEejPOC8M9CefhUkl133Y

      at log (src/products/paylinq/routes/routes.js:49:11)

  console.log
    =========================

      at log (src/products/paylinq/routes/routes.js:50:11)

{"level":"info","message":"Request completed","metadata":{"metadata":{"duration":"20ms","environment":"test","hostname":"localhost","instanceId":"unknown","method":"GET","path":"/","requestId":"1763555845186-10ch50mhg","responseSize":"0KB","service":"recruitiq-api","status":200,"timestamp":"2025-11-19 09:37:25.206","userId":"9097e482-31fb-4a4e-a0f9-147cc36e4164"},"timestamp":"2025-11-19 09:37:25.206"}}
{"level":"info","message":"Incoming request","metadata":{"metadata":{"environment":"test","hostname":"localhost","instanceId":"unknown","ip":"::ffff:127.0.0.1","method":"GET","path":"/api/products/paylinq/worker-types","query":{"benefitsEligible":"true"},"requestId":"1763555845213-t32m40atr","service":"recruitiq-api","timestamp":"2025-11-19 09:37:25.213"},"timestamp":"2025-11-19 09:37:25.213"}}
  console.log
    Signed cookies: [Object: null prototype] { _csrf: 'xbJwq4rPzX6IhRK-Q28pueoU' }

      at log (src/products/paylinq/routes/routes.js:48:11)

  console.log
    Raw cookie header: _csrf=s%3AxbJwq4rPzX6IhRK-Q28pueoU.W2YtHy5GnZG2E6kMs897AXj42mryA4QuJJ0BFoa8Aig; tenant_access_token=eyJhbGciOiJIUzI1NiIsInR5cCI6IkpXVCJ9.eyJpZCI6IjkwOTdlNDgyLTMxZmItNGE0ZS1hMGY5LTE0N2NjMzZlNDE2NCIsImVtYWlsIjoiYWRtaW4tMTc2MzU1NTg0NDYwMUB3b3JrZXJ0eXBlLmNvbSIsIm9yZ2FuaXphdGlvbklkIjoiODNiYTE0YmQtMzhhOC00MWUyLTgzMzUtZDkzYTFjMWY4Yzc5IiwiZW1wbG95ZWVJZCI6bnVsbCwidHlwZSI6InRlbmFudCIsImVuYWJsZWRQcm9kdWN0cyI6WyJwYXlsaW5xIl0sInByb2R1Y3RSb2xlcyI6e30sIm9yZ2FuaXphdGlvblRpZXIiOiJwcm9mZXNzaW9uYWwiLCJpYXQiOjE3NjM1NTU4NDQsImV4cCI6MTc2MzU1Njc0NH0.qzakLMPNc7o8BjFsoy3IADMIO9nzQiEow7tBlvhnwBk; tenant_refresh_token=eyJhbGciOiJIUzI1NiIsInR5cCI6IkpXVCJ9.eyJpZCI6IjkwOTdlNDgyLTMxZmItNGE0ZS1hMGY5LTE0N2NjMzZlNDE2NCIsIm9yZ2FuaXphdGlvbklkIjoiODNiYTE0YmQtMzhhOC00MWUyLTgzMzUtZDkzYTFjMWY4Yzc5IiwidG9rZW5JZCI6ImRjYTA4YjY0LTkxNzEtNDZiYy05MDZlLTRiYjI1MTA4ZDkzOSIsInR5cGUiOiJ0ZW5hbnQiLCJpYXQiOjE3NjM1NTU4NDQsImV4cCI6MTc2NDE2MDY0NH0.W8yA8OR4T2qz6gE2QDhMTxMEejPOC8M9CefhUkl133Y

      at log (src/products/paylinq/routes/routes.js:49:11)

  console.log
    =========================

      at log (src/products/paylinq/routes/routes.js:50:11)

{"level":"info","message":"Request completed","metadata":{"metadata":{"duration":"22ms","environment":"test","hostname":"localhost","instanceId":"unknown","method":"GET","path":"/","requestId":"1763555845213-t32m40atr","responseSize":"0KB","service":"recruitiq-api","status":200,"timestamp":"2025-11-19 09:37:25.235","userId":"9097e482-31fb-4a4e-a0f9-147cc36e4164"},"timestamp":"2025-11-19 09:37:25.235"}}
{"level":"info","message":"Incoming request","metadata":{"metadata":{"environment":"test","hostname":"localhost","instanceId":"unknown","ip":"::ffff:127.0.0.1","method":"GET","path":"/api/products/paylinq/worker-types","query":{},"requestId":"1763555845243-ut14oxwc1","service":"recruitiq-api","timestamp":"2025-11-19 09:37:25.243"},"timestamp":"2025-11-19 09:37:25.243"}}
  console.log
    Signed cookies: [Object: null prototype] { _csrf: 'xbJwq4rPzX6IhRK-Q28pueoU' }

      at log (src/products/paylinq/routes/routes.js:48:11)

  console.log
    Raw cookie header: _csrf=s%3AxbJwq4rPzX6IhRK-Q28pueoU.W2YtHy5GnZG2E6kMs897AXj42mryA4QuJJ0BFoa8Aig; tenant_access_token=eyJhbGciOiJIUzI1NiIsInR5cCI6IkpXVCJ9.eyJpZCI6IjkwOTdlNDgyLTMxZmItNGE0ZS1hMGY5LTE0N2NjMzZlNDE2NCIsImVtYWlsIjoiYWRtaW4tMTc2MzU1NTg0NDYwMUB3b3JrZXJ0eXBlLmNvbSIsIm9yZ2FuaXphdGlvbklkIjoiODNiYTE0YmQtMzhhOC00MWUyLTgzMzUtZDkzYTFjMWY4Yzc5IiwiZW1wbG95ZWVJZCI6bnVsbCwidHlwZSI6InRlbmFudCIsImVuYWJsZWRQcm9kdWN0cyI6WyJwYXlsaW5xIl0sInByb2R1Y3RSb2xlcyI6e30sIm9yZ2FuaXphdGlvblRpZXIiOiJwcm9mZXNzaW9uYWwiLCJpYXQiOjE3NjM1NTU4NDQsImV4cCI6MTc2MzU1Njc0NH0.qzakLMPNc7o8BjFsoy3IADMIO9nzQiEow7tBlvhnwBk; tenant_refresh_token=eyJhbGciOiJIUzI1NiIsInR5cCI6IkpXVCJ9.eyJpZCI6IjkwOTdlNDgyLTMxZmItNGE0ZS1hMGY5LTE0N2NjMzZlNDE2NCIsIm9yZ2FuaXphdGlvbklkIjoiODNiYTE0YmQtMzhhOC00MWUyLTgzMzUtZDkzYTFjMWY4Yzc5IiwidG9rZW5JZCI6ImRjYTA4YjY0LTkxNzEtNDZiYy05MDZlLTRiYjI1MTA4ZDkzOSIsInR5cGUiOiJ0ZW5hbnQiLCJpYXQiOjE3NjM1NTU4NDQsImV4cCI6MTc2NDE2MDY0NH0.W8yA8OR4T2qz6gE2QDhMTxMEejPOC8M9CefhUkl133Y

      at log (src/products/paylinq/routes/routes.js:49:11)

  console.log
    =========================

      at log (src/products/paylinq/routes/routes.js:50:11)

{"level":"info","message":"Request completed","metadata":{"metadata":{"duration":"17ms","environment":"test","hostname":"localhost","instanceId":"unknown","method":"GET","path":"/","requestId":"1763555845243-ut14oxwc1","responseSize":"0KB","service":"recruitiq-api","status":200,"timestamp":"2025-11-19 09:37:25.260","userId":"9097e482-31fb-4a4e-a0f9-147cc36e4164"},"timestamp":"2025-11-19 09:37:25.260"}}
{"level":"info","message":"Incoming request","metadata":{"metadata":{"environment":"test","hostname":"localhost","instanceId":"unknown","ip":"::ffff:127.0.0.1","method":"GET","path":"/api/products/paylinq/worker-types/undefined","query":{},"requestId":"1763555845273-9etl6q00k","service":"recruitiq-api","timestamp":"2025-11-19 09:37:25.273"},"timestamp":"2025-11-19 09:37:25.273"}}
  console.log
    Signed cookies: [Object: null prototype] { _csrf: 'xbJwq4rPzX6IhRK-Q28pueoU' }

      at log (src/products/paylinq/routes/routes.js:48:11)

  console.log
    Raw cookie header: _csrf=s%3AxbJwq4rPzX6IhRK-Q28pueoU.W2YtHy5GnZG2E6kMs897AXj42mryA4QuJJ0BFoa8Aig; tenant_access_token=eyJhbGciOiJIUzI1NiIsInR5cCI6IkpXVCJ9.eyJpZCI6IjkwOTdlNDgyLTMxZmItNGE0ZS1hMGY5LTE0N2NjMzZlNDE2NCIsImVtYWlsIjoiYWRtaW4tMTc2MzU1NTg0NDYwMUB3b3JrZXJ0eXBlLmNvbSIsIm9yZ2FuaXphdGlvbklkIjoiODNiYTE0YmQtMzhhOC00MWUyLTgzMzUtZDkzYTFjMWY4Yzc5IiwiZW1wbG95ZWVJZCI6bnVsbCwidHlwZSI6InRlbmFudCIsImVuYWJsZWRQcm9kdWN0cyI6WyJwYXlsaW5xIl0sInByb2R1Y3RSb2xlcyI6e30sIm9yZ2FuaXphdGlvblRpZXIiOiJwcm9mZXNzaW9uYWwiLCJpYXQiOjE3NjM1NTU4NDQsImV4cCI6MTc2MzU1Njc0NH0.qzakLMPNc7o8BjFsoy3IADMIO9nzQiEow7tBlvhnwBk; tenant_refresh_token=eyJhbGciOiJIUzI1NiIsInR5cCI6IkpXVCJ9.eyJpZCI6IjkwOTdlNDgyLTMxZmItNGE0ZS1hMGY5LTE0N2NjMzZlNDE2NCIsIm9yZ2FuaXphdGlvbklkIjoiODNiYTE0YmQtMzhhOC00MWUyLTgzMzUtZDkzYTFjMWY4Yzc5IiwidG9rZW5JZCI6ImRjYTA4YjY0LTkxNzEtNDZiYy05MDZlLTRiYjI1MTA4ZDkzOSIsInR5cGUiOiJ0ZW5hbnQiLCJpYXQiOjE3NjM1NTU4NDQsImV4cCI6MTc2NDE2MDY0NH0.W8yA8OR4T2qz6gE2QDhMTxMEejPOC8M9CefhUkl133Y

      at log (src/products/paylinq/routes/routes.js:49:11)

  console.log
    =========================

      at log (src/products/paylinq/routes/routes.js:50:11)

{"level":"warn","message":"Validation failed","metadata":{"metadata":{"environment":"test","errors":[{"field":"id","message":"\"id\" must be a valid GUID","type":"string.guid"}],"hostname":"localhost","instanceId":"unknown","ip":"::ffff:127.0.0.1","method":"GET","path":"/undefined","service":"recruitiq-api","source":"params","timestamp":"2025-11-19 09:37:25.295"},"timestamp":"2025-11-19 09:37:25.295"}}
{"level":"warn","message":"Request error","metadata":{"metadata":{"duration":"24ms","environment":"test","hostname":"localhost","instanceId":"unknown","method":"GET","path":"/undefined","requestId":"1763555845273-9etl6q00k","responseSize":"0KB","service":"recruitiq-api","status":400,"timestamp":"2025-11-19 09:37:25.297","userId":"9097e482-31fb-4a4e-a0f9-147cc36e4164"},"timestamp":"2025-11-19 09:37:25.297"}}
{"level":"info","message":"Incoming request","metadata":{"metadata":{"environment":"test","hostname":"localhost","instanceId":"unknown","ip":"::ffff:127.0.0.1","method":"GET","path":"/api/products/paylinq/worker-types/c0cf350b-4adb-46e2-adea-744b1a27fff7","query":{},"requestId":"1763555845308-71zq93lvc","service":"recruitiq-api","timestamp":"2025-11-19 09:37:25.308"},"timestamp":"2025-11-19 09:37:25.309"}}
  console.log
    Signed cookies: [Object: null prototype] { _csrf: 'xbJwq4rPzX6IhRK-Q28pueoU' }

      at log (src/products/paylinq/routes/routes.js:48:11)

  console.log
    Raw cookie header: _csrf=s%3AxbJwq4rPzX6IhRK-Q28pueoU.W2YtHy5GnZG2E6kMs897AXj42mryA4QuJJ0BFoa8Aig; tenant_access_token=eyJhbGciOiJIUzI1NiIsInR5cCI6IkpXVCJ9.eyJpZCI6IjkwOTdlNDgyLTMxZmItNGE0ZS1hMGY5LTE0N2NjMzZlNDE2NCIsImVtYWlsIjoiYWRtaW4tMTc2MzU1NTg0NDYwMUB3b3JrZXJ0eXBlLmNvbSIsIm9yZ2FuaXphdGlvbklkIjoiODNiYTE0YmQtMzhhOC00MWUyLTgzMzUtZDkzYTFjMWY4Yzc5IiwiZW1wbG95ZWVJZCI6bnVsbCwidHlwZSI6InRlbmFudCIsImVuYWJsZWRQcm9kdWN0cyI6WyJwYXlsaW5xIl0sInByb2R1Y3RSb2xlcyI6e30sIm9yZ2FuaXphdGlvblRpZXIiOiJwcm9mZXNzaW9uYWwiLCJpYXQiOjE3NjM1NTU4NDQsImV4cCI6MTc2MzU1Njc0NH0.qzakLMPNc7o8BjFsoy3IADMIO9nzQiEow7tBlvhnwBk; tenant_refresh_token=eyJhbGciOiJIUzI1NiIsInR5cCI6IkpXVCJ9.eyJpZCI6IjkwOTdlNDgyLTMxZmItNGE0ZS1hMGY5LTE0N2NjMzZlNDE2NCIsIm9yZ2FuaXphdGlvbklkIjoiODNiYTE0YmQtMzhhOC00MWUyLTgzMzUtZDkzYTFjMWY4Yzc5IiwidG9rZW5JZCI6ImRjYTA4YjY0LTkxNzEtNDZiYy05MDZlLTRiYjI1MTA4ZDkzOSIsInR5cGUiOiJ0ZW5hbnQiLCJpYXQiOjE3NjM1NTU4NDQsImV4cCI6MTc2NDE2MDY0NH0.W8yA8OR4T2qz6gE2QDhMTxMEejPOC8M9CefhUkl133Y

      at log (src/products/paylinq/routes/routes.js:49:11)

  console.log
    =========================

      at log (src/products/paylinq/routes/routes.js:50:11)

{"level":"error","message":"Error fetching worker type template","metadata":{"metadata":{"environment":"test","error":"Worker type template not found","hostname":"localhost","instanceId":"unknown","service":"recruitiq-api","templateId":"c0cf350b-4adb-46e2-adea-744b1a27fff7","timestamp":"2025-11-19 09:37:25.339"},"timestamp":"2025-11-19 09:37:25.340"}}
{"level":"error","message":"Error fetching worker type","metadata":{"metadata":{"environment":"test","error":"Worker type template not found","hostname":"localhost","instanceId":"unknown","organizationId":"83ba14bd-38a8-41e2-8335-d93a1c1f8c79","service":"recruitiq-api","timestamp":"2025-11-19 09:37:25.340","workerTypeId":"c0cf350b-4adb-46e2-adea-744b1a27fff7"},"timestamp":"2025-11-19 09:37:25.340"}}
{"level":"error","message":"Request failed","metadata":{"metadata":{"duration":"34ms","environment":"test","hostname":"localhost","instanceId":"unknown","method":"GET","path":"/c0cf350b-4adb-46e2-adea-744b1a27fff7","requestId":"1763555845308-71zq93lvc","responseSize":"0KB","service":"recruitiq-api","status":500,"timestamp":"2025-11-19 09:37:25.342","userId":"9097e482-31fb-4a4e-a0f9-147cc36e4164"},"timestamp":"2025-11-19 09:37:25.342"}}
{"level":"info","message":"Incoming request","metadata":{"metadata":{"environment":"test","hostname":"localhost","instanceId":"unknown","ip":"::ffff:127.0.0.1","method":"GET","path":"/api/products/paylinq/worker-types/undefined","query":{},"requestId":"1763555845352-binx71vpi","service":"recruitiq-api","timestamp":"2025-11-19 09:37:25.352"},"timestamp":"2025-11-19 09:37:25.352"}}
  console.log
    Signed cookies: [Object: null prototype] { _csrf: 'FScnSEIGTPFjPlk5mcbTizTY' }

      at log (src/products/paylinq/routes/routes.js:48:11)

  console.log
    Raw cookie header: _csrf=s%3AFScnSEIGTPFjPlk5mcbTizTY.xZWxZgpkQ6ClqNKKaUMz0Zd0I3OwYw2JVAAgdPcH%2Bhk; tenant_access_token=eyJhbGciOiJIUzI1NiIsInR5cCI6IkpXVCJ9.eyJpZCI6ImZiYWY3NDAzLTA3MzQtNGZiMS1iNTMzLWJmOWI4Y2FmODhhOSIsImVtYWlsIjoiYWRtaW4yLTE3NjM1NTU4NDQ2MDFAd29ya2VydHlwZS5jb20iLCJvcmdhbml6YXRpb25JZCI6IjExMmM2N2FlLTQ0OTQtNGE2YS04MDQ1LTBmYzA3YjUyOTE0MyIsImVtcGxveWVlSWQiOm51bGwsInR5cGUiOiJ0ZW5hbnQiLCJlbmFibGVkUHJvZHVjdHMiOlsicGF5bGlucSJdLCJwcm9kdWN0Um9sZXMiOnt9LCJvcmdhbml6YXRpb25UaWVyIjoicHJvZmVzc2lvbmFsIiwiaWF0IjoxNzYzNTU1ODQ0LCJleHAiOjE3NjM1NTY3NDR9.eZm62OsMw6L7R3tPOFMBrJpF_M4H7-OORUkZus8heek; tenant_refresh_token=eyJhbGciOiJIUzI1NiIsInR5cCI6IkpXVCJ9.eyJpZCI6ImZiYWY3NDAzLTA3MzQtNGZiMS1iNTMzLWJmOWI4Y2FmODhhOSIsIm9yZ2FuaXphdGlvbklkIjoiMTEyYzY3YWUtNDQ5NC00YTZhLTgwNDUtMGZjMDdiNTI5MTQzIiwidG9rZW5JZCI6IjAxODEwNTA2LTEzMDctNDg5Mi04ZDI2LTkzZjVkZWQwMzJjOSIsInR5cGUiOiJ0ZW5hbnQiLCJpYXQiOjE3NjM1NTU4NDQsImV4cCI6MTc2NDE2MDY0NH0.Xz12Y3q2KkXoaWRzZh3JaIJZJyf4VdYKsMw-ghTAUGM

      at log (src/products/paylinq/routes/routes.js:49:11)

  console.log
    =========================

      at log (src/products/paylinq/routes/routes.js:50:11)

{"level":"warn","message":"Validation failed","metadata":{"metadata":{"environment":"test","errors":[{"field":"id","message":"\"id\" must be a valid GUID","type":"string.guid"}],"hostname":"localhost","instanceId":"unknown","ip":"::ffff:127.0.0.1","method":"GET","path":"/undefined","service":"recruitiq-api","source":"params","timestamp":"2025-11-19 09:37:25.367"},"timestamp":"2025-11-19 09:37:25.367"}}
{"level":"warn","message":"Request error","metadata":{"metadata":{"duration":"16ms","environment":"test","hostname":"localhost","instanceId":"unknown","method":"GET","path":"/undefined","requestId":"1763555845352-binx71vpi","responseSize":"0KB","service":"recruitiq-api","status":400,"timestamp":"2025-11-19 09:37:25.368","userId":"fbaf7403-0734-4fb1-b533-bf9b8caf88a9"},"timestamp":"2025-11-19 09:37:25.368"}}
{"level":"info","message":"Incoming request","metadata":{"metadata":{"environment":"test","hostname":"localhost","instanceId":"unknown","ip":"::ffff:127.0.0.1","method":"PUT","path":"/api/products/paylinq/worker-types/undefined","query":{},"requestId":"1763555845376-1nn38q8ca","service":"recruitiq-api","timestamp":"2025-11-19 09:37:25.376"},"timestamp":"2025-11-19 09:37:25.376"}}
  console.log
    Signed cookies: [Object: null prototype] { _csrf: 'xbJwq4rPzX6IhRK-Q28pueoU' }

      at log (src/products/paylinq/routes/routes.js:48:11)

  console.log
    Raw cookie header: _csrf=s%3AxbJwq4rPzX6IhRK-Q28pueoU.W2YtHy5GnZG2E6kMs897AXj42mryA4QuJJ0BFoa8Aig; tenant_access_token=eyJhbGciOiJIUzI1NiIsInR5cCI6IkpXVCJ9.eyJpZCI6IjkwOTdlNDgyLTMxZmItNGE0ZS1hMGY5LTE0N2NjMzZlNDE2NCIsImVtYWlsIjoiYWRtaW4tMTc2MzU1NTg0NDYwMUB3b3JrZXJ0eXBlLmNvbSIsIm9yZ2FuaXphdGlvbklkIjoiODNiYTE0YmQtMzhhOC00MWUyLTgzMzUtZDkzYTFjMWY4Yzc5IiwiZW1wbG95ZWVJZCI6bnVsbCwidHlwZSI6InRlbmFudCIsImVuYWJsZWRQcm9kdWN0cyI6WyJwYXlsaW5xIl0sInByb2R1Y3RSb2xlcyI6e30sIm9yZ2FuaXphdGlvblRpZXIiOiJwcm9mZXNzaW9uYWwiLCJpYXQiOjE3NjM1NTU4NDQsImV4cCI6MTc2MzU1Njc0NH0.qzakLMPNc7o8BjFsoy3IADMIO9nzQiEow7tBlvhnwBk; tenant_refresh_token=eyJhbGciOiJIUzI1NiIsInR5cCI6IkpXVCJ9.eyJpZCI6IjkwOTdlNDgyLTMxZmItNGE0ZS1hMGY5LTE0N2NjMzZlNDE2NCIsIm9yZ2FuaXphdGlvbklkIjoiODNiYTE0YmQtMzhhOC00MWUyLTgzMzUtZDkzYTFjMWY4Yzc5IiwidG9rZW5JZCI6ImRjYTA4YjY0LTkxNzEtNDZiYy05MDZlLTRiYjI1MTA4ZDkzOSIsInR5cGUiOiJ0ZW5hbnQiLCJpYXQiOjE3NjM1NTU4NDQsImV4cCI6MTc2NDE2MDY0NH0.W8yA8OR4T2qz6gE2QDhMTxMEejPOC8M9CefhUkl133Y

      at log (src/products/paylinq/routes/routes.js:49:11)

  console.log
    =========================

      at log (src/products/paylinq/routes/routes.js:50:11)

{"level":"warn","message":"Validation failed","metadata":{"metadata":{"environment":"test","errors":[{"field":"id","message":"\"id\" must be a valid GUID","type":"string.guid"}],"hostname":"localhost","instanceId":"unknown","ip":"::ffff:127.0.0.1","method":"PUT","path":"/undefined","service":"recruitiq-api","source":"params","timestamp":"2025-11-19 09:37:25.390"},"timestamp":"2025-11-19 09:37:25.390"}}
{"level":"warn","message":"Request error","metadata":{"metadata":{"duration":"15ms","environment":"test","hostname":"localhost","instanceId":"unknown","method":"PUT","path":"/undefined","requestId":"1763555845376-1nn38q8ca","responseSize":"0KB","service":"recruitiq-api","status":400,"timestamp":"2025-11-19 09:37:25.391","userId":"9097e482-31fb-4a4e-a0f9-147cc36e4164"},"timestamp":"2025-11-19 09:37:25.391"}}
{"level":"info","message":"Incoming request","metadata":{"metadata":{"environment":"test","hostname":"localhost","instanceId":"unknown","ip":"::ffff:127.0.0.1","method":"PUT","path":"/api/products/paylinq/worker-types/undefined","query":{},"requestId":"1763555845400-1xrssot9x","service":"recruitiq-api","timestamp":"2025-11-19 09:37:25.400"},"timestamp":"2025-11-19 09:37:25.400"}}
  console.log
    Signed cookies: [Object: null prototype] { _csrf: 'xbJwq4rPzX6IhRK-Q28pueoU' }

      at log (src/products/paylinq/routes/routes.js:48:11)

  console.log
    Raw cookie header: _csrf=s%3AxbJwq4rPzX6IhRK-Q28pueoU.W2YtHy5GnZG2E6kMs897AXj42mryA4QuJJ0BFoa8Aig; tenant_access_token=eyJhbGciOiJIUzI1NiIsInR5cCI6IkpXVCJ9.eyJpZCI6IjkwOTdlNDgyLTMxZmItNGE0ZS1hMGY5LTE0N2NjMzZlNDE2NCIsImVtYWlsIjoiYWRtaW4tMTc2MzU1NTg0NDYwMUB3b3JrZXJ0eXBlLmNvbSIsIm9yZ2FuaXphdGlvbklkIjoiODNiYTE0YmQtMzhhOC00MWUyLTgzMzUtZDkzYTFjMWY4Yzc5IiwiZW1wbG95ZWVJZCI6bnVsbCwidHlwZSI6InRlbmFudCIsImVuYWJsZWRQcm9kdWN0cyI6WyJwYXlsaW5xIl0sInByb2R1Y3RSb2xlcyI6e30sIm9yZ2FuaXphdGlvblRpZXIiOiJwcm9mZXNzaW9uYWwiLCJpYXQiOjE3NjM1NTU4NDQsImV4cCI6MTc2MzU1Njc0NH0.qzakLMPNc7o8BjFsoy3IADMIO9nzQiEow7tBlvhnwBk; tenant_refresh_token=eyJhbGciOiJIUzI1NiIsInR5cCI6IkpXVCJ9.eyJpZCI6IjkwOTdlNDgyLTMxZmItNGE0ZS1hMGY5LTE0N2NjMzZlNDE2NCIsIm9yZ2FuaXphdGlvbklkIjoiODNiYTE0YmQtMzhhOC00MWUyLTgzMzUtZDkzYTFjMWY4Yzc5IiwidG9rZW5JZCI6ImRjYTA4YjY0LTkxNzEtNDZiYy05MDZlLTRiYjI1MTA4ZDkzOSIsInR5cGUiOiJ0ZW5hbnQiLCJpYXQiOjE3NjM1NTU4NDQsImV4cCI6MTc2NDE2MDY0NH0.W8yA8OR4T2qz6gE2QDhMTxMEejPOC8M9CefhUkl133Y

      at log (src/products/paylinq/routes/routes.js:49:11)

  console.log
    =========================

      at log (src/products/paylinq/routes/routes.js:50:11)

{"level":"warn","message":"Validation failed","metadata":{"metadata":{"environment":"test","errors":[{"field":"id","message":"\"id\" must be a valid GUID","type":"string.guid"}],"hostname":"localhost","instanceId":"unknown","ip":"::ffff:127.0.0.1","method":"PUT","path":"/undefined","service":"recruitiq-api","source":"params","timestamp":"2025-11-19 09:37:25.416"},"timestamp":"2025-11-19 09:37:25.416"}}
{"level":"warn","message":"Request error","metadata":{"metadata":{"duration":"17ms","environment":"test","hostname":"localhost","instanceId":"unknown","method":"PUT","path":"/undefined","requestId":"1763555845400-1xrssot9x","responseSize":"0KB","service":"recruitiq-api","status":400,"timestamp":"2025-11-19 09:37:25.417","userId":"9097e482-31fb-4a4e-a0f9-147cc36e4164"},"timestamp":"2025-11-19 09:37:25.417"}}
{"level":"info","message":"Incoming request","metadata":{"metadata":{"environment":"test","hostname":"localhost","instanceId":"unknown","ip":"::ffff:127.0.0.1","method":"PUT","path":"/api/products/paylinq/worker-types/undefined","query":{},"requestId":"1763555845423-js5nf8ozo","service":"recruitiq-api","timestamp":"2025-11-19 09:37:25.423"},"timestamp":"2025-11-19 09:37:25.424"}}
  console.log
    Signed cookies: [Object: null prototype] { _csrf: 'FScnSEIGTPFjPlk5mcbTizTY' }

      at log (src/products/paylinq/routes/routes.js:48:11)

  console.log
    Raw cookie header: _csrf=s%3AFScnSEIGTPFjPlk5mcbTizTY.xZWxZgpkQ6ClqNKKaUMz0Zd0I3OwYw2JVAAgdPcH%2Bhk; tenant_access_token=eyJhbGciOiJIUzI1NiIsInR5cCI6IkpXVCJ9.eyJpZCI6ImZiYWY3NDAzLTA3MzQtNGZiMS1iNTMzLWJmOWI4Y2FmODhhOSIsImVtYWlsIjoiYWRtaW4yLTE3NjM1NTU4NDQ2MDFAd29ya2VydHlwZS5jb20iLCJvcmdhbml6YXRpb25JZCI6IjExMmM2N2FlLTQ0OTQtNGE2YS04MDQ1LTBmYzA3YjUyOTE0MyIsImVtcGxveWVlSWQiOm51bGwsInR5cGUiOiJ0ZW5hbnQiLCJlbmFibGVkUHJvZHVjdHMiOlsicGF5bGlucSJdLCJwcm9kdWN0Um9sZXMiOnt9LCJvcmdhbml6YXRpb25UaWVyIjoicHJvZmVzc2lvbmFsIiwiaWF0IjoxNzYzNTU1ODQ0LCJleHAiOjE3NjM1NTY3NDR9.eZm62OsMw6L7R3tPOFMBrJpF_M4H7-OORUkZus8heek; tenant_refresh_token=eyJhbGciOiJIUzI1NiIsInR5cCI6IkpXVCJ9.eyJpZCI6ImZiYWY3NDAzLTA3MzQtNGZiMS1iNTMzLWJmOWI4Y2FmODhhOSIsIm9yZ2FuaXphdGlvbklkIjoiMTEyYzY3YWUtNDQ5NC00YTZhLTgwNDUtMGZjMDdiNTI5MTQzIiwidG9rZW5JZCI6IjAxODEwNTA2LTEzMDctNDg5Mi04ZDI2LTkzZjVkZWQwMzJjOSIsInR5cGUiOiJ0ZW5hbnQiLCJpYXQiOjE3NjM1NTU4NDQsImV4cCI6MTc2NDE2MDY0NH0.Xz12Y3q2KkXoaWRzZh3JaIJZJyf4VdYKsMw-ghTAUGM

      at log (src/products/paylinq/routes/routes.js:49:11)

  console.log
    =========================

      at log (src/products/paylinq/routes/routes.js:50:11)

{"level":"warn","message":"Validation failed","metadata":{"metadata":{"environment":"test","errors":[{"field":"id","message":"\"id\" must be a valid GUID","type":"string.guid"}],"hostname":"localhost","instanceId":"unknown","ip":"::ffff:127.0.0.1","method":"PUT","path":"/undefined","service":"recruitiq-api","source":"params","timestamp":"2025-11-19 09:37:25.435"},"timestamp":"2025-11-19 09:37:25.436"}}
{"level":"warn","message":"Request error","metadata":{"metadata":{"duration":"14ms","environment":"test","hostname":"localhost","instanceId":"unknown","method":"PUT","path":"/undefined","requestId":"1763555845423-js5nf8ozo","responseSize":"0KB","service":"recruitiq-api","status":400,"timestamp":"2025-11-19 09:37:25.437","userId":"fbaf7403-0734-4fb1-b533-bf9b8caf88a9"},"timestamp":"2025-11-19 09:37:25.437"}}
{"level":"info","message":"Incoming request","metadata":{"metadata":{"environment":"test","hostname":"localhost","instanceId":"unknown","ip":"::ffff:127.0.0.1","method":"POST","path":"/api/products/paylinq/worker-types","query":{},"requestId":"1763555845444-2cuz3iwhq","service":"recruitiq-api","timestamp":"2025-11-19 09:37:25.444"},"timestamp":"2025-11-19 09:37:25.444"}}
  console.log
    Signed cookies: [Object: null prototype] { _csrf: 'xbJwq4rPzX6IhRK-Q28pueoU' }

      at log (src/products/paylinq/routes/routes.js:48:11)

  console.log
    Raw cookie header: _csrf=s%3AxbJwq4rPzX6IhRK-Q28pueoU.W2YtHy5GnZG2E6kMs897AXj42mryA4QuJJ0BFoa8Aig; tenant_access_token=eyJhbGciOiJIUzI1NiIsInR5cCI6IkpXVCJ9.eyJpZCI6IjkwOTdlNDgyLTMxZmItNGE0ZS1hMGY5LTE0N2NjMzZlNDE2NCIsImVtYWlsIjoiYWRtaW4tMTc2MzU1NTg0NDYwMUB3b3JrZXJ0eXBlLmNvbSIsIm9yZ2FuaXphdGlvbklkIjoiODNiYTE0YmQtMzhhOC00MWUyLTgzMzUtZDkzYTFjMWY4Yzc5IiwiZW1wbG95ZWVJZCI6bnVsbCwidHlwZSI6InRlbmFudCIsImVuYWJsZWRQcm9kdWN0cyI6WyJwYXlsaW5xIl0sInByb2R1Y3RSb2xlcyI6e30sIm9yZ2FuaXphdGlvblRpZXIiOiJwcm9mZXNzaW9uYWwiLCJpYXQiOjE3NjM1NTU4NDQsImV4cCI6MTc2MzU1Njc0NH0.qzakLMPNc7o8BjFsoy3IADMIO9nzQiEow7tBlvhnwBk; tenant_refresh_token=eyJhbGciOiJIUzI1NiIsInR5cCI6IkpXVCJ9.eyJpZCI6IjkwOTdlNDgyLTMxZmItNGE0ZS1hMGY5LTE0N2NjMzZlNDE2NCIsIm9yZ2FuaXphdGlvbklkIjoiODNiYTE0YmQtMzhhOC00MWUyLTgzMzUtZDkzYTFjMWY4Yzc5IiwidG9rZW5JZCI6ImRjYTA4YjY0LTkxNzEtNDZiYy05MDZlLTRiYjI1MTA4ZDkzOSIsInR5cGUiOiJ0ZW5hbnQiLCJpYXQiOjE3NjM1NTU4NDQsImV4cCI6MTc2NDE2MDY0NH0.W8yA8OR4T2qz6gE2QDhMTxMEejPOC8M9CefhUkl133Y

      at log (src/products/paylinq/routes/routes.js:49:11)

  console.log
    =========================

      at log (src/products/paylinq/routes/routes.js:50:11)

{"level":"warn","message":"Validation failed","metadata":{"metadata":{"environment":"test","errors":[{"field":"payType","message":"\"payType\" is required","type":"any.required"}],"hostname":"localhost","instanceId":"unknown","ip":"::ffff:127.0.0.1","method":"POST","path":"/","service":"recruitiq-api","source":"body","timestamp":"2025-11-19 09:37:25.457"},"timestamp":"2025-11-19 09:37:25.457"}}
{"level":"warn","message":"Request error","metadata":{"metadata":{"duration":"14ms","environment":"test","hostname":"localhost","instanceId":"unknown","method":"POST","path":"/","requestId":"1763555845444-2cuz3iwhq","responseSize":"0KB","service":"recruitiq-api","status":400,"timestamp":"2025-11-19 09:37:25.458","userId":"9097e482-31fb-4a4e-a0f9-147cc36e4164"},"timestamp":"2025-11-19 09:37:25.458"}}
{"level":"info","message":"Incoming request","metadata":{"metadata":{"environment":"test","hostname":"localhost","instanceId":"unknown","ip":"::ffff:127.0.0.1","method":"POST","path":"/api/products/paylinq/worker-type-assignments","query":{},"requestId":"1763555845487-4ue9uxq9w","service":"recruitiq-api","timestamp":"2025-11-19 09:37:25.487"},"timestamp":"2025-11-19 09:37:25.487"}}
  console.log
    Signed cookies: [Object: null prototype] { _csrf: 'xbJwq4rPzX6IhRK-Q28pueoU' }

      at log (src/products/paylinq/routes/routes.js:48:11)

  console.log
    Raw cookie header: _csrf=s%3AxbJwq4rPzX6IhRK-Q28pueoU.W2YtHy5GnZG2E6kMs897AXj42mryA4QuJJ0BFoa8Aig; tenant_access_token=eyJhbGciOiJIUzI1NiIsInR5cCI6IkpXVCJ9.eyJpZCI6IjkwOTdlNDgyLTMxZmItNGE0ZS1hMGY5LTE0N2NjMzZlNDE2NCIsImVtYWlsIjoiYWRtaW4tMTc2MzU1NTg0NDYwMUB3b3JrZXJ0eXBlLmNvbSIsIm9yZ2FuaXphdGlvbklkIjoiODNiYTE0YmQtMzhhOC00MWUyLTgzMzUtZDkzYTFjMWY4Yzc5IiwiZW1wbG95ZWVJZCI6bnVsbCwidHlwZSI6InRlbmFudCIsImVuYWJsZWRQcm9kdWN0cyI6WyJwYXlsaW5xIl0sInByb2R1Y3RSb2xlcyI6e30sIm9yZ2FuaXphdGlvblRpZXIiOiJwcm9mZXNzaW9uYWwiLCJpYXQiOjE3NjM1NTU4NDQsImV4cCI6MTc2MzU1Njc0NH0.qzakLMPNc7o8BjFsoy3IADMIO9nzQiEow7tBlvhnwBk; tenant_refresh_token=eyJhbGciOiJIUzI1NiIsInR5cCI6IkpXVCJ9.eyJpZCI6IjkwOTdlNDgyLTMxZmItNGE0ZS1hMGY5LTE0N2NjMzZlNDE2NCIsIm9yZ2FuaXphdGlvbklkIjoiODNiYTE0YmQtMzhhOC00MWUyLTgzMzUtZDkzYTFjMWY4Yzc5IiwidG9rZW5JZCI6ImRjYTA4YjY0LTkxNzEtNDZiYy05MDZlLTRiYjI1MTA4ZDkzOSIsInR5cGUiOiJ0ZW5hbnQiLCJpYXQiOjE3NjM1NTU4NDQsImV4cCI6MTc2NDE2MDY0NH0.W8yA8OR4T2qz6gE2QDhMTxMEejPOC8M9CefhUkl133Y

      at log (src/products/paylinq/routes/routes.js:49:11)

  console.log
    =========================

      at log (src/products/paylinq/routes/routes.js:50:11)

{"level":"warn","message":"Route not found","metadata":{"metadata":{"environment":"test","hostname":"localhost","instanceId":"unknown","ip":"::ffff:127.0.0.1","method":"POST","path":"/api/products/paylinq/worker-type-assignments","requestId":"1763555845487-4ue9uxq9w","service":"recruitiq-api","timestamp":"2025-11-19 09:37:25.504"},"timestamp":"2025-11-19 09:37:25.504"}}
{"level":"warn","message":"Client error Cannot POST /api/products/paylinq/worker-type-assignments","metadata":{"metadata":{"body":"[REDACTED]","environment":"test","errorCode":"NOT_FOUND","errorId":"ERR-1763555845506-d8hb31x7f","hostname":"localhost","instanceId":"unknown","ip":"::ffff:127.0.0.1","method":"POST","path":"/api/products/paylinq/worker-type-assignments","query":{},"requestId":"1763555845487-4ue9uxq9w","service":"recruitiq-api","statusCode":404,"timestamp":"2025-11-19 09:37:25.506","userEmail":"admin-1763555844601@workertype.com","userId":"9097e482-31fb-4a4e-a0f9-147cc36e4164"},"timestamp":"2025-11-19 09:37:25.506"}}
{"level":"warn","message":"Request error","metadata":{"metadata":{"duration":"20ms","environment":"test","hostname":"localhost","instanceId":"unknown","method":"POST","path":"/api/products/paylinq/worker-type-assignments","requestId":"1763555845487-4ue9uxq9w","responseSize":"0KB","service":"recruitiq-api","status":404,"timestamp":"2025-11-19 09:37:25.507","userId":"9097e482-31fb-4a4e-a0f9-147cc36e4164"},"timestamp":"2025-11-19 09:37:25.507"}}
{"level":"info","message":"Incoming request","metadata":{"metadata":{"environment":"test","hostname":"localhost","instanceId":"unknown","ip":"::ffff:127.0.0.1","method":"POST","path":"/api/products/paylinq/worker-type-assignments","query":{},"requestId":"1763555845522-hh5ndnvig","service":"recruitiq-api","timestamp":"2025-11-19 09:37:25.522"},"timestamp":"2025-11-19 09:37:25.523"}}
  console.log
    Signed cookies: [Object: null prototype] { _csrf: 'xbJwq4rPzX6IhRK-Q28pueoU' }

      at log (src/products/paylinq/routes/routes.js:48:11)

  console.log
    Raw cookie header: _csrf=s%3AxbJwq4rPzX6IhRK-Q28pueoU.W2YtHy5GnZG2E6kMs897AXj42mryA4QuJJ0BFoa8Aig; tenant_access_token=eyJhbGciOiJIUzI1NiIsInR5cCI6IkpXVCJ9.eyJpZCI6IjkwOTdlNDgyLTMxZmItNGE0ZS1hMGY5LTE0N2NjMzZlNDE2NCIsImVtYWlsIjoiYWRtaW4tMTc2MzU1NTg0NDYwMUB3b3JrZXJ0eXBlLmNvbSIsIm9yZ2FuaXphdGlvbklkIjoiODNiYTE0YmQtMzhhOC00MWUyLTgzMzUtZDkzYTFjMWY4Yzc5IiwiZW1wbG95ZWVJZCI6bnVsbCwidHlwZSI6InRlbmFudCIsImVuYWJsZWRQcm9kdWN0cyI6WyJwYXlsaW5xIl0sInByb2R1Y3RSb2xlcyI6e30sIm9yZ2FuaXphdGlvblRpZXIiOiJwcm9mZXNzaW9uYWwiLCJpYXQiOjE3NjM1NTU4NDQsImV4cCI6MTc2MzU1Njc0NH0.qzakLMPNc7o8BjFsoy3IADMIO9nzQiEow7tBlvhnwBk; tenant_refresh_token=eyJhbGciOiJIUzI1NiIsInR5cCI6IkpXVCJ9.eyJpZCI6IjkwOTdlNDgyLTMxZmItNGE0ZS1hMGY5LTE0N2NjMzZlNDE2NCIsIm9yZ2FuaXphdGlvbklkIjoiODNiYTE0YmQtMzhhOC00MWUyLTgzMzUtZDkzYTFjMWY4Yzc5IiwidG9rZW5JZCI6ImRjYTA4YjY0LTkxNzEtNDZiYy05MDZlLTRiYjI1MTA4ZDkzOSIsInR5cGUiOiJ0ZW5hbnQiLCJpYXQiOjE3NjM1NTU4NDQsImV4cCI6MTc2NDE2MDY0NH0.W8yA8OR4T2qz6gE2QDhMTxMEejPOC8M9CefhUkl133Y

      at log (src/products/paylinq/routes/routes.js:49:11)

  console.log
    =========================

      at log (src/products/paylinq/routes/routes.js:50:11)

{"level":"info","message":"Γ£à PostgreSQL connected","metadata":{"metadata":{"environment":"test","hostname":"localhost","instanceId":"unknown","service":"recruitiq-api","timestamp":"2025-11-19 09:37:25.689"},"timestamp":"2025-11-19 09:37:25.689"}}
{"level":"warn","message":"Route not found","metadata":{"metadata":{"environment":"test","hostname":"localhost","instanceId":"unknown","ip":"::ffff:127.0.0.1","method":"POST","path":"/api/products/paylinq/worker-type-assignments","requestId":"1763555845522-hh5ndnvig","service":"recruitiq-api","timestamp":"2025-11-19 09:37:25.709"},"timestamp":"2025-11-19 09:37:25.709"}}
{"level":"warn","message":"Client error Cannot POST /api/products/paylinq/worker-type-assignments","metadata":{"metadata":{"body":"[REDACTED]","environment":"test","errorCode":"NOT_FOUND","errorId":"ERR-1763555845709-7zb5kd0s3","hostname":"localhost","instanceId":"unknown","ip":"::ffff:127.0.0.1","method":"POST","path":"/api/products/paylinq/worker-type-assignments","query":{},"requestId":"1763555845522-hh5ndnvig","service":"recruitiq-api","statusCode":404,"timestamp":"2025-11-19 09:37:25.710","userEmail":"admin-1763555844601@workertype.com","userId":"9097e482-31fb-4a4e-a0f9-147cc36e4164"},"timestamp":"2025-11-19 09:37:25.710"}}
{"level":"warn","message":"Request error","metadata":{"metadata":{"duration":"189ms","environment":"test","hostname":"localhost","instanceId":"unknown","method":"POST","path":"/api/products/paylinq/worker-type-assignments","requestId":"1763555845522-hh5ndnvig","responseSize":"0KB","service":"recruitiq-api","status":404,"timestamp":"2025-11-19 09:37:25.711","userId":"9097e482-31fb-4a4e-a0f9-147cc36e4164"},"timestamp":"2025-11-19 09:37:25.711"}}
{"level":"info","message":"Incoming request","metadata":{"metadata":{"environment":"test","hostname":"localhost","instanceId":"unknown","ip":"::ffff:127.0.0.1","method":"POST","path":"/api/products/paylinq/worker-type-assignments","query":{},"requestId":"1763555845718-jtbaj65qo","service":"recruitiq-api","timestamp":"2025-11-19 09:37:25.718"},"timestamp":"2025-11-19 09:37:25.718"}}
  console.log
    Signed cookies: [Object: null prototype] { _csrf: 'xbJwq4rPzX6IhRK-Q28pueoU' }

      at log (src/products/paylinq/routes/routes.js:48:11)

  console.log
    Raw cookie header: _csrf=s%3AxbJwq4rPzX6IhRK-Q28pueoU.W2YtHy5GnZG2E6kMs897AXj42mryA4QuJJ0BFoa8Aig; tenant_access_token=eyJhbGciOiJIUzI1NiIsInR5cCI6IkpXVCJ9.eyJpZCI6IjkwOTdlNDgyLTMxZmItNGE0ZS1hMGY5LTE0N2NjMzZlNDE2NCIsImVtYWlsIjoiYWRtaW4tMTc2MzU1NTg0NDYwMUB3b3JrZXJ0eXBlLmNvbSIsIm9yZ2FuaXphdGlvbklkIjoiODNiYTE0YmQtMzhhOC00MWUyLTgzMzUtZDkzYTFjMWY4Yzc5IiwiZW1wbG95ZWVJZCI6bnVsbCwidHlwZSI6InRlbmFudCIsImVuYWJsZWRQcm9kdWN0cyI6WyJwYXlsaW5xIl0sInByb2R1Y3RSb2xlcyI6e30sIm9yZ2FuaXphdGlvblRpZXIiOiJwcm9mZXNzaW9uYWwiLCJpYXQiOjE3NjM1NTU4NDQsImV4cCI6MTc2MzU1Njc0NH0.qzakLMPNc7o8BjFsoy3IADMIO9nzQiEow7tBlvhnwBk; tenant_refresh_token=eyJhbGciOiJIUzI1NiIsInR5cCI6IkpXVCJ9.eyJpZCI6IjkwOTdlNDgyLTMxZmItNGE0ZS1hMGY5LTE0N2NjMzZlNDE2NCIsIm9yZ2FuaXphdGlvbklkIjoiODNiYTE0YmQtMzhhOC00MWUyLTgzMzUtZDkzYTFjMWY4Yzc5IiwidG9rZW5JZCI6ImRjYTA4YjY0LTkxNzEtNDZiYy05MDZlLTRiYjI1MTA4ZDkzOSIsInR5cGUiOiJ0ZW5hbnQiLCJpYXQiOjE3NjM1NTU4NDQsImV4cCI6MTc2NDE2MDY0NH0.W8yA8OR4T2qz6gE2QDhMTxMEejPOC8M9CefhUkl133Y

      at log (src/products/paylinq/routes/routes.js:49:11)

  console.log
    =========================

      at log (src/products/paylinq/routes/routes.js:50:11)

{"level":"warn","message":"Route not found","metadata":{"metadata":{"environment":"test","hostname":"localhost","instanceId":"unknown","ip":"::ffff:127.0.0.1","method":"POST","path":"/api/products/paylinq/worker-type-assignments","requestId":"1763555845718-jtbaj65qo","service":"recruitiq-api","timestamp":"2025-11-19 09:37:25.732"},"timestamp":"2025-11-19 09:37:25.733"}}
{"level":"warn","message":"Client error Cannot POST /api/products/paylinq/worker-type-assignments","metadata":{"metadata":{"body":"[REDACTED]","environment":"test","errorCode":"NOT_FOUND","errorId":"ERR-1763555845733-p0cp86t0k","hostname":"localhost","instanceId":"unknown","ip":"::ffff:127.0.0.1","method":"POST","path":"/api/products/paylinq/worker-type-assignments","query":{},"requestId":"1763555845718-jtbaj65qo","service":"recruitiq-api","statusCode":404,"timestamp":"2025-11-19 09:37:25.733","userEmail":"admin-1763555844601@workertype.com","userId":"9097e482-31fb-4a4e-a0f9-147cc36e4164"},"timestamp":"2025-11-19 09:37:25.733"}}
{"level":"warn","message":"Request error","metadata":{"metadata":{"duration":"16ms","environment":"test","hostname":"localhost","instanceId":"unknown","method":"POST","path":"/api/products/paylinq/worker-type-assignments","requestId":"1763555845718-jtbaj65qo","responseSize":"0KB","service":"recruitiq-api","status":404,"timestamp":"2025-11-19 09:37:25.734","userId":"9097e482-31fb-4a4e-a0f9-147cc36e4164"},"timestamp":"2025-11-19 09:37:25.734"}}
{"level":"info","message":"Incoming request","metadata":{"metadata":{"environment":"test","hostname":"localhost","instanceId":"unknown","ip":"::ffff:127.0.0.1","method":"GET","path":"/api/products/paylinq/worker-type-assignments/current/21cc3390-bae7-4ddc-9149-0a35cb1c8767","query":{},"requestId":"1763555845740-1ucqhhcju","service":"recruitiq-api","timestamp":"2025-11-19 09:37:25.740"},"timestamp":"2025-11-19 09:37:25.740"}}
  console.log
    Signed cookies: [Object: null prototype] { _csrf: 'xbJwq4rPzX6IhRK-Q28pueoU' }

      at log (src/products/paylinq/routes/routes.js:48:11)

  console.log
    Raw cookie header: _csrf=s%3AxbJwq4rPzX6IhRK-Q28pueoU.W2YtHy5GnZG2E6kMs897AXj42mryA4QuJJ0BFoa8Aig; tenant_access_token=eyJhbGciOiJIUzI1NiIsInR5cCI6IkpXVCJ9.eyJpZCI6IjkwOTdlNDgyLTMxZmItNGE0ZS1hMGY5LTE0N2NjMzZlNDE2NCIsImVtYWlsIjoiYWRtaW4tMTc2MzU1NTg0NDYwMUB3b3JrZXJ0eXBlLmNvbSIsIm9yZ2FuaXphdGlvbklkIjoiODNiYTE0YmQtMzhhOC00MWUyLTgzMzUtZDkzYTFjMWY4Yzc5IiwiZW1wbG95ZWVJZCI6bnVsbCwidHlwZSI6InRlbmFudCIsImVuYWJsZWRQcm9kdWN0cyI6WyJwYXlsaW5xIl0sInByb2R1Y3RSb2xlcyI6e30sIm9yZ2FuaXphdGlvblRpZXIiOiJwcm9mZXNzaW9uYWwiLCJpYXQiOjE3NjM1NTU4NDQsImV4cCI6MTc2MzU1Njc0NH0.qzakLMPNc7o8BjFsoy3IADMIO9nzQiEow7tBlvhnwBk; tenant_refresh_token=eyJhbGciOiJIUzI1NiIsInR5cCI6IkpXVCJ9.eyJpZCI6IjkwOTdlNDgyLTMxZmItNGE0ZS1hMGY5LTE0N2NjMzZlNDE2NCIsIm9yZ2FuaXphdGlvbklkIjoiODNiYTE0YmQtMzhhOC00MWUyLTgzMzUtZDkzYTFjMWY4Yzc5IiwidG9rZW5JZCI6ImRjYTA4YjY0LTkxNzEtNDZiYy05MDZlLTRiYjI1MTA4ZDkzOSIsInR5cGUiOiJ0ZW5hbnQiLCJpYXQiOjE3NjM1NTU4NDQsImV4cCI6MTc2NDE2MDY0NH0.W8yA8OR4T2qz6gE2QDhMTxMEejPOC8M9CefhUkl133Y

      at log (src/products/paylinq/routes/routes.js:49:11)

  console.log
    =========================

      at log (src/products/paylinq/routes/routes.js:50:11)

{"level":"warn","message":"Route not found","metadata":{"metadata":{"environment":"test","hostname":"localhost","instanceId":"unknown","ip":"::ffff:127.0.0.1","method":"GET","path":"/api/products/paylinq/worker-type-assignments/current/21cc3390-bae7-4ddc-9149-0a35cb1c8767","requestId":"1763555845740-1ucqhhcju","service":"recruitiq-api","timestamp":"2025-11-19 09:37:25.754"},"timestamp":"2025-11-19 09:37:25.755"}}
{"level":"warn","message":"Client error Cannot GET /api/products/paylinq/worker-type-assignments/current/21cc3390-bae7-4ddc-9149-0a35cb1c8767","metadata":{"metadata":{"body":{},"environment":"test","errorCode":"NOT_FOUND","errorId":"ERR-1763555845755-s7clkezml","hostname":"localhost","instanceId":"unknown","ip":"::ffff:127.0.0.1","method":"GET","path":"/api/products/paylinq/worker-type-assignments/current/21cc3390-bae7-4ddc-9149-0a35cb1c8767","query":{},"requestId":"1763555845740-1ucqhhcju","service":"recruitiq-api","statusCode":404,"timestamp":"2025-11-19 09:37:25.755","userEmail":"admin-1763555844601@workertype.com","userId":"9097e482-31fb-4a4e-a0f9-147cc36e4164"},"timestamp":"2025-11-19 09:37:25.755"}}
{"level":"warn","message":"Request error","metadata":{"metadata":{"duration":"16ms","environment":"test","hostname":"localhost","instanceId":"unknown","method":"GET","path":"/api/products/paylinq/worker-type-assignments/current/21cc3390-bae7-4ddc-9149-0a35cb1c8767","requestId":"1763555845740-1ucqhhcju","responseSize":"0KB","service":"recruitiq-api","status":404,"timestamp":"2025-11-19 09:37:25.756","userId":"9097e482-31fb-4a4e-a0f9-147cc36e4164"},"timestamp":"2025-11-19 09:37:25.756"}}
{"level":"info","message":"Incoming request","metadata":{"metadata":{"environment":"test","hostname":"localhost","instanceId":"unknown","ip":"::ffff:127.0.0.1","method":"GET","path":"/api/products/paylinq/worker-type-assignments/current/b8cbf4bd-e50f-4ca9-adaa-8e9cffeb190d","query":{},"requestId":"1763555845771-xwwvwsh30","service":"recruitiq-api","timestamp":"2025-11-19 09:37:25.771"},"timestamp":"2025-11-19 09:37:25.771"}}
  console.log
    Signed cookies: [Object: null prototype] { _csrf: 'xbJwq4rPzX6IhRK-Q28pueoU' }

      at log (src/products/paylinq/routes/routes.js:48:11)

  console.log
    Raw cookie header: _csrf=s%3AxbJwq4rPzX6IhRK-Q28pueoU.W2YtHy5GnZG2E6kMs897AXj42mryA4QuJJ0BFoa8Aig; tenant_access_token=eyJhbGciOiJIUzI1NiIsInR5cCI6IkpXVCJ9.eyJpZCI6IjkwOTdlNDgyLTMxZmItNGE0ZS1hMGY5LTE0N2NjMzZlNDE2NCIsImVtYWlsIjoiYWRtaW4tMTc2MzU1NTg0NDYwMUB3b3JrZXJ0eXBlLmNvbSIsIm9yZ2FuaXphdGlvbklkIjoiODNiYTE0YmQtMzhhOC00MWUyLTgzMzUtZDkzYTFjMWY4Yzc5IiwiZW1wbG95ZWVJZCI6bnVsbCwidHlwZSI6InRlbmFudCIsImVuYWJsZWRQcm9kdWN0cyI6WyJwYXlsaW5xIl0sInByb2R1Y3RSb2xlcyI6e30sIm9yZ2FuaXphdGlvblRpZXIiOiJwcm9mZXNzaW9uYWwiLCJpYXQiOjE3NjM1NTU4NDQsImV4cCI6MTc2MzU1Njc0NH0.qzakLMPNc7o8BjFsoy3IADMIO9nzQiEow7tBlvhnwBk; tenant_refresh_token=eyJhbGciOiJIUzI1NiIsInR5cCI6IkpXVCJ9.eyJpZCI6IjkwOTdlNDgyLTMxZmItNGE0ZS1hMGY5LTE0N2NjMzZlNDE2NCIsIm9yZ2FuaXphdGlvbklkIjoiODNiYTE0YmQtMzhhOC00MWUyLTgzMzUtZDkzYTFjMWY4Yzc5IiwidG9rZW5JZCI6ImRjYTA4YjY0LTkxNzEtNDZiYy05MDZlLTRiYjI1MTA4ZDkzOSIsInR5cGUiOiJ0ZW5hbnQiLCJpYXQiOjE3NjM1NTU4NDQsImV4cCI6MTc2NDE2MDY0NH0.W8yA8OR4T2qz6gE2QDhMTxMEejPOC8M9CefhUkl133Y

      at log (src/products/paylinq/routes/routes.js:49:11)

  console.log
    =========================

      at log (src/products/paylinq/routes/routes.js:50:11)

{"level":"warn","message":"Route not found","metadata":{"metadata":{"environment":"test","hostname":"localhost","instanceId":"unknown","ip":"::ffff:127.0.0.1","method":"GET","path":"/api/products/paylinq/worker-type-assignments/current/b8cbf4bd-e50f-4ca9-adaa-8e9cffeb190d","requestId":"1763555845771-xwwvwsh30","service":"recruitiq-api","timestamp":"2025-11-19 09:37:25.785"},"timestamp":"2025-11-19 09:37:25.785"}}
{"level":"warn","message":"Client error Cannot GET /api/products/paylinq/worker-type-assignments/current/b8cbf4bd-e50f-4ca9-adaa-8e9cffeb190d","metadata":{"metadata":{"body":{},"environment":"test","errorCode":"NOT_FOUND","errorId":"ERR-1763555845785-3fhx0vfkd","hostname":"localhost","instanceId":"unknown","ip":"::ffff:127.0.0.1","method":"GET","path":"/api/products/paylinq/worker-type-assignments/current/b8cbf4bd-e50f-4ca9-adaa-8e9cffeb190d","query":{},"requestId":"1763555845771-xwwvwsh30","service":"recruitiq-api","statusCode":404,"timestamp":"2025-11-19 09:37:25.785","userEmail":"admin-1763555844601@workertype.com","userId":"9097e482-31fb-4a4e-a0f9-147cc36e4164"},"timestamp":"2025-11-19 09:37:25.785"}}
{"level":"warn","message":"Request error","metadata":{"metadata":{"duration":"15ms","environment":"test","hostname":"localhost","instanceId":"unknown","method":"GET","path":"/api/products/paylinq/worker-type-assignments/current/b8cbf4bd-e50f-4ca9-adaa-8e9cffeb190d","requestId":"1763555845771-xwwvwsh30","responseSize":"0KB","service":"recruitiq-api","status":404,"timestamp":"2025-11-19 09:37:25.786","userId":"9097e482-31fb-4a4e-a0f9-147cc36e4164"},"timestamp":"2025-11-19 09:37:25.786"}}
{"level":"info","message":"Incoming request","metadata":{"metadata":{"environment":"test","hostname":"localhost","instanceId":"unknown","ip":"::ffff:127.0.0.1","method":"GET","path":"/api/products/paylinq/worker-type-assignments/history/21cc3390-bae7-4ddc-9149-0a35cb1c8767","query":{},"requestId":"1763555845793-913j3trxj","service":"recruitiq-api","timestamp":"2025-11-19 09:37:25.793"},"timestamp":"2025-11-19 09:37:25.793"}}
  console.log
    Signed cookies: [Object: null prototype] { _csrf: 'xbJwq4rPzX6IhRK-Q28pueoU' }

      at log (src/products/paylinq/routes/routes.js:48:11)

  console.log
    Raw cookie header: _csrf=s%3AxbJwq4rPzX6IhRK-Q28pueoU.W2YtHy5GnZG2E6kMs897AXj42mryA4QuJJ0BFoa8Aig; tenant_access_token=eyJhbGciOiJIUzI1NiIsInR5cCI6IkpXVCJ9.eyJpZCI6IjkwOTdlNDgyLTMxZmItNGE0ZS1hMGY5LTE0N2NjMzZlNDE2NCIsImVtYWlsIjoiYWRtaW4tMTc2MzU1NTg0NDYwMUB3b3JrZXJ0eXBlLmNvbSIsIm9yZ2FuaXphdGlvbklkIjoiODNiYTE0YmQtMzhhOC00MWUyLTgzMzUtZDkzYTFjMWY4Yzc5IiwiZW1wbG95ZWVJZCI6bnVsbCwidHlwZSI6InRlbmFudCIsImVuYWJsZWRQcm9kdWN0cyI6WyJwYXlsaW5xIl0sInByb2R1Y3RSb2xlcyI6e30sIm9yZ2FuaXphdGlvblRpZXIiOiJwcm9mZXNzaW9uYWwiLCJpYXQiOjE3NjM1NTU4NDQsImV4cCI6MTc2MzU1Njc0NH0.qzakLMPNc7o8BjFsoy3IADMIO9nzQiEow7tBlvhnwBk; tenant_refresh_token=eyJhbGciOiJIUzI1NiIsInR5cCI6IkpXVCJ9.eyJpZCI6IjkwOTdlNDgyLTMxZmItNGE0ZS1hMGY5LTE0N2NjMzZlNDE2NCIsIm9yZ2FuaXphdGlvbklkIjoiODNiYTE0YmQtMzhhOC00MWUyLTgzMzUtZDkzYTFjMWY4Yzc5IiwidG9rZW5JZCI6ImRjYTA4YjY0LTkxNzEtNDZiYy05MDZlLTRiYjI1MTA4ZDkzOSIsInR5cGUiOiJ0ZW5hbnQiLCJpYXQiOjE3NjM1NTU4NDQsImV4cCI6MTc2NDE2MDY0NH0.W8yA8OR4T2qz6gE2QDhMTxMEejPOC8M9CefhUkl133Y

      at log (src/products/paylinq/routes/routes.js:49:11)

  console.log
    =========================

      at log (src/products/paylinq/routes/routes.js:50:11)

{"level":"warn","message":"Route not found","metadata":{"metadata":{"environment":"test","hostname":"localhost","instanceId":"unknown","ip":"::ffff:127.0.0.1","method":"GET","path":"/api/products/paylinq/worker-type-assignments/history/21cc3390-bae7-4ddc-9149-0a35cb1c8767","requestId":"1763555845793-913j3trxj","service":"recruitiq-api","timestamp":"2025-11-19 09:37:25.808"},"timestamp":"2025-11-19 09:37:25.808"}}
{"level":"warn","message":"Client error Cannot GET /api/products/paylinq/worker-type-assignments/history/21cc3390-bae7-4ddc-9149-0a35cb1c8767","metadata":{"metadata":{"body":{},"environment":"test","errorCode":"NOT_FOUND","errorId":"ERR-1763555845808-7c3p6k7cq","hostname":"localhost","instanceId":"unknown","ip":"::ffff:127.0.0.1","method":"GET","path":"/api/products/paylinq/worker-type-assignments/history/21cc3390-bae7-4ddc-9149-0a35cb1c8767","query":{},"requestId":"1763555845793-913j3trxj","service":"recruitiq-api","statusCode":404,"timestamp":"2025-11-19 09:37:25.808","userEmail":"admin-1763555844601@workertype.com","userId":"9097e482-31fb-4a4e-a0f9-147cc36e4164"},"timestamp":"2025-11-19 09:37:25.809"}}
{"level":"warn","message":"Request error","metadata":{"metadata":{"duration":"17ms","environment":"test","hostname":"localhost","instanceId":"unknown","method":"GET","path":"/api/products/paylinq/worker-type-assignments/history/21cc3390-bae7-4ddc-9149-0a35cb1c8767","requestId":"1763555845793-913j3trxj","responseSize":"0KB","service":"recruitiq-api","status":404,"timestamp":"2025-11-19 09:37:25.810","userId":"9097e482-31fb-4a4e-a0f9-147cc36e4164"},"timestamp":"2025-11-19 09:37:25.810"}}
{"level":"info","message":"Incoming request","metadata":{"metadata":{"environment":"test","hostname":"localhost","instanceId":"unknown","ip":"::ffff:127.0.0.1","method":"GET","path":"/api/products/paylinq/worker-type-assignments/history/d39e4001-7703-46d6-848f-dd607349f6c7","query":{},"requestId":"1763555845821-89mn8suks","service":"recruitiq-api","timestamp":"2025-11-19 09:37:25.821"},"timestamp":"2025-11-19 09:37:25.821"}}
  console.log
    Signed cookies: [Object: null prototype] { _csrf: 'xbJwq4rPzX6IhRK-Q28pueoU' }

      at log (src/products/paylinq/routes/routes.js:48:11)

  console.log
    Raw cookie header: _csrf=s%3AxbJwq4rPzX6IhRK-Q28pueoU.W2YtHy5GnZG2E6kMs897AXj42mryA4QuJJ0BFoa8Aig; tenant_access_token=eyJhbGciOiJIUzI1NiIsInR5cCI6IkpXVCJ9.eyJpZCI6IjkwOTdlNDgyLTMxZmItNGE0ZS1hMGY5LTE0N2NjMzZlNDE2NCIsImVtYWlsIjoiYWRtaW4tMTc2MzU1NTg0NDYwMUB3b3JrZXJ0eXBlLmNvbSIsIm9yZ2FuaXphdGlvbklkIjoiODNiYTE0YmQtMzhhOC00MWUyLTgzMzUtZDkzYTFjMWY4Yzc5IiwiZW1wbG95ZWVJZCI6bnVsbCwidHlwZSI6InRlbmFudCIsImVuYWJsZWRQcm9kdWN0cyI6WyJwYXlsaW5xIl0sInByb2R1Y3RSb2xlcyI6e30sIm9yZ2FuaXphdGlvblRpZXIiOiJwcm9mZXNzaW9uYWwiLCJpYXQiOjE3NjM1NTU4NDQsImV4cCI6MTc2MzU1Njc0NH0.qzakLMPNc7o8BjFsoy3IADMIO9nzQiEow7tBlvhnwBk; tenant_refresh_token=eyJhbGciOiJIUzI1NiIsInR5cCI6IkpXVCJ9.eyJpZCI6IjkwOTdlNDgyLTMxZmItNGE0ZS1hMGY5LTE0N2NjMzZlNDE2NCIsIm9yZ2FuaXphdGlvbklkIjoiODNiYTE0YmQtMzhhOC00MWUyLTgzMzUtZDkzYTFjMWY4Yzc5IiwidG9rZW5JZCI6ImRjYTA4YjY0LTkxNzEtNDZiYy05MDZlLTRiYjI1MTA4ZDkzOSIsInR5cGUiOiJ0ZW5hbnQiLCJpYXQiOjE3NjM1NTU4NDQsImV4cCI6MTc2NDE2MDY0NH0.W8yA8OR4T2qz6gE2QDhMTxMEejPOC8M9CefhUkl133Y

      at log (src/products/paylinq/routes/routes.js:49:11)

  console.log
    =========================

      at log (src/products/paylinq/routes/routes.js:50:11)

{"level":"warn","message":"Route not found","metadata":{"metadata":{"environment":"test","hostname":"localhost","instanceId":"unknown","ip":"::ffff:127.0.0.1","method":"GET","path":"/api/products/paylinq/worker-type-assignments/history/d39e4001-7703-46d6-848f-dd607349f6c7","requestId":"1763555845821-89mn8suks","service":"recruitiq-api","timestamp":"2025-11-19 09:37:25.833"},"timestamp":"2025-11-19 09:37:25.833"}}
{"level":"warn","message":"Client error Cannot GET /api/products/paylinq/worker-type-assignments/history/d39e4001-7703-46d6-848f-dd607349f6c7","metadata":{"metadata":{"body":{},"environment":"test","errorCode":"NOT_FOUND","errorId":"ERR-1763555845834-88lnqx94g","hostname":"localhost","instanceId":"unknown","ip":"::ffff:127.0.0.1","method":"GET","path":"/api/products/paylinq/worker-type-assignments/history/d39e4001-7703-46d6-848f-dd607349f6c7","query":{},"requestId":"1763555845821-89mn8suks","service":"recruitiq-api","statusCode":404,"timestamp":"2025-11-19 09:37:25.834","userEmail":"admin-1763555844601@workertype.com","userId":"9097e482-31fb-4a4e-a0f9-147cc36e4164"},"timestamp":"2025-11-19 09:37:25.834"}}
{"level":"warn","message":"Request error","metadata":{"metadata":{"duration":"13ms","environment":"test","hostname":"localhost","instanceId":"unknown","method":"GET","path":"/api/products/paylinq/worker-type-assignments/history/d39e4001-7703-46d6-848f-dd607349f6c7","requestId":"1763555845821-89mn8suks","responseSize":"0KB","service":"recruitiq-api","status":404,"timestamp":"2025-11-19 09:37:25.834","userId":"9097e482-31fb-4a4e-a0f9-147cc36e4164"},"timestamp":"2025-11-19 09:37:25.835"}}
{"level":"info","message":"Incoming request","metadata":{"metadata":{"environment":"test","hostname":"localhost","instanceId":"unknown","ip":"::ffff:127.0.0.1","method":"GET","path":"/api/products/paylinq/worker-types/reports/employee-count","query":{},"requestId":"1763555845842-dvyeo62o7","service":"recruitiq-api","timestamp":"2025-11-19 09:37:25.842"},"timestamp":"2025-11-19 09:37:25.842"}}
  console.log
    Signed cookies: [Object: null prototype] { _csrf: 'xbJwq4rPzX6IhRK-Q28pueoU' }

      at log (src/products/paylinq/routes/routes.js:48:11)

  console.log
    Raw cookie header: _csrf=s%3AxbJwq4rPzX6IhRK-Q28pueoU.W2YtHy5GnZG2E6kMs897AXj42mryA4QuJJ0BFoa8Aig; tenant_access_token=eyJhbGciOiJIUzI1NiIsInR5cCI6IkpXVCJ9.eyJpZCI6IjkwOTdlNDgyLTMxZmItNGE0ZS1hMGY5LTE0N2NjMzZlNDE2NCIsImVtYWlsIjoiYWRtaW4tMTc2MzU1NTg0NDYwMUB3b3JrZXJ0eXBlLmNvbSIsIm9yZ2FuaXphdGlvbklkIjoiODNiYTE0YmQtMzhhOC00MWUyLTgzMzUtZDkzYTFjMWY4Yzc5IiwiZW1wbG95ZWVJZCI6bnVsbCwidHlwZSI6InRlbmFudCIsImVuYWJsZWRQcm9kdWN0cyI6WyJwYXlsaW5xIl0sInByb2R1Y3RSb2xlcyI6e30sIm9yZ2FuaXphdGlvblRpZXIiOiJwcm9mZXNzaW9uYWwiLCJpYXQiOjE3NjM1NTU4NDQsImV4cCI6MTc2MzU1Njc0NH0.qzakLMPNc7o8BjFsoy3IADMIO9nzQiEow7tBlvhnwBk; tenant_refresh_token=eyJhbGciOiJIUzI1NiIsInR5cCI6IkpXVCJ9.eyJpZCI6IjkwOTdlNDgyLTMxZmItNGE0ZS1hMGY5LTE0N2NjMzZlNDE2NCIsIm9yZ2FuaXphdGlvbklkIjoiODNiYTE0YmQtMzhhOC00MWUyLTgzMzUtZDkzYTFjMWY4Yzc5IiwidG9rZW5JZCI6ImRjYTA4YjY0LTkxNzEtNDZiYy05MDZlLTRiYjI1MTA4ZDkzOSIsInR5cGUiOiJ0ZW5hbnQiLCJpYXQiOjE3NjM1NTU4NDQsImV4cCI6MTc2NDE2MDY0NH0.W8yA8OR4T2qz6gE2QDhMTxMEejPOC8M9CefhUkl133Y

      at log (src/products/paylinq/routes/routes.js:49:11)

  console.log
    =========================

      at log (src/products/paylinq/routes/routes.js:50:11)

{"level":"warn","message":"Route not found","metadata":{"metadata":{"environment":"test","hostname":"localhost","instanceId":"unknown","ip":"::ffff:127.0.0.1","method":"GET","path":"/api/products/paylinq/worker-types/reports/employee-count","requestId":"1763555845842-dvyeo62o7","service":"recruitiq-api","timestamp":"2025-11-19 09:37:25.855"},"timestamp":"2025-11-19 09:37:25.855"}}
{"level":"warn","message":"Client error Cannot GET /api/products/paylinq/worker-types/reports/employee-count","metadata":{"metadata":{"body":{},"environment":"test","errorCode":"NOT_FOUND","errorId":"ERR-1763555845856-9bn11hvxr","hostname":"localhost","instanceId":"unknown","ip":"::ffff:127.0.0.1","method":"GET","path":"/api/products/paylinq/worker-types/reports/employee-count","query":{},"requestId":"1763555845842-dvyeo62o7","service":"recruitiq-api","statusCode":404,"timestamp":"2025-11-19 09:37:25.856","userEmail":"admin-1763555844601@workertype.com","userId":"9097e482-31fb-4a4e-a0f9-147cc36e4164"},"timestamp":"2025-11-19 09:37:25.856"}}
{"level":"warn","message":"Request error","metadata":{"metadata":{"duration":"14ms","environment":"test","hostname":"localhost","instanceId":"unknown","method":"GET","path":"/api/products/paylinq/worker-types/reports/employee-count","requestId":"1763555845842-dvyeo62o7","responseSize":"0KB","service":"recruitiq-api","status":404,"timestamp":"2025-11-19 09:37:25.857","userId":"9097e482-31fb-4a4e-a0f9-147cc36e4164"},"timestamp":"2025-11-19 09:37:25.857"}}
{"level":"info","message":"Incoming request","metadata":{"metadata":{"environment":"test","hostname":"localhost","instanceId":"unknown","ip":"::ffff:127.0.0.1","method":"POST","path":"/api/products/paylinq/worker-types","query":{},"requestId":"1763555845863-d55kzx7yb","service":"recruitiq-api","timestamp":"2025-11-19 09:37:25.863"},"timestamp":"2025-11-19 09:37:25.863"}}
  console.log
    Signed cookies: [Object: null prototype] { _csrf: 'FScnSEIGTPFjPlk5mcbTizTY' }

      at log (src/products/paylinq/routes/routes.js:48:11)

  console.log
    Raw cookie header: _csrf=s%3AFScnSEIGTPFjPlk5mcbTizTY.xZWxZgpkQ6ClqNKKaUMz0Zd0I3OwYw2JVAAgdPcH%2Bhk; tenant_access_token=eyJhbGciOiJIUzI1NiIsInR5cCI6IkpXVCJ9.eyJpZCI6ImZiYWY3NDAzLTA3MzQtNGZiMS1iNTMzLWJmOWI4Y2FmODhhOSIsImVtYWlsIjoiYWRtaW4yLTE3NjM1NTU4NDQ2MDFAd29ya2VydHlwZS5jb20iLCJvcmdhbml6YXRpb25JZCI6IjExMmM2N2FlLTQ0OTQtNGE2YS04MDQ1LTBmYzA3YjUyOTE0MyIsImVtcGxveWVlSWQiOm51bGwsInR5cGUiOiJ0ZW5hbnQiLCJlbmFibGVkUHJvZHVjdHMiOlsicGF5bGlucSJdLCJwcm9kdWN0Um9sZXMiOnt9LCJvcmdhbml6YXRpb25UaWVyIjoicHJvZmVzc2lvbmFsIiwiaWF0IjoxNzYzNTU1ODQ0LCJleHAiOjE3NjM1NTY3NDR9.eZm62OsMw6L7R3tPOFMBrJpF_M4H7-OORUkZus8heek; tenant_refresh_token=eyJhbGciOiJIUzI1NiIsInR5cCI6IkpXVCJ9.eyJpZCI6ImZiYWY3NDAzLTA3MzQtNGZiMS1iNTMzLWJmOWI4Y2FmODhhOSIsIm9yZ2FuaXphdGlvbklkIjoiMTEyYzY3YWUtNDQ5NC00YTZhLTgwNDUtMGZjMDdiNTI5MTQzIiwidG9rZW5JZCI6IjAxODEwNTA2LTEzMDctNDg5Mi04ZDI2LTkzZjVkZWQwMzJjOSIsInR5cGUiOiJ0ZW5hbnQiLCJpYXQiOjE3NjM1NTU4NDQsImV4cCI6MTc2NDE2MDY0NH0.Xz12Y3q2KkXoaWRzZh3JaIJZJyf4VdYKsMw-ghTAUGM

      at log (src/products/paylinq/routes/routes.js:49:11)

  console.log
    =========================

      at log (src/products/paylinq/routes/routes.js:50:11)

{"level":"warn","message":"Validation failed","metadata":{"metadata":{"environment":"test","errors":[{"field":"payType","message":"\"payType\" is required","type":"any.required"}],"hostname":"localhost","instanceId":"unknown","ip":"::ffff:127.0.0.1","method":"POST","path":"/","service":"recruitiq-api","source":"body","timestamp":"2025-11-19 09:37:25.876"},"timestamp":"2025-11-19 09:37:25.876"}}
{"level":"warn","message":"Request error","metadata":{"metadata":{"duration":"14ms","environment":"test","hostname":"localhost","instanceId":"unknown","method":"POST","path":"/","requestId":"1763555845863-d55kzx7yb","responseSize":"0KB","service":"recruitiq-api","status":400,"timestamp":"2025-11-19 09:37:25.877","userId":"fbaf7403-0734-4fb1-b533-bf9b8caf88a9"},"timestamp":"2025-11-19 09:37:25.877"}}
{"level":"info","message":"Incoming request","metadata":{"metadata":{"environment":"test","hostname":"localhost","instanceId":"unknown","ip":"::ffff:127.0.0.1","method":"POST","path":"/api/products/paylinq/worker-types","query":{},"requestId":"1763555845884-pppwg6rsx","service":"recruitiq-api","timestamp":"2025-11-19 09:37:25.884"},"timestamp":"2025-11-19 09:37:25.884"}}
  console.log
    Signed cookies: [Object: null prototype] { _csrf: 'xbJwq4rPzX6IhRK-Q28pueoU' }

      at log (src/products/paylinq/routes/routes.js:48:11)

  console.log
    Raw cookie header: _csrf=s%3AxbJwq4rPzX6IhRK-Q28pueoU.W2YtHy5GnZG2E6kMs897AXj42mryA4QuJJ0BFoa8Aig; tenant_access_token=eyJhbGciOiJIUzI1NiIsInR5cCI6IkpXVCJ9.eyJpZCI6IjkwOTdlNDgyLTMxZmItNGE0ZS1hMGY5LTE0N2NjMzZlNDE2NCIsImVtYWlsIjoiYWRtaW4tMTc2MzU1NTg0NDYwMUB3b3JrZXJ0eXBlLmNvbSIsIm9yZ2FuaXphdGlvbklkIjoiODNiYTE0YmQtMzhhOC00MWUyLTgzMzUtZDkzYTFjMWY4Yzc5IiwiZW1wbG95ZWVJZCI6bnVsbCwidHlwZSI6InRlbmFudCIsImVuYWJsZWRQcm9kdWN0cyI6WyJwYXlsaW5xIl0sInByb2R1Y3RSb2xlcyI6e30sIm9yZ2FuaXphdGlvblRpZXIiOiJwcm9mZXNzaW9uYWwiLCJpYXQiOjE3NjM1NTU4NDQsImV4cCI6MTc2MzU1Njc0NH0.qzakLMPNc7o8BjFsoy3IADMIO9nzQiEow7tBlvhnwBk; tenant_refresh_token=eyJhbGciOiJIUzI1NiIsInR5cCI6IkpXVCJ9.eyJpZCI6IjkwOTdlNDgyLTMxZmItNGE0ZS1hMGY5LTE0N2NjMzZlNDE2NCIsIm9yZ2FuaXphdGlvbklkIjoiODNiYTE0YmQtMzhhOC00MWUyLTgzMzUtZDkzYTFjMWY4Yzc5IiwidG9rZW5JZCI6ImRjYTA4YjY0LTkxNzEtNDZiYy05MDZlLTRiYjI1MTA4ZDkzOSIsInR5cGUiOiJ0ZW5hbnQiLCJpYXQiOjE3NjM1NTU4NDQsImV4cCI6MTc2NDE2MDY0NH0.W8yA8OR4T2qz6gE2QDhMTxMEejPOC8M9CefhUkl133Y

      at log (src/products/paylinq/routes/routes.js:49:11)

  console.log
    =========================

      at log (src/products/paylinq/routes/routes.js:50:11)

{"level":"warn","message":"Validation failed","metadata":{"metadata":{"environment":"test","errors":[{"field":"payType","message":"\"payType\" is required","type":"any.required"}],"hostname":"localhost","instanceId":"unknown","ip":"::ffff:127.0.0.1","method":"POST","path":"/","service":"recruitiq-api","source":"body","timestamp":"2025-11-19 09:37:25.899"},"timestamp":"2025-11-19 09:37:25.900"}}
{"level":"warn","message":"Request error","metadata":{"metadata":{"duration":"16ms","environment":"test","hostname":"localhost","instanceId":"unknown","method":"POST","path":"/","requestId":"1763555845884-pppwg6rsx","responseSize":"0KB","service":"recruitiq-api","status":400,"timestamp":"2025-11-19 09:37:25.900","userId":"9097e482-31fb-4a4e-a0f9-147cc36e4164"},"timestamp":"2025-11-19 09:37:25.900"}}
{"level":"info","message":"Incoming request","metadata":{"metadata":{"environment":"test","hostname":"localhost","instanceId":"unknown","ip":"::ffff:127.0.0.1","method":"POST","path":"/api/products/paylinq/worker-types","query":{},"requestId":"1763555845907-b8mho3ckz","service":"recruitiq-api","timestamp":"2025-11-19 09:37:25.907"},"timestamp":"2025-11-19 09:37:25.907"}}
  console.log
    Signed cookies: [Object: null prototype] { _csrf: 'xbJwq4rPzX6IhRK-Q28pueoU' }

      at log (src/products/paylinq/routes/routes.js:48:11)

  console.log
    Raw cookie header: _csrf=s%3AxbJwq4rPzX6IhRK-Q28pueoU.W2YtHy5GnZG2E6kMs897AXj42mryA4QuJJ0BFoa8Aig; tenant_access_token=eyJhbGciOiJIUzI1NiIsInR5cCI6IkpXVCJ9.eyJpZCI6IjkwOTdlNDgyLTMxZmItNGE0ZS1hMGY5LTE0N2NjMzZlNDE2NCIsImVtYWlsIjoiYWRtaW4tMTc2MzU1NTg0NDYwMUB3b3JrZXJ0eXBlLmNvbSIsIm9yZ2FuaXphdGlvbklkIjoiODNiYTE0YmQtMzhhOC00MWUyLTgzMzUtZDkzYTFjMWY4Yzc5IiwiZW1wbG95ZWVJZCI6bnVsbCwidHlwZSI6InRlbmFudCIsImVuYWJsZWRQcm9kdWN0cyI6WyJwYXlsaW5xIl0sInByb2R1Y3RSb2xlcyI6e30sIm9yZ2FuaXphdGlvblRpZXIiOiJwcm9mZXNzaW9uYWwiLCJpYXQiOjE3NjM1NTU4NDQsImV4cCI6MTc2MzU1Njc0NH0.qzakLMPNc7o8BjFsoy3IADMIO9nzQiEow7tBlvhnwBk; tenant_refresh_token=eyJhbGciOiJIUzI1NiIsInR5cCI6IkpXVCJ9.eyJpZCI6IjkwOTdlNDgyLTMxZmItNGE0ZS1hMGY5LTE0N2NjMzZlNDE2NCIsIm9yZ2FuaXphdGlvbklkIjoiODNiYTE0YmQtMzhhOC00MWUyLTgzMzUtZDkzYTFjMWY4Yzc5IiwidG9rZW5JZCI6ImRjYTA4YjY0LTkxNzEtNDZiYy05MDZlLTRiYjI1MTA4ZDkzOSIsInR5cGUiOiJ0ZW5hbnQiLCJpYXQiOjE3NjM1NTU4NDQsImV4cCI6MTc2NDE2MDY0NH0.W8yA8OR4T2qz6gE2QDhMTxMEejPOC8M9CefhUkl133Y

      at log (src/products/paylinq/routes/routes.js:49:11)

  console.log
    =========================

      at log (src/products/paylinq/routes/routes.js:50:11)

{"level":"warn","message":"Validation failed","metadata":{"metadata":{"environment":"test","errors":[{"field":"payType","message":"\"payType\" is required","type":"any.required"}],"hostname":"localhost","instanceId":"unknown","ip":"::ffff:127.0.0.1","method":"POST","path":"/","service":"recruitiq-api","source":"body","timestamp":"2025-11-19 09:37:25.921"},"timestamp":"2025-11-19 09:37:25.921"}}
{"level":"warn","message":"Request error","metadata":{"metadata":{"duration":"15ms","environment":"test","hostname":"localhost","instanceId":"unknown","method":"POST","path":"/","requestId":"1763555845907-b8mho3ckz","responseSize":"0KB","service":"recruitiq-api","status":400,"timestamp":"2025-11-19 09:37:25.922","userId":"9097e482-31fb-4a4e-a0f9-147cc36e4164"},"timestamp":"2025-11-19 09:37:25.922"}}
{"level":"info","message":"Incoming request","metadata":{"metadata":{"environment":"test","hostname":"localhost","instanceId":"unknown","ip":"::ffff:127.0.0.1","method":"PUT","path":"/api/products/paylinq/worker-types/undefined","query":{},"requestId":"1763555845929-1tpf56zy1","service":"recruitiq-api","timestamp":"2025-11-19 09:37:25.929"},"timestamp":"2025-11-19 09:37:25.929"}}
  console.log
    Signed cookies: [Object: null prototype] { _csrf: 'xbJwq4rPzX6IhRK-Q28pueoU' }

      at log (src/products/paylinq/routes/routes.js:48:11)

  console.log
    Raw cookie header: _csrf=s%3AxbJwq4rPzX6IhRK-Q28pueoU.W2YtHy5GnZG2E6kMs897AXj42mryA4QuJJ0BFoa8Aig; tenant_access_token=eyJhbGciOiJIUzI1NiIsInR5cCI6IkpXVCJ9.eyJpZCI6IjkwOTdlNDgyLTMxZmItNGE0ZS1hMGY5LTE0N2NjMzZlNDE2NCIsImVtYWlsIjoiYWRtaW4tMTc2MzU1NTg0NDYwMUB3b3JrZXJ0eXBlLmNvbSIsIm9yZ2FuaXphdGlvbklkIjoiODNiYTE0YmQtMzhhOC00MWUyLTgzMzUtZDkzYTFjMWY4Yzc5IiwiZW1wbG95ZWVJZCI6bnVsbCwidHlwZSI6InRlbmFudCIsImVuYWJsZWRQcm9kdWN0cyI6WyJwYXlsaW5xIl0sInByb2R1Y3RSb2xlcyI6e30sIm9yZ2FuaXphdGlvblRpZXIiOiJwcm9mZXNzaW9uYWwiLCJpYXQiOjE3NjM1NTU4NDQsImV4cCI6MTc2MzU1Njc0NH0.qzakLMPNc7o8BjFsoy3IADMIO9nzQiEow7tBlvhnwBk; tenant_refresh_token=eyJhbGciOiJIUzI1NiIsInR5cCI6IkpXVCJ9.eyJpZCI6IjkwOTdlNDgyLTMxZmItNGE0ZS1hMGY5LTE0N2NjMzZlNDE2NCIsIm9yZ2FuaXphdGlvbklkIjoiODNiYTE0YmQtMzhhOC00MWUyLTgzMzUtZDkzYTFjMWY4Yzc5IiwidG9rZW5JZCI6ImRjYTA4YjY0LTkxNzEtNDZiYy05MDZlLTRiYjI1MTA4ZDkzOSIsInR5cGUiOiJ0ZW5hbnQiLCJpYXQiOjE3NjM1NTU4NDQsImV4cCI6MTc2NDE2MDY0NH0.W8yA8OR4T2qz6gE2QDhMTxMEejPOC8M9CefhUkl133Y

      at log (src/products/paylinq/routes/routes.js:49:11)

  console.log
    =========================

      at log (src/products/paylinq/routes/routes.js:50:11)

{"level":"warn","message":"Validation failed","metadata":{"metadata":{"environment":"test","errors":[{"field":"id","message":"\"id\" must be a valid GUID","type":"string.guid"}],"hostname":"localhost","instanceId":"unknown","ip":"::ffff:127.0.0.1","method":"PUT","path":"/undefined","service":"recruitiq-api","source":"params","timestamp":"2025-11-19 09:37:25.944"},"timestamp":"2025-11-19 09:37:25.944"}}
{"level":"warn","message":"Request error","metadata":{"metadata":{"duration":"16ms","environment":"test","hostname":"localhost","instanceId":"unknown","method":"PUT","path":"/undefined","requestId":"1763555845929-1tpf56zy1","responseSize":"0KB","service":"recruitiq-api","status":400,"timestamp":"2025-11-19 09:37:25.945","userId":"9097e482-31fb-4a4e-a0f9-147cc36e4164"},"timestamp":"2025-11-19 09:37:25.945"}}
FAIL tests/products/paylinq/integration/workerTypeAPI.test.js (5.889 s)
  ΓùÅ Worker Type API Integration Tests ΓÇ║ POST /api/products/paylinq/worker-types - Create Template ΓÇ║ should create worker type template with valid 
data

    expected 201 "Created", got 400 "Bad Request"

    [0m [90m 175 |[39m         [33m.[39m[36mset[39m([32m'X-CSRF-Token'[39m[33m,[39m csrfToken)
     [90m 176 |[39m         [33m.[39msend(templateData)
    [31m[1m>[22m[39m[90m 177 |[39m         [33m.[39mexpect([35m201[39m)[33m;[39m
     [90m     |[39m          [31m[1m^[22m[39m
     [90m 178 |[39m
     [90m 179 |[39m       [90m// Assert: Resource-specific key (NOT generic "data")[39m
     [90m 180 |[39m       expect(response[33m.[39mbody[33m.[39msuccess)[33m.[39mtoBe([36mtrue[39m)[33m;[39m[0m

      at Object.<anonymous> (tests/products/paylinq/integration/workerTypeAPI.test.js:177:10)
      ----
      at Test._assertStatus (node_modules/supertest/lib/test.js:309:14)
      at node_modules/supertest/lib/test.js:365:13
      at Test._assertFunction (node_modules/supertest/lib/test.js:342:13)
      at Test.assert (node_modules/supertest/lib/test.js:195:23)
      at localAssert (node_modules/supertest/lib/test.js:138:14)
      at Server.<anonymous> (node_modules/supertest/lib/test.js:152:11)

  ΓùÅ Worker Type API Integration Tests ΓÇ║ POST /api/products/paylinq/worker-types - Create Template ΓÇ║ should verify template is stored in database

    expect(received).toBe(expected) // Object.is equality

    Expected: 1
    Received: 0

    [0m [90m 203 |[39m       )[33m;[39m
     [90m 204 |[39m
    [31m[1m>[22m[39m[90m 205 |[39m       expect(result[33m.[39mrows[33m.[39mlength)[33m.[39mtoBe([35m1[39m)[33m;[39m
     [90m     |[39m                                  [31m[1m^[22m[39m
     [90m 206 |[39m       [36mconst[39m dbTemplate [33m=[39m result[33m.[39mrows[[35m0[39m][33m;[39m
     [90m 207 |[39m       
     [90m 208 |[39m       expect(dbTemplate[33m.[39mname)[33m.[39mtoBe([32m'Full-Time Employee'[39m)[33m;[39m[0m

      at Object.<anonymous> (tests/products/paylinq/integration/workerTypeAPI.test.js:205:34)

  ΓùÅ Worker Type API Integration Tests ΓÇ║ POST /api/products/paylinq/worker-types - Create Template ΓÇ║ should return 409 for duplicate code

    expected 409 "Conflict", got 400 "Bad Request"

    [0m [90m 243 |[39m         [33m.[39m[36mset[39m([32m'X-CSRF-Token'[39m[33m,[39m csrfToken)
     [90m 244 |[39m         [33m.[39msend(duplicateData)
    [31m[1m>[22m[39m[90m 245 |[39m         [33m.[39mexpect([35m409[39m)[33m;[39m
     [90m     |[39m          [31m[1m^[22m[39m
     [90m 246 |[39m
     [90m 247 |[39m       expect(response[33m.[39mbody[33m.[39msuccess)[33m.[39mtoBe([36mfalse[39m)[33m;[39m
     [90m 248 |[39m       expect(response[33m.[39mbody[33m.[39merrorCode)[33m.[39mtoBe([32m'CONFLICT'[39m)[33m;[39m[0m

      at Object.<anonymous> (tests/products/paylinq/integration/workerTypeAPI.test.js:245:10)
      ----
      at Test._assertStatus (node_modules/supertest/lib/test.js:309:14)
      at node_modules/supertest/lib/test.js:365:13
      at Test._assertFunction (node_modules/supertest/lib/test.js:342:13)
      at Test.assert (node_modules/supertest/lib/test.js:195:23)
      at localAssert (node_modules/supertest/lib/test.js:138:14)
      at Server.<anonymous> (node_modules/supertest/lib/test.js:152:11)

  ΓùÅ Worker Type API Integration Tests ΓÇ║ POST /api/products/paylinq/worker-types - Create Template ΓÇ║ should return 401 without authentication

    expected 401 "Unauthorized", got 403 "Forbidden"

    [0m [90m 260 |[39m         [33m.[39mpost([32m'/api/products/paylinq/worker-types'[39m)
     [90m 261 |[39m         [33m.[39msend(templateData)
    [31m[1m>[22m[39m[90m 262 |[39m         [33m.[39mexpect([35m401[39m)[33m;[39m
     [90m     |[39m          [31m[1m^[22m[39m
     [90m 263 |[39m     })[33m;[39m
     [90m 264 |[39m   })[33m;[39m
     [90m 265 |[39m[0m

      at Object.<anonymous> (tests/products/paylinq/integration/workerTypeAPI.test.js:262:10)
      ----
      at Test._assertStatus (node_modules/supertest/lib/test.js:309:14)
      at node_modules/supertest/lib/test.js:365:13
      at Test._assertFunction (node_modules/supertest/lib/test.js:342:13)
      at Test.assert (node_modules/supertest/lib/test.js:195:23)
      at localAssert (node_modules/supertest/lib/test.js:138:14)
      at Server.<anonymous> (node_modules/supertest/lib/test.js:152:11)

  ΓùÅ Worker Type API Integration Tests ΓÇ║ GET /api/products/paylinq/worker-types - List Templates ΓÇ║ should return list of worker type templates

    expect(received).toBeGreaterThanOrEqual(expected)

    Expected: >= 3
    Received:    0

    [0m [90m 300 |[39m       expect(response[33m.[39mbody[33m.[39mworkerTypeTemplates)[33m.[39mtoBeDefined()[33m;[39m
     [90m 301 |[39m       
expect([33mArray[39m[33m.[39misArray(response[33m.[39mbody[33m.[39mworkerTypeTemplates))[33m.[39mtoBe([36mtrue[39m)[33m;[39m
    [31m[1m>[22m[39m[90m 302 |[39m       
expect(response[33m.[39mbody[33m.[39mworkerTypeTemplates[33m.[39mlength)[33m.[39mtoBeGreaterThanOrEqual([35m3[39m)[33m;[39m
     [90m     |[39m                                                        [31m[1m^[22m[39m
     [90m 303 |[39m       expect(response[33m.[39mbody)[33m.[39mnot[33m.[39mtoHaveProperty([32m'data'[39m)[33m;[39m
     [90m 304 |[39m
     [90m 305 |[39m       [90m// Verify camelCase formatting[39m[0m

      at Object.<anonymous> (tests/products/paylinq/integration/workerTypeAPI.test.js:302:56)

  ΓùÅ Worker Type API Integration Tests ΓÇ║ GET /api/products/paylinq/worker-types - List Templates ΓÇ║ should only return templates for authenticated 
organization

    expect(received).toBe(expected) // Object.is equality

    Expected: 1
    Received: 0

    [0m [90m 339 |[39m       )[33m;[39m
     [90m 340 |[39m
    [31m[1m>[22m[39m[90m 341 |[39m       expect(dbResult[33m.[39mrows[33m.[39mlength)[33m.[39mtoBe([35m1[39m)[33m;[39m
     [90m     |[39m                                    [31m[1m^[22m[39m
     [90m 342 |[39m       expect(dbResult[33m.[39mrows[[35m0[39m][33m.[39morganization_id)[33m.[39mtoBe(organizationId)[33m;[39m
     [90m 343 |[39m     })[33m;[39m
     [90m 344 |[39m   })[33m;[39m[0m

      at Object.<anonymous> (tests/products/paylinq/integration/workerTypeAPI.test.js:341:36)

  ΓùÅ Worker Type API Integration Tests ΓÇ║ GET /api/products/paylinq/worker-types/:id - Get Template by ID ΓÇ║ should return worker type template by ID

    expected 200 "OK", got 400 "Bad Request"

    [0m [90m 348 |[39m       [36mconst[39m response [33m=[39m [36mawait[39m agent
     [90m 349 |[39m         [33m.[39m[36mget[39m([32m`/api/products/paylinq/worker-types/${testTemplateId}`[39m)
    [31m[1m>[22m[39m[90m 350 |[39m         [33m.[39mexpect([35m200[39m)[33m;[39m
     [90m     |[39m          [31m[1m^[22m[39m
     [90m 351 |[39m
     [90m 352 |[39m       [90m// Assert: Resource-specific key[39m
     [90m 353 |[39m       expect(response[33m.[39mbody[33m.[39msuccess)[33m.[39mtoBe([36mtrue[39m)[33m;[39m[0m

      at Object.<anonymous> (tests/products/paylinq/integration/workerTypeAPI.test.js:350:10)
      ----
      at Test._assertStatus (node_modules/supertest/lib/test.js:309:14)
      at node_modules/supertest/lib/test.js:365:13
      at Test._assertFunction (node_modules/supertest/lib/test.js:342:13)
      at Test.assert (node_modules/supertest/lib/test.js:195:23)
      at localAssert (node_modules/supertest/lib/test.js:138:14)
      at Server.<anonymous> (node_modules/supertest/lib/test.js:152:11)

  ΓùÅ Worker Type API Integration Tests ΓÇ║ GET /api/products/paylinq/worker-types/:id - Get Template by ID ΓÇ║ should return 404 for non-existent 
template

    expected 404 "Not Found", got 500 "Internal Server Error"

    [0m [90m 367 |[39m       [36mconst[39m response [33m=[39m [36mawait[39m agent
     [90m 368 |[39m         [33m.[39m[36mget[39m([32m`/api/products/paylinq/worker-types/${fakeId}`[39m)
    [31m[1m>[22m[39m[90m 369 |[39m         [33m.[39mexpect([35m404[39m)[33m;[39m
     [90m     |[39m          [31m[1m^[22m[39m
     [90m 370 |[39m
     [90m 371 |[39m       expect(response[33m.[39mbody[33m.[39msuccess)[33m.[39mtoBe([36mfalse[39m)[33m;[39m
     [90m 372 |[39m       expect(response[33m.[39mbody[33m.[39merrorCode)[33m.[39mtoBe([32m'NOT_FOUND'[39m)[33m;[39m[0m

      at Object.<anonymous> (tests/products/paylinq/integration/workerTypeAPI.test.js:369:10)
      ----
      at Test._assertStatus (node_modules/supertest/lib/test.js:309:14)
      at node_modules/supertest/lib/test.js:365:13
      at Test._assertFunction (node_modules/supertest/lib/test.js:342:13)
      at Test.assert (node_modules/supertest/lib/test.js:195:23)
      at localAssert (node_modules/supertest/lib/test.js:138:14)
      at Server.<anonymous> (node_modules/supertest/lib/test.js:152:11)

  ΓùÅ Worker Type API Integration Tests ΓÇ║ GET /api/products/paylinq/worker-types/:id - Get Template by ID ΓÇ║ should return 403 for cross-organization 
access

    expected 403 "Forbidden", got 400 "Bad Request"

    [0m [90m 377 |[39m       [36mconst[39m response [33m=[39m [36mawait[39m agent2
     [90m 378 |[39m         [33m.[39m[36mget[39m([32m`/api/products/paylinq/worker-types/${testTemplateId}`[39m)
    [31m[1m>[22m[39m[90m 379 |[39m         [33m.[39mexpect([35m403[39m)[33m;[39m
     [90m     |[39m          [31m[1m^[22m[39m
     [90m 380 |[39m
     [90m 381 |[39m       expect(response[33m.[39mbody[33m.[39msuccess)[33m.[39mtoBe([36mfalse[39m)[33m;[39m
     [90m 382 |[39m       expect(response[33m.[39mbody[33m.[39merrorCode)[33m.[39mtoBe([32m'FORBIDDEN'[39m)[33m;[39m[0m

      at Object.<anonymous> (tests/products/paylinq/integration/workerTypeAPI.test.js:379:10)
      ----
      at Test._assertStatus (node_modules/supertest/lib/test.js:309:14)
      at node_modules/supertest/lib/test.js:365:13
      at Test._assertFunction (node_modules/supertest/lib/test.js:342:13)
      at Test.assert (node_modules/supertest/lib/test.js:195:23)
      at localAssert (node_modules/supertest/lib/test.js:138:14)
      at Server.<anonymous> (node_modules/supertest/lib/test.js:152:11)

  ΓùÅ Worker Type API Integration Tests ΓÇ║ PUT /api/products/paylinq/worker-types/:id - Update Template ΓÇ║ should update worker type template

    expected 200 "OK", got 400 "Bad Request"

    [0m [90m 397 |[39m         [33m.[39m[36mset[39m([32m'X-CSRF-Token'[39m[33m,[39m csrfToken)
     [90m 398 |[39m         [33m.[39msend(updateData)
    [31m[1m>[22m[39m[90m 399 |[39m         [33m.[39mexpect([35m200[39m)[33m;[39m
     [90m     |[39m          [31m[1m^[22m[39m
     [90m 400 |[39m
     [90m 401 |[39m       [90m// Assert: Resource-specific key[39m
     [90m 402 |[39m       expect(response[33m.[39mbody[33m.[39msuccess)[33m.[39mtoBe([36mtrue[39m)[33m;[39m[0m

      at Object.<anonymous> (tests/products/paylinq/integration/workerTypeAPI.test.js:399:10)
      ----
      at Test._assertStatus (node_modules/supertest/lib/test.js:309:14)
      at node_modules/supertest/lib/test.js:365:13
      at Test._assertFunction (node_modules/supertest/lib/test.js:342:13)
      at Test.assert (node_modules/supertest/lib/test.js:195:23)
      at localAssert (node_modules/supertest/lib/test.js:138:14)
      at Server.<anonymous> (node_modules/supertest/lib/test.js:152:11)

  ΓùÅ Worker Type API Integration Tests ΓÇ║ PUT /api/products/paylinq/worker-types/:id - Update Template ΓÇ║ should verify update persisted in database

    expect(received).toBe(expected) // Object.is equality

    Expected: 1
    Received: 0

    [0m [90m 416 |[39m       )[33m;[39m
     [90m 417 |[39m
    [31m[1m>[22m[39m[90m 418 |[39m       expect(result[33m.[39mrows[33m.[39mlength)[33m.[39mtoBe([35m1[39m)[33m;[39m
     [90m     |[39m                                  [31m[1m^[22m[39m
     [90m 419 |[39m       [36mconst[39m dbTemplate [33m=[39m result[33m.[39mrows[[35m0[39m][33m;[39m
     [90m 420 |[39m       
     [90m 421 |[39m       expect(dbTemplate[33m.[39mname)[33m.[39mtoBe([32m'Full-Time Employee Updated'[39m)[33m;[39m[0m

      at Object.<anonymous> (tests/products/paylinq/integration/workerTypeAPI.test.js:418:34)

  ΓùÅ Worker Type API Integration Tests ΓÇ║ PUT /api/products/paylinq/worker-types/:id - Update Template ΓÇ║ should return 403 for cross-organization 
update attempt

    expected 403 "Forbidden", got 400 "Bad Request"

    [0m [90m 448 |[39m         [33m.[39m[36mset[39m([32m'X-CSRF-Token'[39m[33m,[39m csrfToken2)
     [90m 449 |[39m         [33m.[39msend(updateData)
    [31m[1m>[22m[39m[90m 450 |[39m         [33m.[39mexpect([35m403[39m)[33m;[39m
     [90m     |[39m          [31m[1m^[22m[39m
     [90m 451 |[39m
     [90m 452 |[39m       expect(response[33m.[39mbody[33m.[39msuccess)[33m.[39mtoBe([36mfalse[39m)[33m;[39m
     [90m 453 |[39m       expect(response[33m.[39mbody[33m.[39merrorCode)[33m.[39mtoBe([32m'FORBIDDEN'[39m)[33m;[39m[0m

      at Object.<anonymous> (tests/products/paylinq/integration/workerTypeAPI.test.js:450:10)
      ----
      at Test._assertStatus (node_modules/supertest/lib/test.js:309:14)
      at node_modules/supertest/lib/test.js:365:13
      at Test._assertFunction (node_modules/supertest/lib/test.js:342:13)
      at Test.assert (node_modules/supertest/lib/test.js:195:23)
      at localAssert (node_modules/supertest/lib/test.js:138:14)
      at Server.<anonymous> (node_modules/supertest/lib/test.js:152:11)

  ΓùÅ Worker Type API Integration Tests ΓÇ║ DELETE /api/products/paylinq/worker-types/:id - Delete Template ΓÇ║ should soft delete worker type template

    TypeError: Cannot read properties of undefined (reading 'id')

    [0m [90m 477 |[39m         })[33m;[39m
     [90m 478 |[39m
    [31m[1m>[22m[39m[90m 479 |[39m       deleteTestTemplateId [33m=[39m 
response[33m.[39mbody[33m.[39mworkerTypeTemplate[33m.[39mid[33m;[39m
     [90m     |[39m                                                               [31m[1m^[22m[39m
     [90m 480 |[39m     })[33m;[39m
     [90m 481 |[39m
     [90m 482 |[39m     it([32m'should soft delete worker type template'[39m[33m,[39m [36masync[39m () [33m=>[39m {[0m

      at Object.<anonymous> (tests/products/paylinq/integration/workerTypeAPI.test.js:479:63)

  ΓùÅ Worker Type API Integration Tests ΓÇ║ DELETE /api/products/paylinq/worker-types/:id - Delete Template ΓÇ║ should verify soft delete in database

    TypeError: Cannot read properties of undefined (reading 'id')

    [0m [90m 477 |[39m         })[33m;[39m
     [90m 478 |[39m
    [31m[1m>[22m[39m[90m 479 |[39m       deleteTestTemplateId [33m=[39m 
response[33m.[39mbody[33m.[39mworkerTypeTemplate[33m.[39mid[33m;[39m
     [90m     |[39m                                                               [31m[1m^[22m[39m
     [90m 480 |[39m     })[33m;[39m
     [90m 481 |[39m
     [90m 482 |[39m     it([32m'should soft delete worker type template'[39m[33m,[39m [36masync[39m () [33m=>[39m {[0m

      at Object.<anonymous> (tests/products/paylinq/integration/workerTypeAPI.test.js:479:63)

  ΓùÅ Worker Type API Integration Tests ΓÇ║ DELETE /api/products/paylinq/worker-types/:id - Delete Template ΓÇ║ should not return soft-deleted template 
in list

    TypeError: Cannot read properties of undefined (reading 'id')

    [0m [90m 477 |[39m         })[33m;[39m
     [90m 478 |[39m
    [31m[1m>[22m[39m[90m 479 |[39m       deleteTestTemplateId [33m=[39m 
response[33m.[39mbody[33m.[39mworkerTypeTemplate[33m.[39mid[33m;[39m
     [90m     |[39m                                                               [31m[1m^[22m[39m
     [90m 480 |[39m     })[33m;[39m
     [90m 481 |[39m
     [90m 482 |[39m     it([32m'should soft delete worker type template'[39m[33m,[39m [36masync[39m () [33m=>[39m {[0m

      at Object.<anonymous> (tests/products/paylinq/integration/workerTypeAPI.test.js:479:63)

  ΓùÅ Worker Type API Integration Tests ΓÇ║ DELETE /api/products/paylinq/worker-types/:id - Delete Template ΓÇ║ should return 404 when trying to get 
soft-deleted template

    TypeError: Cannot read properties of undefined (reading 'id')

    [0m [90m 477 |[39m         })[33m;[39m
     [90m 478 |[39m
    [31m[1m>[22m[39m[90m 479 |[39m       deleteTestTemplateId [33m=[39m 
response[33m.[39mbody[33m.[39mworkerTypeTemplate[33m.[39mid[33m;[39m
     [90m     |[39m                                                               [31m[1m^[22m[39m
     [90m 480 |[39m     })[33m;[39m
     [90m 481 |[39m
     [90m 482 |[39m     it([32m'should soft delete worker type template'[39m[33m,[39m [36masync[39m () [33m=>[39m {[0m

      at Object.<anonymous> (tests/products/paylinq/integration/workerTypeAPI.test.js:479:63)

  ΓùÅ Worker Type API Integration Tests ΓÇ║ POST /api/products/paylinq/worker-type-assignments - Assign Worker Type ΓÇ║ should assign worker type to 
employee

    expected 201 "Created", got 404 "Not Found"

    [0m [90m 551 |[39m         [33m.[39m[36mset[39m([32m'X-CSRF-Token'[39m[33m,[39m csrfToken)
     [90m 552 |[39m         [33m.[39msend(assignmentData)
    [31m[1m>[22m[39m[90m 553 |[39m         [33m.[39mexpect([35m201[39m)[33m;[39m
     [90m     |[39m          [31m[1m^[22m[39m
     [90m 554 |[39m
     [90m 555 |[39m       [90m// Assert: Resource-specific key[39m
     [90m 556 |[39m       expect(response[33m.[39mbody[33m.[39msuccess)[33m.[39mtoBe([36mtrue[39m)[33m;[39m[0m

      at Object.<anonymous> (tests/products/paylinq/integration/workerTypeAPI.test.js:553:10)
      ----
      at Test._assertStatus (node_modules/supertest/lib/test.js:309:14)
      at node_modules/supertest/lib/test.js:365:13
      at Test._assertFunction (node_modules/supertest/lib/test.js:342:13)
      at Test.assert (node_modules/supertest/lib/test.js:195:23)
      at localAssert (node_modules/supertest/lib/test.js:138:14)
      at Server.<anonymous> (node_modules/supertest/lib/test.js:152:11)

  ΓùÅ Worker Type API Integration Tests ΓÇ║ POST /api/products/paylinq/worker-type-assignments - Assign Worker Type ΓÇ║ should verify assignment in 
database

    error: relation "payroll.worker_type_assignment" does not exist

    [0m [90m 570 |[39m
     [90m 571 |[39m     it([32m'should verify assignment in database'[39m[33m,[39m [36masync[39m () [33m=>[39m {
    [31m[1m>[22m[39m[90m 572 |[39m       [36mconst[39m result [33m=[39m [36mawait[39m pool[33m.[39mquery(
     [90m     |[39m                      [31m[1m^[22m[39m
     [90m 573 |[39m         [32m`SELECT * FROM payroll.worker_type_assignment [39m
     [90m 574 |[39m [32m         WHERE employee_id = $1 AND organization_id = $2 AND deleted_at IS NULL`[39m[33m,[39m
     [90m 575 |[39m         [testEmployeeId[33m,[39m organizationId][0m

      at node_modules/pg-pool/index.js:45:11
      at Object.<anonymous> (tests/products/paylinq/integration/workerTypeAPI.test.js:572:22)

  ΓùÅ Worker Type API Integration Tests ΓÇ║ POST /api/products/paylinq/worker-type-assignments - Assign Worker Type ΓÇ║ should return 400 for invalid 
date range

    expected 400 "Bad Request", got 404 "Not Found"

    [0m [90m 615 |[39m         [33m.[39m[36mset[39m([32m'X-CSRF-Token'[39m[33m,[39m csrfToken)
     [90m 616 |[39m         [33m.[39msend(invalidData)
    [31m[1m>[22m[39m[90m 617 |[39m         [33m.[39mexpect([35m400[39m)[33m;[39m
     [90m     |[39m          [31m[1m^[22m[39m
     [90m 618 |[39m
     [90m 619 |[39m       expect(response[33m.[39mbody[33m.[39msuccess)[33m.[39mtoBe([36mfalse[39m)[33m;[39m
     [90m 620 |[39m       expect(response[33m.[39mbody[33m.[39merrorCode)[33m.[39mtoBe([32m'VALIDATION_ERROR'[39m)[33m;[39m[0m

      at Object.<anonymous> (tests/products/paylinq/integration/workerTypeAPI.test.js:617:10)
      ----
      at Test._assertStatus (node_modules/supertest/lib/test.js:309:14)
      at node_modules/supertest/lib/test.js:365:13
      at Test._assertFunction (node_modules/supertest/lib/test.js:342:13)
      at Test.assert (node_modules/supertest/lib/test.js:195:23)
      at localAssert (node_modules/supertest/lib/test.js:138:14)
      at Server.<anonymous> (node_modules/supertest/lib/test.js:152:11)

  ΓùÅ Worker Type API Integration Tests ΓÇ║ GET /api/products/paylinq/worker-type-assignments/current/:employeeId - Get Current Assignment ΓÇ║ should 
return current worker type assignment

    expected 200 "OK", got 404 "Not Found"

    [0m [90m 626 |[39m       [36mconst[39m response [33m=[39m [36mawait[39m agent
     [90m 627 |[39m         [33m.[39m[36mget[39m([32m`/api/products/paylinq/worker-type-assignments/current/${testEmployeeId}`[39m)
    [31m[1m>[22m[39m[90m 628 |[39m         [33m.[39mexpect([35m200[39m)[33m;[39m
     [90m     |[39m          [31m[1m^[22m[39m
     [90m 629 |[39m
     [90m 630 |[39m       expect(response[33m.[39mbody[33m.[39msuccess)[33m.[39mtoBe([36mtrue[39m)[33m;[39m
     [90m 631 |[39m       expect(response[33m.[39mbody[33m.[39mworkerTypeAssignment)[33m.[39mtoBeDefined()[33m;[39m[0m

      at Object.<anonymous> (tests/products/paylinq/integration/workerTypeAPI.test.js:628:10)
      ----
      at Test._assertStatus (node_modules/supertest/lib/test.js:309:14)
      at node_modules/supertest/lib/test.js:365:13
      at Test._assertFunction (node_modules/supertest/lib/test.js:342:13)
      at Test.assert (node_modules/supertest/lib/test.js:195:23)
      at localAssert (node_modules/supertest/lib/test.js:138:14)
      at Server.<anonymous> (node_modules/supertest/lib/test.js:152:11)

  ΓùÅ Worker Type API Integration Tests ΓÇ║ GET /api/products/paylinq/worker-type-assignments/current/:employeeId - Get Current Assignment ΓÇ║ should 
return null when no current assignment

    expected 200 "OK", got 404 "Not Found"

    [0m [90m 652 |[39m       [36mconst[39m response [33m=[39m [36mawait[39m agent
     [90m 653 |[39m         [33m.[39m[36mget[39m([32m`/api/products/paylinq/worker-type-assignments/current/${employee.id}`[39m)
    [31m[1m>[22m[39m[90m 654 |[39m         [33m.[39mexpect([35m200[39m)[33m;[39m
     [90m     |[39m          [31m[1m^[22m[39m
     [90m 655 |[39m
     [90m 656 |[39m       expect(response[33m.[39mbody[33m.[39msuccess)[33m.[39mtoBe([36mtrue[39m)[33m;[39m
     [90m 657 |[39m       expect(response[33m.[39mbody[33m.[39mworkerTypeAssignment)[33m.[39mtoBeNull()[33m;[39m[0m

      at Object.<anonymous> (tests/products/paylinq/integration/workerTypeAPI.test.js:654:10)
      ----
      at Test._assertStatus (node_modules/supertest/lib/test.js:309:14)
      at node_modules/supertest/lib/test.js:365:13
      at Test._assertFunction (node_modules/supertest/lib/test.js:342:13)
      at Test.assert (node_modules/supertest/lib/test.js:195:23)
      at localAssert (node_modules/supertest/lib/test.js:138:14)
      at Server.<anonymous> (node_modules/supertest/lib/test.js:152:11)

  ΓùÅ Worker Type API Integration Tests ΓÇ║ GET /api/products/paylinq/worker-type-assignments/history/:employeeId - Get Assignment History ΓÇ║ should 
return assignment history

    expected 200 "OK", got 404 "Not Found"

    [0m [90m 663 |[39m       [36mconst[39m response [33m=[39m [36mawait[39m agent
     [90m 664 |[39m         [33m.[39m[36mget[39m([32m`/api/products/paylinq/worker-type-assignments/history/${testEmployeeId}`[39m)
    [31m[1m>[22m[39m[90m 665 |[39m         [33m.[39mexpect([35m200[39m)[33m;[39m
     [90m     |[39m          [31m[1m^[22m[39m
     [90m 666 |[39m
     [90m 667 |[39m       expect(response[33m.[39mbody[33m.[39msuccess)[33m.[39mtoBe([36mtrue[39m)[33m;[39m
     [90m 668 |[39m       expect(response[33m.[39mbody[33m.[39mworkerTypeAssignments)[33m.[39mtoBeDefined()[33m;[39m[0m

      at Object.<anonymous> (tests/products/paylinq/integration/workerTypeAPI.test.js:665:10)
      ----
      at Test._assertStatus (node_modules/supertest/lib/test.js:309:14)
      at node_modules/supertest/lib/test.js:365:13
      at Test._assertFunction (node_modules/supertest/lib/test.js:342:13)
      at Test.assert (node_modules/supertest/lib/test.js:195:23)
      at localAssert (node_modules/supertest/lib/test.js:138:14)
      at Server.<anonymous> (node_modules/supertest/lib/test.js:152:11)

  ΓùÅ Worker Type API Integration Tests ΓÇ║ GET /api/products/paylinq/worker-type-assignments/history/:employeeId - Get Assignment History ΓÇ║ should 
return empty array for employee with no history

    expected 200 "OK", got 404 "Not Found"

    [0m [90m 689 |[39m       [36mconst[39m response [33m=[39m [36mawait[39m agent
     [90m 690 |[39m         [33m.[39m[36mget[39m([32m`/api/products/paylinq/worker-type-assignments/history/${employee.id}`[39m)
    [31m[1m>[22m[39m[90m 691 |[39m         [33m.[39mexpect([35m200[39m)[33m;[39m
     [90m     |[39m          [31m[1m^[22m[39m
     [90m 692 |[39m
     [90m 693 |[39m       expect(response[33m.[39mbody[33m.[39msuccess)[33m.[39mtoBe([36mtrue[39m)[33m;[39m
     [90m 694 |[39m       expect(response[33m.[39mbody[33m.[39mworkerTypeAssignments)[33m.[39mtoEqual([])[33m;[39m[0m

      at Object.<anonymous> (tests/products/paylinq/integration/workerTypeAPI.test.js:691:10)
      ----
      at Test._assertStatus (node_modules/supertest/lib/test.js:309:14)
      at node_modules/supertest/lib/test.js:365:13
      at Test._assertFunction (node_modules/supertest/lib/test.js:342:13)
      at Test.assert (node_modules/supertest/lib/test.js:195:23)
      at localAssert (node_modules/supertest/lib/test.js:138:14)
      at Server.<anonymous> (node_modules/supertest/lib/test.js:152:11)

  ΓùÅ Worker Type API Integration Tests ΓÇ║ GET /api/products/paylinq/worker-types/reports/employee-count - Employee Count by Worker Type ΓÇ║ should 
return employee counts grouped by worker type

    expected 200 "OK", got 404 "Not Found"

    [0m [90m 702 |[39m       [36mconst[39m response [33m=[39m [36mawait[39m agent
     [90m 703 |[39m         [33m.[39m[36mget[39m([32m'/api/products/paylinq/worker-types/reports/employee-count'[39m)
    [31m[1m>[22m[39m[90m 704 |[39m         [33m.[39mexpect([35m200[39m)[33m;[39m
     [90m     |[39m          [31m[1m^[22m[39m
     [90m 705 |[39m
     [90m 706 |[39m       expect(response[33m.[39mbody[33m.[39msuccess)[33m.[39mtoBe([36mtrue[39m)[33m;[39m
     [90m 707 |[39m       expect(response[33m.[39mbody[33m.[39memployeeCounts)[33m.[39mtoBeDefined()[33m;[39m[0m

      at Object.<anonymous> (tests/products/paylinq/integration/workerTypeAPI.test.js:704:10)
      ----
      at Test._assertStatus (node_modules/supertest/lib/test.js:309:14)
      at node_modules/supertest/lib/test.js:365:13
      at Test._assertFunction (node_modules/supertest/lib/test.js:342:13)
      at Test.assert (node_modules/supertest/lib/test.js:195:23)
      at localAssert (node_modules/supertest/lib/test.js:138:14)
      at Server.<anonymous> (node_modules/supertest/lib/test.js:152:11)

  ΓùÅ Worker Type API Integration Tests ΓÇ║ Tenant Isolation ΓÇ║ should not allow org1 to access org2 template

    TypeError: Cannot read properties of undefined (reading 'id')

    [0m [90m 735 |[39m         })[33m;[39m
     [90m 736 |[39m
    [31m[1m>[22m[39m[90m 737 |[39m       org2TemplateId [33m=[39m response[33m.[39mbody[33m.[39mworkerTypeTemplate[33m.[39mid[33m;[39m
     [90m     |[39m                                                         [31m[1m^[22m[39m
     [90m 738 |[39m     })[33m;[39m
     [90m 739 |[39m
     [90m 740 |[39m     it([32m'should not allow org1 to access org2 template'[39m[33m,[39m [36masync[39m () [33m=>[39m {[0m

      at Object.<anonymous> (tests/products/paylinq/integration/workerTypeAPI.test.js:737:57)

  ΓùÅ Worker Type API Integration Tests ΓÇ║ Tenant Isolation ΓÇ║ should not allow org1 to update org2 template

    TypeError: Cannot read properties of undefined (reading 'id')

    [0m [90m 735 |[39m         })[33m;[39m
     [90m 736 |[39m
    [31m[1m>[22m[39m[90m 737 |[39m       org2TemplateId [33m=[39m response[33m.[39mbody[33m.[39mworkerTypeTemplate[33m.[39mid[33m;[39m
     [90m     |[39m                                                         [31m[1m^[22m[39m
     [90m 738 |[39m     })[33m;[39m
     [90m 739 |[39m
     [90m 740 |[39m     it([32m'should not allow org1 to access org2 template'[39m[33m,[39m [36masync[39m () [33m=>[39m {[0m

      at Object.<anonymous> (tests/products/paylinq/integration/workerTypeAPI.test.js:737:57)

  ΓùÅ Worker Type API Integration Tests ΓÇ║ Tenant Isolation ΓÇ║ should not allow org1 to delete org2 template

    TypeError: Cannot read properties of undefined (reading 'id')

    [0m [90m 735 |[39m         })[33m;[39m
     [90m 736 |[39m
    [31m[1m>[22m[39m[90m 737 |[39m       org2TemplateId [33m=[39m response[33m.[39mbody[33m.[39mworkerTypeTemplate[33m.[39mid[33m;[39m
     [90m     |[39m                                                         [31m[1m^[22m[39m
     [90m 738 |[39m     })[33m;[39m
     [90m 739 |[39m
     [90m 740 |[39m     it([32m'should not allow org1 to access org2 template'[39m[33m,[39m [36masync[39m () [33m=>[39m {[0m

      at Object.<anonymous> (tests/products/paylinq/integration/workerTypeAPI.test.js:737:57)

  ΓùÅ Worker Type API Integration Tests ΓÇ║ Tenant Isolation ΓÇ║ should not return org2 templates in org1 list

    TypeError: Cannot read properties of undefined (reading 'id')

    [0m [90m 735 |[39m         })[33m;[39m
     [90m 736 |[39m
    [31m[1m>[22m[39m[90m 737 |[39m       org2TemplateId [33m=[39m response[33m.[39mbody[33m.[39mworkerTypeTemplate[33m.[39mid[33m;[39m
     [90m     |[39m                                                         [31m[1m^[22m[39m
     [90m 738 |[39m     })[33m;[39m
     [90m 739 |[39m
     [90m 740 |[39m     it([32m'should not allow org1 to access org2 template'[39m[33m,[39m [36masync[39m () [33m=>[39m {[0m

      at Object.<anonymous> (tests/products/paylinq/integration/workerTypeAPI.test.js:737:57)

  ΓùÅ Worker Type API Integration Tests ΓÇ║ Edge Cases ΓÇ║ should handle template with minimal data

    expected 201 "Created", got 400 "Bad Request"

    [0m [90m 808 |[39m         [33m.[39m[36mset[39m([32m'X-CSRF-Token'[39m[33m,[39m csrfToken)
     [90m 809 |[39m         [33m.[39msend(minimalData)
    [31m[1m>[22m[39m[90m 810 |[39m         [33m.[39mexpect([35m201[39m)[33m;[39m
     [90m     |[39m          [31m[1m^[22m[39m
     [90m 811 |[39m
     [90m 812 |[39m       expect(response[33m.[39mbody[33m.[39msuccess)[33m.[39mtoBe([36mtrue[39m)[33m;[39m
     [90m 813 |[39m       expect(response[33m.[39mbody[33m.[39mworkerTypeTemplate[33m.[39mname)[33m.[39mtoBe([32m'Minimal 
Template'[39m)[33m;[39m[0m

      at Object.<anonymous> (tests/products/paylinq/integration/workerTypeAPI.test.js:810:10)
      ----
      at Test._assertStatus (node_modules/supertest/lib/test.js:309:14)
      at node_modules/supertest/lib/test.js:365:13
      at Test._assertFunction (node_modules/supertest/lib/test.js:342:13)
      at Test.assert (node_modules/supertest/lib/test.js:195:23)
      at localAssert (node_modules/supertest/lib/test.js:138:14)
      at Server.<anonymous> (node_modules/supertest/lib/test.js:152:11)

  ΓùÅ Worker Type API Integration Tests ΓÇ║ Edge Cases ΓÇ║ should handle template with all fields populated

    expected 201 "Created", got 400 "Bad Request"

    [0m [90m 834 |[39m         [33m.[39m[36mset[39m([32m'X-CSRF-Token'[39m[33m,[39m csrfToken)
     [90m 835 |[39m         [33m.[39msend(completeData)
    [31m[1m>[22m[39m[90m 836 |[39m         [33m.[39mexpect([35m201[39m)[33m;[39m
     [90m     |[39m          [31m[1m^[22m[39m
     [90m 837 |[39m
     [90m 838 |[39m       expect(response[33m.[39mbody[33m.[39msuccess)[33m.[39mtoBe([36mtrue[39m)[33m;[39m
     [90m 839 |[39m       expect(response[33m.[39mbody[33m.[39mworkerTypeTemplate[33m.[39mdescription)[33m.[39mtoBe([32m'All fields 
populated'[39m)[33m;[39m[0m

      at Object.<anonymous> (tests/products/paylinq/integration/workerTypeAPI.test.js:836:10)
      ----
      at Test._assertStatus (node_modules/supertest/lib/test.js:309:14)
      at node_modules/supertest/lib/test.js:365:13
      at Test._assertFunction (node_modules/supertest/lib/test.js:342:13)
      at Test.assert (node_modules/supertest/lib/test.js:195:23)
      at localAssert (node_modules/supertest/lib/test.js:138:14)
      at Server.<anonymous> (node_modules/supertest/lib/test.js:152:11)

  ΓùÅ Worker Type API Integration Tests ΓÇ║ Edge Cases ΓÇ║ should handle updating single field

    expected 200 "OK", got 400 "Bad Request"

    [0m [90m 846 |[39m         [33m.[39m[36mset[39m([32m'X-CSRF-Token'[39m[33m,[39m csrfToken)
     [90m 847 |[39m         [33m.[39msend({ description[33m:[39m [32m'Only description updated'[39m })
    [31m[1m>[22m[39m[90m 848 |[39m         [33m.[39mexpect([35m200[39m)[33m;[39m
     [90m     |[39m          [31m[1m^[22m[39m
     [90m 849 |[39m
     [90m 850 |[39m       expect(response[33m.[39mbody[33m.[39msuccess)[33m.[39mtoBe([36mtrue[39m)[33m;[39m
     [90m 851 |[39m       expect(response[33m.[39mbody[33m.[39mworkerTypeTemplate[33m.[39mdescription)[33m.[39mtoBe([32m'Only description 
updated'[39m)[33m;[39m[0m

      at Object.<anonymous> (tests/products/paylinq/integration/workerTypeAPI.test.js:848:10)
      ----
      at Test._assertStatus (node_modules/supertest/lib/test.js:309:14)
      at node_modules/supertest/lib/test.js:365:13
      at Test._assertFunction (node_modules/supertest/lib/test.js:342:13)
      at Test.assert (node_modules/supertest/lib/test.js:195:23)
      at localAssert (node_modules/supertest/lib/test.js:138:14)
      at Server.<anonymous> (node_modules/supertest/lib/test.js:152:11)


  ΓùÅ Test suite failed to run

    error: relation "payroll.worker_type_assignment" does not exist

    [0m [90m 141 |[39m     [36mawait[39m cleanupTestEmployees(org2Id)[33m;[39m
     [90m 142 |[39m     
    [31m[1m>[22m[39m[90m 143 |[39m     [36mawait[39m pool[33m.[39mquery([32m'DELETE FROM payroll.worker_type_assignment WHERE organization_id 
= $1'[39m[33m,[39m [organizationId])[33m;[39m
     [90m     |[39m     [31m[1m^[22m[39m
     [90m 144 |[39m     [36mawait[39m pool[33m.[39mquery([32m'DELETE FROM payroll.worker_type_template WHERE organization_id = 
$1'[39m[33m,[39m [organizationId])[33m;[39m
     [90m 145 |[39m     [36mawait[39m pool[33m.[39mquery([32m'DELETE FROM hris.user_account WHERE organization_id = $1'[39m[33m,[39m 
[organizationId])[33m;[39m
     [90m 146 |[39m     [36mawait[39m pool[33m.[39mquery([32m'DELETE FROM organizations WHERE id = $1'[39m[33m,[39m 
[organizationId])[33m;[39m[0m

      at node_modules/pg-pool/index.js:45:11
      at Object.<anonymous> (tests/products/paylinq/integration/workerTypeAPI.test.js:143:5)

--------------------------------------|---------|----------|---------|---------|------------------------------------------------------------------------------------------------------------------------------------------------------------------------------
File                                  | % Stmts | % Branch | % Funcs | % Lines | Uncovered Line #s                                                                                                                                                            
--------------------------------------|---------|----------|---------|---------|------------------------------------------------------------------------------------------------------------------------------------------------------------------------------
All files                             |    8.23 |     5.04 |    6.66 |    8.37 |                                                                                                                                                                              
 config                               |   48.88 |    58.82 |   47.22 |   49.42 |                                                                                                                                                                              
  centralDatabase.js                  |   31.25 |    36.36 |   14.28 |   31.25 | 44,48,57-61,70-73,80-99,107-128,139-145                                                                                                                                      
  cookie.js                           |      60 |    35.29 |      50 |      60 | 32,92-111                                                                                                                                                                    
  database.js                         |      48 |    68.75 |   28.57 |      48 | 29-30,47,54,66,73-75,81,89-100,106-119,128-132                                                                                                                               
  index.js                            |   29.57 |    65.08 |      25 |   30.88 | 246-247,251-254,258-259,263-266,271-273,295-296,305-355                                                                                                                      
  validator.js                        |   73.03 |     57.4 |   83.33 |   73.56 | 32,37,41,54,59,88,93,98,111,117,135,140-141,187,196-199,225-239                                                                                                              
 controllers                          |    2.04 |        0 |       0 |    2.05 |                                                                                                                                                                              
  applicationController.js            |       0 |        0 |       0 |       0 | 8-578                                                                                                                                                                        
  applicationController.refactored.js |    1.69 |        0 |       0 |    1.69 | 17-296                                                                                                                                                                       
  candidateController.js              |    1.63 |        0 |       0 |    1.66 | 18-260                                                                                                                                                                       
  communicationController.js          |    2.04 |        0 |       0 |    2.08 | 25-225                                                                                                                                                                       
  emailSettingsController.js          |       0 |        0 |       0 |       0 | 17-337                                                                                                                                                                       
  flowTemplateController.js           |    2.52 |        0 |       0 |    2.52 | 42-420                                                                                                                                                                       
  interviewController.js              |       0 |        0 |       0 |       0 | 8-563                                                                                                                                                                        
  interviewController.refactored.js   |    1.49 |        0 |       0 |    1.49 | 17-330                                                                                                                                                                       
  jobController.js                    |    1.31 |        0 |       0 |    1.31 | 18-352                                                                                                                                                                       
  mfaController.js                    |    3.57 |        0 |       0 |    3.57 | 23-53,66-104,117-289,302-447,461-554,567-634,646-689                                                                                                                         
  organizationController.js           |    1.49 |        0 |       0 |    1.51 | 22-223                                                                                                                                                                       
  platformUserController.js           |    7.87 |        0 |       0 |    7.87 | 41-104,116-180,192-230,242-316,328-392,404-441,453-482                                                                                                                       
  publicController.js                 |    0.73 |        0 |       0 |    0.74 | 13-45,87-679                                                                                                                                                                 
  userController.js                   |     2.8 |        0 |       0 |     2.8 | 32-366                                                                                                                                                                       
  workspaceController.js              |    1.48 |        0 |       0 |    1.48 | 24-481                                                                                                                                                                       
 controllers/auth                     |   20.72 |    17.24 |    9.09 |   20.72 |                                                                                                                                                                              
  platformAuthController.js           |    6.49 |        0 |       0 |    6.49 | 19-128,139-219,230-269,281-311,323-340                                                                                                                                       
  tenantAuthController.js             |   30.17 |    27.39 |   16.66 |   30.17 | 24,34,44,52,60,71-73,88-93,109,187-188,200-309,321-362,374-409,421-441,454-512                                                                                               
 controllers/paylinq                  |       0 |        0 |       0 |       0 |                                                                                                                                                                              
  componentController.js              |       0 |        0 |       0 |       0 | 15-102                                                                                                                                                                       
 database                             |       0 |        0 |       0 |       0 |                                                                                                                                                                              
  seed-admin-users.js                 |       0 |        0 |       0 |       0 | 7-297                                                                                                                                                                        
 dto                                  |       0 |        0 |       0 |       0 |                                                                                                                                                                              
  componentDto.js                     |       0 |        0 |       0 |       0 | 12-131                                                                                                                                                                       
 integrations                         |   12.87 |       20 |    12.5 |      13 |                                                                                                                                                                              
  cloudwatch.js                       |   12.19 |    16.66 |   14.28 |    12.5 | 20-166                                                                                                                                                                       
  datadog.js                          |   13.33 |       22 |   11.11 |   13.33 | 23-281                                                                                                                                                                       
 middleware                           |   28.03 |    23.06 |   33.79 |   27.98 |                                                                                                                                                                              
  auth.js                             |   26.17 |    16.03 |   38.46 |   26.35 | 19-100,130-136,147-153,161-167,175,191,199,207,222,249-253,258-259,273-294,306-337,353-358,362-370,386-407,418-459,478-529                                                   
  auth.old.js                         |       0 |        0 |       0 |       0 | 7-349                                                                                                                                                                        
  checkFeature.js                     |    5.08 |        0 |   14.28 |    5.35 | 16-111,123-215                                                                                                                                                               
  cors.js                             |   23.72 |     12.5 |   63.63 |   23.72 | 24-60,121-176,186-192,206                                                                                                                                                    
  csrf.js                             |   48.78 |    52.77 |   77.77 |   48.71 | 119-120,133-138,154-217                                                                                                                                                      
  errorHandler.js                     |   33.33 |     35.2 |      20 |   33.58 | 23-58,76-118,153-159,162-164,166-171,174-176,178-184,187-189,191-193,202-206,211-215,221-223,231-243,252-265,274-277,288,293,324,333,342-343,357,362-363,373,389-399,431-442 
  fileUpload.js                       |       0 |        0 |       0 |       0 | 23-319                                                                                                                                                                       
  massAssignmentProtection.js         |    4.49 |     2.63 |    5.88 |    4.54 | 74-296,327-347                                                                                                                                                               
  queryLogger.js                      |   32.69 |       25 |    12.5 |   32.69 | 71,79-80,87,103-231                                                                                                                                                          
  rateLimit.js                        |   41.11 |    35.36 |      32 |   41.11 | 19,29-69,78-81,87-88,98,152-168,185-198,231-240,267,320-346,386-390                                                                                                          
  requestId.js                        |     100 |      100 |     100 |     100 |                                                                                                                                                                              
  requestLogger.js                    |   95.45 |    64.28 |     100 |   95.45 | 68                                                                                                                                                                           
  requestSecurity.js                  |   67.96 |    53.12 |    87.5 |    68.9 | 68,82,96-100,114,122-123,128-135,142,153,189,203,210,225,234,241,253,276-282,305-311,326-336,345-352,407,432-437                                                             
  requireFeature.js                   |       0 |        0 |       0 |       0 | 13-429                                                                                                                                                                       
  requireOrganization.js              |   66.66 |       50 |     100 |   66.66 | 23-31,46-54                                                                                                                                                                  
  securityHeaders.js                  |      90 |       50 |     100 |      90 | 133-134                                                                                                                                                                      
  securityMonitoring.js               |       0 |        0 |       0 |       0 | 17-323                                                                                                                                                                       
  timezone.js                         |   61.29 |       50 |      80 |   61.29 | 28-29,34-35,40-41,55,66-86                                                                                                                                                   
  validation.js                       |   25.92 |    13.55 |   45.45 |   25.31 | 19,29-33,87-94,122,128-334                                                                                                                                                   
 models                               |    5.71 |     6.04 |    6.75 |    5.82 |                                                                                                                                                                              
  Organization.js                     |       0 |        0 |       0 |       0 | 14-135                                                                                                                                                                       
  PlatformUser.js                     |       0 |        0 |       0 |       0 | 25-376                                                                                                                                                                       
  RefreshToken.js                     |       0 |        0 |       0 |       0 | 10-248                                                                                                                                                                       
  TenantUser.js                       |   17.02 |    14.94 |    23.8 |   17.14 | 24-112,148,151,154,157,195,198,201,204,215-262,291-346,354,357,366-508                                                                                                       
  User.js                             |       0 |        0 |       0 |       0 | 18-401                                                                                                                                                                       
 modules/license                      |       0 |        0 |       0 |       0 |                                                                                                                                                                              
  index.js                            |       0 |        0 |       0 |       0 |                                                                                                                                                                              
 modules/license/config               |       0 |        0 |       0 |       0 |                                                                                                                                                                              
  database.js                         |       0 |        0 |       0 |       0 | 4-31                                                                                                                                                                         
 modules/license/controllers          |    1.53 |        0 |       0 |    1.57 |                                                                                                                                                                              
  adminController.js                  |     1.2 |        0 |       0 |    1.23 | 11-244                                                                                                                                                                       
  customerController.js               |    1.49 |        0 |       0 |    1.61 | 11-142                                                                                                                                                                       
  licenseController.js                |    1.21 |        0 |       0 |    1.23 | 9-209                                                                                                                                                                        
  telemetryController.js              |    2.77 |        0 |       0 |    2.77 | 7-90                                                                                                                                                                         
  tierController.js                   |    1.63 |        0 |       0 |    1.63 | 9-185                                                                                                                                                                        
  validationController.js             |    1.63 |        0 |       0 |    1.63 | 7-166                                                                                                                                                                        
 modules/license/middleware           |   10.71 |        0 |   16.66 |   10.71 |                                                                                                                                                                              
  audit.js                            |   14.28 |        0 |      25 |   14.28 | 9-53                                                                                                                                                                         
  auth.js                             |       0 |        0 |       0 |       0 | 7-69                                                                                                                                                                         
  errorHandler.js                     |      25 |        0 |      25 |      25 | 5-39,49,60                                                                                                                                                                   
 modules/license/models               |       0 |        0 |       0 |       0 |                                                                                                                                                                              
  AdminUser.js                        |       0 |        0 |       0 |       0 | 7-115                                                                                                                                                                        
  Customer.js                         |       0 |        0 |       0 |       0 | 19-243                                                                                                                                                                       
  Instance.js                         |       0 |        0 |       0 |       0 | 13-123                                                                                                                                                                       
  License.js                          |       0 |        0 |       0 |       0 | 18-366                                                                                                                                                                       
  TierPreset.js                       |       0 |        0 |       0 |       0 | 12-222                                                                                                                                                                       
  UsageEvent.js                       |       0 |        0 |       0 |       0 | 15-184                                                                                                                                                                       
 modules/license/routes               |     100 |      100 |     100 |     100 |                                                                                                                                                                              
  admin.js                            |     100 |      100 |     100 |     100 |                                                                                                                                                                              
  telemetry.js                        |     100 |      100 |     100 |     100 |                                                                                                                                                                              
  tiers.js                            |     100 |      100 |     100 |     100 |                                                                                                                                                                              
  validation.js                       |     100 |      100 |     100 |     100 |                                                                                                                                                                              
 modules/license/services             |       0 |        0 |       0 |       0 |                                                                                                                                                                              
  LicenseGenerator.js                 |       0 |        0 |       0 |       0 | 12-197                                                                                                                                                                       
  LicenseValidator.js                 |       0 |        0 |       0 |       0 | 14-278                                                                                                                                                                       
  TierManagement.js                   |       0 |        0 |       0 |       0 | 18-390                                                                                                                                                                       
  UsageTracker.js                     |       0 |        0 |       0 |       0 | 12-204                                                                                                                                                                       
 products/core                        |   49.28 |    44.44 |   44.89 |   49.64 |                                                                                                                                                                              
  ProductLoader.js                    |   53.27 |    57.14 |   55.55 |   53.77 | 40,48-49,62-63,103-104,116-123,139-163,208-209,218,223,228,238,252-308                                                                                                       
  ProductManager.js                   |   46.34 |       25 |   26.66 |   46.34 | 23-24,44,59-61,100-237                                                                                                                                                       
  RouteRegistry.js                    |   47.25 |     37.5 |      50 |   47.77 | 28-29,37,45-46,58-59,106-107,118,129-195,222,240-264,277,285                                                                                                                 
  index.js                            |       0 |        0 |       0 |       0 |                                                                                                                                                                              
 products/nexus                       |      40 |      100 |       0 |      40 |                                                                                                                                                                              
  index.js                            |      40 |      100 |       0 |      40 | 32-36,54-75                                                                                                                                                                  
 products/nexus/config                |       0 |        0 |       0 |       0 |                                                                                                                                                                              
  productConfig.js                    |       0 |        0 |       0 |       0 |                                                                                                                                                                              
 products/nexus/controllers           |    9.78 |        0 |    7.04 |      10 |                                                                                                                                                                              
  attendanceController.js             |   13.51 |        0 |   11.11 |   13.88 | 20-26,35-47,56-64,73-90,99-105,114-135,144-150,159-165                                                                                                                       
  benefitsController.js               |   13.04 |        0 |    9.09 |   13.33 | 22-28,37-45,54-68,77-85,96-102,111-119,128-144,153-161,170-177,186-193                                                                                                       
  contractController.js               |   12.64 |        0 |      10 |   13.09 | 20-26,35-43,52-67,76-84,93-101,110-126,135-143,152-163,172-179                                                                                                               
  departmentController.js             |   13.69 |        0 |   11.11 |   14.08 | 20-26,35-43,52-60,69-77,86-102,111-118,127-133,142-155                                                                                                                       
  documentController.js               |   12.74 |        0 |    8.33 |   13.13 | 20-26,35-43,52-60,69-77,86-103,112-125,134-141,150-156,165-187,196-203,212-218                                                                                               
  employeeController.js               |   12.96 |        0 |    8.33 |   13.59 | 22-28,37-45,54-88,97-105,114-122,131-146,155-165,174-184,193-201,210-216,225-237                                                                                             
  index.js                            |       0 |        0 |       0 |       0 |                                                                                                                                                                              
  locationController.js               |   13.33 |        0 |   11.11 |   13.69 | 20-26,35-43,52-60,69-77,86-103,112-120,129-137,146-152                                                                                                                       
  performanceController.js            |   12.87 |        0 |    8.33 |    13.4 | 22-28,37-45,54-68,77-85,94-100,111-117,126-134,143-157,166-172,183-189,198-211                                                                                               
  productConfigController.js          |       0 |        0 |       0 |       0 | 14-147                                                                                                                                                                       
  productController.js                |       0 |        0 |       0 |       0 | 14-189                                                                                                                                                                       
  productFeatureController.js         |       0 |        0 |       0 |       0 | 14-239                                                                                                                                                                       
  productPermissionController.js      |       0 |        0 |       0 |       0 | 14-217                                                                                                                                                                       
  reportsController.js                |   14.28 |        0 |    12.5 |   14.28 | 20-26,35-50,59-74,83-98,107-122,131-137,146-152                                                                                                                              
  timeOffController.js                |   12.85 |        0 |    12.5 |   13.63 | 20-26,35-43,52-60,69-88,97-104,113-119,128-151                                                                                                                               
  userAccessController.js             |    9.09 |        0 |       0 |    9.09 | 16-64,76-103,116-143,155-189                                                                                                                                                 
 products/nexus/middleware            |       0 |        0 |       0 |       0 |                                                                                                                                                                              
  authAdapter.js                      |       0 |        0 |       0 |       0 | 10-22                                                                                                                                                                        
 products/nexus/models                |       0 |        0 |       0 |       0 |                                                                                                                                                                              
  Product.js                          |       0 |        0 |       0 |       0 | 8-125                                                                                                                                                                        
  ProductConfig.js                    |       0 |        0 |       0 |       0 | 8-82                                                                                                                                                                         
  ProductFeature.js                   |       0 |        0 |       0 |       0 | 8-147                                                                                                                                                                        
  ProductPermission.js                |       0 |        0 |       0 |       0 | 8-140                                                                                                                                                                        
  index.js                            |       0 |        0 |       0 |       0 |                                                                                                                                                                              
 products/nexus/repositories          |       0 |        0 |       0 |       0 |                                                                                                                                                                              
  attendanceRepository.js             |       0 |        0 |       0 |       0 | 12-233                                                                                                                                                                       
  benefitsRepository.js               |       0 |        0 |       0 |       0 | 12-274                                                                                                                                                                       
  contractRepository.js               |       0 |        0 |       0 |       0 | 12-365                                                                                                                                                                       
  departmentRepository.js             |       0 |        0 |       0 |       0 | 12-236                                                                                                                                                                       
  documentRepository.js               |       0 |        0 |       0 |       0 | 12-231                                                                                                                                                                       
  employeeRepository.js               |       0 |        0 |       0 |       0 | 12-549                                                                                                                                                                       
  index.js                            |       0 |      100 |     100 |       0 | 11-14                                                                                                                                                                        
  locationRepository.js               |       0 |        0 |       0 |       0 | 12-217                                                                                                                                                                       
  performanceRepository.js            |       0 |        0 |       0 |       0 | 12-321                                                                                                                                                                       
  productConfigRepository.js          |       0 |        0 |       0 |       0 | 12-207                                                                                                                                                                       
  productFeatureRepository.js         |       0 |        0 |       0 |       0 | 12-221                                                                                                                                                                       
  productPermissionRepository.js      |       0 |        0 |       0 |       0 | 12-264                                                                                                                                                                       
  productRepository.js                |       0 |        0 |       0 |       0 | 12-359                                                                                                                                                                       
  timeOffRepository.js                |       0 |        0 |       0 |       0 | 12-467                                                                                                                                                                       
 products/nexus/routes                |    77.2 |        0 |       0 |   78.67 |                                                                                                                                                                              
  index.js                            |     100 |      100 |     100 |     100 |                                                                                                                                                                              
  productConfigRoutes.js              |     100 |      100 |     100 |     100 |                                                                                                                                                                              
  productFeatureRoutes.js             |     100 |      100 |     100 |     100 |                                                                                                                                                                              
  productManagementRoutes.js          |     100 |      100 |     100 |     100 |                                                                                                                                                                              
  productPermissionRoutes.js          |     100 |      100 |     100 |     100 |                                                                                                                                                                              
  productRoutes.js                    |     100 |      100 |     100 |     100 |                                                                                                                                                                              
  systemRoutes.js                     |   16.94 |        0 |       0 |   18.18 | 8-13,17-22,26-30,35-40,45-49,54-58,63-69,74-79,84-93                                                                                                                         
 products/nexus/services              |    0.88 |        0 |    9.23 |    0.88 |                                                                                                                                                                              
  attendanceService.js                |    0.66 |        0 |    8.33 |    0.66 | 18-575                                                                                                                                                                       
  benefitsService.js                  |    0.62 |        0 |    8.33 |    0.62 | 20-603                                                                                                                                                                       
  contractService.js                  |    0.83 |        0 |    12.5 |    0.83 | 18-425                                                                                                                                                                       
  departmentService.js                |    0.76 |        0 |    12.5 |    0.76 | 18-461                                                                                                                                                                       
  documentService.js                  |    0.58 |        0 |    7.69 |    0.58 | 18-684                                                                                                                                                                       
  employeeService.js                  |    0.63 |        0 |    7.69 |    0.63 | 18-557                                                                                                                                                                       
  employmentHistoryService.js         |    1.28 |        0 |   14.28 |    1.28 | 19-479                                                                                                                                                                       
  index.js                            |       0 |        0 |       0 |       0 |                                                                                                                                                                              
  locationService.js                  |    0.63 |        0 |    9.09 |    0.63 | 18-560                                                                                                                                                                       
  performanceService.js               |    0.78 |        0 |   11.11 |    0.78 | 18-454                                                                                                                                                                       
  productConfigService.js             |       0 |        0 |       0 |       0 | 11-32                                                                                                                                                                        
  productFeatureService.js            |       0 |      100 |       0 |       0 | 11-75                                                                                                                                                                        
  productPermissionService.js         |       0 |      100 |       0 |       0 | 11-55                                                                                                                                                                        
  productService.js                   |    3.29 |        0 |    9.09 |    3.29 | 36-352                                                                                                                                                                       
  reportsService.js                   |    1.19 |        0 |    12.5 |    1.19 | 18-600                                                                                                                                                                       
  timeOffService.js                   |    1.02 |        0 |    12.5 |    1.02 | 18-391                                                                                                                                                                       
 products/paylinq                     |      60 |      100 |      20 |      60 |                                                                                                                                                                              
  index.js                            |      60 |      100 |      20 |      60 | 57-78                                                                                                                                                                        
 products/paylinq/config              |       0 |        0 |       0 |       0 |                                                                                                                                                                              
  product.config.js                   |       0 |        0 |       0 |       0 | 285-333                                                                                                                                                                      
 products/paylinq/controllers         |    2.31 |     1.31 |     0.8 |    2.32 |                                                                                                                                                                              
  PayrollRunTypeController.js         |    1.04 |        0 |       0 |    1.04 | 27-347                                                                                                                                                                       
  compensationController.js           |       0 |        0 |       0 |       0 | 15-249                                                                                                                                                                       
  dashboardController.js              |     2.7 |        0 |       0 |     2.7 | 19-172                                                                                                                                                                       
  deductionController.js              |       0 |        0 |       0 |       0 | 15-274                                                                                                                                                                       
  employeeRecordController.js         |       0 |        0 |       0 |       0 | 15-305                                                                                                                                                                       
  formulaController.js                |   11.62 |        0 |       0 |   11.62 | 12-32,46-66,80-122,135-243                                                                                                                                                   
  formulaTemplateController.js        |   13.51 |        0 |       0 |   13.51 | 15-33,42-53,62-73,82-96,105-122,131-143,152-169,178-190,199-211,220-236                                                                                                      
  payComponentController.js           |       1 |        0 |       0 |       1 | 18-465                                                                                                                                                                       
  payPeriodController.js              |   11.94 |        0 |       0 |   11.94 | 17-36,50-74,88-108,122-142,156-168,182-204,218-239                                                                                                                           
  payStructureController.js           |    0.43 |        0 |       0 |    0.43 | 21-1004                                                                                                                                                                      
  paycheckController.js               |       0 |        0 |       0 |       0 | 18-657                                                                                                                                                                       
  paymentController.js                |       0 |        0 |       0 |       0 | 15-422                                                                                                                                                                       
  payrollRunController.js             |       0 |        0 |       0 |       0 | 19-1130                                                                                                                                                                      
  payslipTemplateController.js        |       0 |        0 |       0 |       0 | 15-448                                                                                                                                                                       
  reconciliationController.js         |       0 |        0 |       0 |       0 | 21-521                                                                                                                                                                       
  reportsController.js                |       0 |        0 |       0 |       0 | 16-519                                                                                                                                                                       
  schedulingController.js             |       0 |        0 |       0 |       0 | 23-562                                                                                                                                                                       
  settingsController.js               |   13.63 |        0 |       0 |   13.63 | 13-48,61-79,92-111,124-137,150-166,179-192                                                                                                                                   
  taxRateController.js                |       0 |        0 |       0 |       0 | 15-460                                                                                                                                                                       
  taxRulesController.js               |    3.81 |        0 |       0 |    3.87 | 15-110,122-181,193-317,329-455,467-546                                                                                                                                       
  timeAttendanceController.js         |    0.71 |        0 |       0 |    0.71 | 18-619                                                                                                                                                                       
  timesheetController.js              |       0 |        0 |       0 |       0 | 15-486                                                                                                                                                                       
  userAccessController.js             |       0 |        0 |       0 |       0 | 17-211                                                                                                                                                                       
  workerTypeController.js             |   21.62 |    31.57 |   28.57 |   21.62 | 18-61,107-112,131-139,163-346                                                                                                                                                
 products/paylinq/dto                 |       0 |        0 |       0 |       0 |                                                                                                                                                                              
  complianceDto.js                    |       0 |        0 |       0 |       0 | 12-102                                                                                                                                                                       
  componentDto.js                     |       0 |        0 |       0 |       0 |                                                                                                                                                                              
  payComponentDto.js                  |       0 |        0 |       0 |       0 | 24-217                                                                                                                                                                       
  paycheckDto.js                      |       0 |        0 |       0 |       0 | 12-77                                                                                                                                                                        
  payrollRunTypeDto.js                |       0 |        0 |       0 |       0 | 13-114                                                                                                                                                                       
  runComponentDto.js                  |       0 |        0 |       0 |       0 | 26-248                                                                                                                                                                       
  schedulingDto.js                    |       0 |        0 |       0 |       0 | 14-184                                                                                                                                                                       
  taxRuleDto.js                       |       0 |        0 |       0 |       0 | 10-77                                                                                                                                                                        
  workerTypeDto.js                    |       0 |        0 |       0 |       0 | 16-191                                                                                                                                                                       
 products/paylinq/repositories        |    0.82 |     4.04 |    4.94 |    0.83 |                                                                                                                                                                              
  AllowanceRepository.js              |    3.03 |    17.64 |   16.66 |    3.03 | 27-258                                                                                                                                                                       
  ExchangeRateRepository.js           |       0 |        0 |       0 |       0 | 17-497                                                                                                                                                                       
  PayrollRunTypeRepository.js         |    0.92 |      4.1 |    12.5 |    0.92 | 26-491                                                                                                                                                                       
  complianceRepository.js             |       0 |        0 |       0 |       0 | 10-324                                                                                                                                                                       
  dashboardRepository.js              |    3.03 |     7.69 |   16.66 |    3.03 | 25-269                                                                                                                                                                       
  deductionRepository.js              |    1.07 |     5.66 |    7.14 |    1.07 | 26-465                                                                                                                                                                       
  payComponentRepository.js           |    0.76 |     5.26 |       5 |    0.76 | 31-636                                                                                                                                                                       
  payStructureRepository.js           |    0.57 |     1.62 |    3.22 |    0.59 | 27-1030                                                                                                                                                                      
  paymentRepository.js                |       0 |        0 |       0 |       0 | 18-450                                                                                                                                                                       
  payrollRepository.js                |    0.67 |     3.07 |    2.77 |    0.67 | 29-1430                                                                                                                                                                      
  reconciliationRepository.js         |     0.9 |     6.38 |    5.55 |     0.9 | 31-551                                                                                                                                                                       
  schedulingRepository.js             |    0.63 |        5 |    6.25 |    0.63 | 31-656                                                                                                                                                                       
  taxEngineRepository.js              |    0.84 |     4.83 |     3.7 |    0.86 | 32-683                                                                                                                                                                       
  taxRepository.js                    |       0 |      100 |       0 |       0 | 13-48                                                                                                                                                                        
  timeAttendanceRepository.js         |    0.64 |      3.7 |    4.76 |    0.64 | 32-690                                                                                                                                                                       
  workerTypeRepository.js             |    4.47 |    18.51 |   13.33 |    4.47 | 29-90,118-416                                                                                                                                                                
 products/paylinq/routes              |   63.53 |     2.08 |     2.7 |   63.93 |                                                                                                                                                                              
  approvals.js                        |   16.04 |        0 |       0 |   16.04 | 37-62,76-92,106-148,162-196,210-244,258-272,286-296,310-326                                                                                                                  
  compensation.js                     |     100 |      100 |     100 |     100 |                                                                                                                                                                              
  currency.js                         |   18.01 |        0 |       0 |   18.18 | 71-83,94-114,125-155,168-185,198-216,228-241,254-275,291-311,322-334,349-360,373-390,401-410,422-431                                                                         
  dashboard.js                        |     100 |      100 |     100 |     100 |                                                                                                                                                                              
  deductions.js                       |     100 |      100 |     100 |     100 |                                                                                                                                                                              
  employees.js                        |     100 |      100 |     100 |     100 |                                                                                                                                                                              
  formula-templates.js                |     100 |      100 |     100 |     100 |                                                                                                                                                                              
  formulas.js                         |     100 |      100 |     100 |     100 |                                                                                                                                                                              
  index.js                            |       0 |        0 |       0 |       0 |                                                                                                                                                                              
  payComponents.js                    |     100 |      100 |     100 |     100 |                                                                                                                                                                              
  payStructures.js                    |     100 |      100 |     100 |     100 |                                                                                                                                                                              
  paychecks.js                        |     100 |      100 |     100 |     100 |                                                                                                                                                                              
  payments.js                         |     100 |      100 |     100 |     100 |                                                                                                                                                                              
  payrollRunTypes.js                  |     100 |      100 |     100 |     100 |                                                                                                                                                                              
  payrollRuns.js                      |     100 |      100 |     100 |     100 |                                                                                                                                                                              
  payslipTemplates.js                 |     100 |      100 |     100 |     100 |                                                                                                                                                                              
  reconciliation.js                   |     100 |      100 |     100 |     100 |                                                                                                                                                                              
  reports.js                          |     100 |      100 |     100 |     100 |                                                                                                                                                                              
  routes.js                           |    87.8 |       25 |     100 |    87.8 | 42-46                                                                                                                                                                        
  scheduling.js                       |     100 |      100 |     100 |     100 |                                                                                                                                                                              
  settings.js                         |     100 |      100 |     100 |     100 |                                                                                                                                                                              
  taxRates.js                         |     100 |      100 |     100 |     100 |                                                                                                                                                                              
  temporalPatterns.js                 |   10.66 |        0 |       0 |   11.11 | 53-96,129-166,195-253,281-328,356-403,426-483                                                                                                                                
  timeAttendance.js                   |   92.59 |      100 |       0 |   92.59 | 15,22                                                                                                                                                                        
  timesheets.js                       |     100 |      100 |     100 |     100 |                                                                                                                                                                              
  workerTypes.js                      |     100 |      100 |     100 |     100 |                                                                                                                                                                              
  workers.js                          |     100 |      100 |     100 |     100 |                                                                                                                                                                              
 products/paylinq/services            |    2.23 |     2.41 |     3.1 |    2.28 |                                                                                                                                                                              
  AllowanceService.js                 |    1.51 |     6.97 |   11.11 |    1.51 | 37-350                                                                                                                                                                       
  FormulaTemplateService.js           |       0 |        0 |       0 |       0 | 17-505                                                                                                                                                                       
  PayrollRunTypeService.js            |    1.76 |     7.14 |    6.66 |     1.8 | 37-534                                                                                                                                                                       
  approvalService.js                  |       0 |        0 |       0 |       0 | 24-558                                                                                                                                                                       
  benefitsService.js                  |       0 |        0 |       0 |       0 | 11-306                                                                                                                                                                       
  complianceService.js                |       0 |        0 |       0 |       0 | 19-304                                                                                                                                                                       
  currencyService.js                  |    4.05 |     0.69 |     3.5 |    4.07 | 46-1102                                                                                                                                                                      
  dashboardService.js                 |    2.77 |    14.28 |   16.66 |    2.77 | 26-153                                                                                                                                                                       
  deductionsService.js                |       0 |        0 |       0 |       0 | 9-240                                                                                                                                                                        
  formulaEngineService.js             |    0.86 |        0 |    7.69 |    0.92 | 33-443                                                                                                                                                                       
  integrationService.js               |       0 |        0 |       0 |       0 | 14-598                                                                                                                                                                       
  payComponentService.js              |    2.01 |     2.97 |     3.7 |    2.05 | 81-794                                                                                                                                                                       
  payPeriodService.js                 |    3.19 |       12 |    9.09 |    3.19 | 41-382                                                                                                                                                                       
  payScheduleService.js               |       0 |        0 |       0 |       0 | 9-71                                                                                                                                                                         
  payStructureService.js              |    1.72 |        0 |    1.72 |    1.78 | 132-1447                                                                                                                                                                     
  paymentService.js                   |       0 |        0 |       0 |       0 | 20-428                                                                                                                                                                       
  payrollService.js                   |    1.57 |        0 |       2 |    1.59 | 125-2384                                                                                                                                                                     
  payslipPdfService.js                |       0 |        0 |       0 |       0 | 19-746                                                                                                                                                                       
  payslipTemplateService.js           |    1.27 |        0 |       0 |    1.27 | 71-579                                                                                                                                                                       
  reconciliationService.js            |    3.07 |        0 |       5 |     3.1 | 28,58-545                                                                                                                                                                    
  reportingService.js                 |       0 |      100 |       0 |       0 | 11-55                                                                                                                                                                        
  schedulingService.js                |    1.87 |        0 |       5 |    1.89 | 23-30,80-625                                                                                                                                                                 
  taxCalculationService.js            |       2 |     4.18 |    2.85 |    2.05 | 104-1380                                                                                                                                                                     
  temporalPatternService.js           |    1.09 |     9.23 |    3.22 |    1.17 | 30-697                                                                                                                                                                       
  timeAttendanceService.js            |    2.27 |     7.59 |    2.38 |    2.27 | 44,78-963                                                                                                                                                                    
  workerTypeService.js                |   20.49 |       20 |   17.64 |   20.49 | 66-103,130,132,141-142,146-148,207-224,240,256-611                                                                                                                           
 products/paylinq/utils               |    9.17 |        0 |    4.16 |    12.2 |                                                                                                                                                                              
  dtoMapper.js                        |    9.17 |        0 |    4.16 |    12.2 | 70-149,267-423,590-752,819-832,886-899,943-1020,1064-1097                                                                                                                    
 products/schedulehub                 |      40 |      100 |       0 |      40 |                                                                                                                                                                              
  index.js                            |      40 |      100 |       0 |      40 | 35-39,57-78                                                                                                                                                                  
 products/schedulehub/config          |       0 |        0 |       0 |       0 |                                                                                                                                                                              
  productConfig.js                    |       0 |        0 |       0 |       0 |                                                                                                                                                                              
 products/schedulehub/controllers     |    12.1 |        0 |   10.76 |    12.1 |                                                                                                                                                                              
  availabilityController.js           |    12.3 |        0 |    12.5 |    12.3 | 19-32,41-56,65-77,86-105,114-137,146-168,177-191                                                                                                                             
  roleController.js                   |   12.04 |        0 |      10 |   12.04 | 19-32,41-56,65-78,87-100,109-123,132-151,160-173,182-196,205-227                                                                                                             
  scheduleController.js               |   11.65 |        0 |    8.33 |   11.65 | 19-32,41-59,68-86,95-109,118-133,142-158,167-183,192-206,215-229,238-247,256-278                                                                                             
  shiftTradeController.js             |   12.19 |        0 |      10 |   12.19 | 19-32,41-58,67-83,92-108,117-131,140-154,163-175,184-196,205-218                                                                                                             
  stationController.js                |   12.32 |        0 |   11.11 |   12.32 | 19-32,41-56,65-78,87-100,109-121,130-149,158-184,193-206                                                                                                                     
  timeOffController.js                |   12.72 |        0 |   14.28 |   12.72 | 19-32,41-65,74-90,99-107,116-125,134-147                                                                                                                                     
  workerController.js                 |   11.84 |        0 |   11.11 |   11.84 | 19-32,41-60,69-91,100-117,126-141,150-166,175-197,206-225                                                                                                                    
 products/schedulehub/routes          |     100 |      100 |     100 |     100 |                                                                                                                                                                              
  index.js                            |     100 |      100 |     100 |     100 |                                                                                                                                                                              
 products/schedulehub/services        |    1.66 |        0 |    8.13 |     1.7 |                                                                                                                                                                              
  availabilityService.js              |     1.6 |        0 |      10 |    1.61 | 41-498                                                                                                                                                                       
  integrationService.js               |       0 |        0 |       0 |       0 | 13-394                                                                                                                                                                       
  roleService.js                      |    2.12 |        0 |    9.09 |    2.27 | 27-234                                                                                                                                                                       
  scheduleService.js                  |    1.99 |        0 |    7.14 |    2.01 | 55-690                                                                                                                                                                       
  shiftService.js                     |       0 |        0 |       0 |       0 | 14-267                                                                                                                                                                       
  shiftTradeService.js                |    2.15 |        0 |   14.28 |    2.29 | 25-271                                                                                                                                                                       
  stationService.js                   |    2.35 |        0 |      10 |    2.56 | 27-209                                                                                                                                                                       
  timeOffService.js                   |    2.77 |        0 |   16.66 |    2.89 | 29-174                                                                                                                                                                       
  workerService.js                    |    1.38 |        0 |    7.14 |    1.38 | 57-758                                                                                                                                                                       
 repositories                         |    1.54 |     0.22 |    6.03 |    1.59 |                                                                                                                                                                              
  ApplicationRepository.js            |    1.28 |        0 |    7.69 |     1.3 | 21-482                                                                                                                                                                       
  BaseRepository.js                   |    3.96 |     3.12 |    7.14 |    4.08 | 27,40-378                                                                                                                                                                    
  CandidateRepository.js              |    2.77 |        0 |      10 |    2.81 | 24-331                                                                                                                                                                       
  FeatureGrantRepository.js           |     1.3 |        0 |    5.26 |    1.35 | 26-657                                                                                                                                                                       
  FeatureRepository.js                |    1.49 |        0 |    6.66 |    1.51 | 26-477                                                                                                                                                                       
  InterviewRepository.js              |    0.89 |        0 |       4 |    0.93 | 22-686                                                                                                                                                                       
  JobRepository.js                    |    1.53 |        0 |      10 |    1.56 | 24-478                                                                                                                                                                       
  index.js                            |       0 |        0 |       0 |       0 |                                                                                                                                                                              
  userAccountRepository.js            |       0 |        0 |       0 |       0 | 27-304                                                                                                                                                                       
 routes                               |   19.36 |      2.5 |       0 |   19.42 |                                                                                                                                                                              
  adminFeatures.js                    |   11.93 |        0 |       0 |      12 | 44-112,125-158,171-195,208-246,259-305,318-366,383-404,417-497,510-543,556-605,618-652,669-741,754-816                                                                       
  applications.js                     |     100 |      100 |     100 |     100 |                                                                                                                                                                              
  candidates.js                       |     100 |      100 |     100 |     100 |                                                                                                                                                                              
  communications.js                   |     100 |      100 |     100 |     100 |                                                                                                                                                                              
  emailSettings.js                    |     100 |      100 |     100 |     100 |                                                                                                                                                                              
  features.js                         |    9.09 |        0 |       0 |    9.09 | 34-44,61-138,155-213,233-274,290-346,369-450,463-522                                                                                                                         
  flowTemplates.js                    |     100 |      100 |     100 |     100 |                                                                                                                                                                              
  interviews.js                       |     100 |      100 |     100 |     100 |                                                                                                                                                                              
  jobs.js                             |     100 |      100 |     100 |     100 |                                                                                                                                                                              
  mfa.routes.js                       |     100 |      100 |     100 |     100 |                                                                                                                                                                              
  organizations.js                    |     100 |      100 |     100 |     100 |                                                                                                                                                                              
  platformUsers.js                    |    64.7 |        0 |       0 |    64.7 | 15-30                                                                                                                                                                        
  portal.js                           |    6.61 |        0 |       0 |    6.61 | 44-137,149-238,250-299,311-372,388-433                                                                                                                                       
  provisioning.js                     |    7.38 |     10.2 |       0 |    7.38 | 36-125,138-420,432-466,479-491,504-523,537-542,556-561,575-580,594-599,613-636                                                                                               
  public.js                           |     100 |      100 |     100 |     100 |                                                                                                                                                                              
  rolesPermissions.js                 |    8.63 |        0 |       0 |    8.63 | 25-55,67-97,109-168,177-258,267-296,312-333,345-374,386-438,450-466                                                                                                          
  security.js                         |   16.66 |        0 |       0 |   16.66 | 26-55,64-76,90-110,123-141,150-166,175-201,210-229,238-266,275-302                                                                                                           
  userManagement.js                   |    7.08 |        0 |       0 |     7.2 | 23-80,92-143,155-243,252-321,333-378,390-428                                                                                                                                 
  users.js                            |     100 |      100 |     100 |     100 |                                                                                                                                                                              
  workspaces.js                       |     100 |      100 |     100 |     100 |                                                                                                                                                                              
 routes/auth                          |     100 |      100 |     100 |     100 |                                                                                                                                                                              
  authRoutes.js                       |     100 |      100 |     100 |     100 |                                                                                                                                                                              
 services                             |    2.98 |     1.72 |    3.78 |    3.03 |                                                                                                                                                                              
  FeatureAccessService.js             |    3.93 |        0 |    6.66 |    3.96 | 36-491                                                                                                                                                                       
  FeatureService.js                   |     2.8 |        0 |    7.69 |     2.8 | 27-361                                                                                                                                                                       
  FeatureTierService.js               |    3.14 |        0 |    3.84 |    3.36 | 32-460                                                                                                                                                                       
  accountLockout.js                   |       0 |        0 |       0 |       0 | 12-336                                                                                                                                                                       
  cacheService.js                     |       0 |        0 |       0 |       0 | 35-429                                                                                                                                                                       
  deploymentOrchestrator.js           |    3.33 |        0 |    5.26 |    3.33 | 28-408                                                                                                                                                                       
  emailService.js                     |    3.75 |        0 |    7.69 |    3.79 | 29-295                                                                                                                                                                       
  encryption.js                       |    6.93 |        0 |       0 |       7 | 49-425                                                                                                                                                                       
  ipTracking.js                       |       0 |        0 |       0 |       0 | 12-310                                                                                                                                                                       
  mfaService.js                       |       0 |        0 |       0 |       0 | 27-357                                                                                                                                                                       
  passwordResetService.js             |       0 |        0 |       0 |       0 | 18-306                                                                                                                                                                       
  secretsManager.js                   |       0 |        0 |       0 |       0 | 36-821                                                                                                                                                                       
  securityMonitor.js                  |    8.38 |    10.43 |       8 |    8.38 | 36-55,174-776                                                                                                                                                                
  sharedVPSOrchestrator.js            |    3.48 |        0 |      10 |    3.48 | 34-368                                                                                                                                                                       
  tokenBlacklist.js                   |   17.28 |     4.54 |   18.75 |   17.28 | 22,33-34,44-203,213,218,222                                                                                                                                                  
  transip.js                          |    3.33 |        0 |    8.33 |    3.57 | 29-215                                                                                                                                                                       
  userAccountService.js               |       0 |        0 |       0 |       0 | 28-341                                                                                                                                                                       
  vpsManager.js                       |       0 |        0 |       0 |       0 | 25-318                                                                                                                                                                       
 services/applications                |     2.7 |        0 |       5 |    2.77 |                                                                                                                                                                              
  ApplicationService.js               |     2.7 |        0 |       5 |    2.77 | 26-467                                                                                                                                                                       
 services/candidates                  |     2.5 |        0 |    6.66 |    2.54 |                                                                                                                                                                              
  CandidateService.js                 |     2.5 |        0 |    6.66 |    2.54 | 24-512                                                                                                                                                                       
 services/formula                     |    2.45 |        0 |    3.89 |     2.6 |                                                                                                                                                                              
  FormulaEngine.js                    |    5.33 |        0 |    7.14 |    6.06 | 40-248                                                                                                                                                                       
  FormulaExecutor.js                  |       0 |        0 |       0 |       0 | 25-277                                                                                                                                                                       
  FormulaParser.js                    |    1.22 |        0 |    5.55 |    1.28 | 49-413                                                                                                                                                                       
  FormulaTypes.js                     |    9.75 |        0 |       0 |    9.75 | 166-309                                                                                                                                                                      
  FormulaValidator.js                 |    1.45 |        0 |       5 |    1.58 | 34-389                                                                                                                                                                       
  index.js                            |       0 |        0 |       0 |       0 |                                                                                                                                                                              
 services/interviews                  |    1.72 |        0 |    4.34 |    1.76 |                                                                                                                                                                              
  InterviewService.js                 |    1.72 |        0 |    4.34 |    1.76 | 23-565                                                                                                                                                                       
 services/jobs                        |    1.42 |        0 |    4.54 |    1.48 |                                                                                                                                                                              
  JobService.js                       |    1.42 |        0 |    4.54 |    1.48 | 22-574                                                                                                                                                                       
 shared/controllers                   |       0 |        0 |       0 |       0 |                                                                                                                                                                              
  integrationHealthController.js      |       0 |        0 |       0 |       0 | 11-137                                                                                                                                                                       
 shared/database                      |    42.1 |    93.75 |      40 |    42.1 |                                                                                                                                                                              
  licenseManagerDb.js                 |    42.1 |    93.75 |      40 |    42.1 | 24,35,45-69                                                                                                                                                                  
 shared/routes                        |       0 |      100 |       0 |       0 |                                                                                                                                                                              
  integrationHealthRoutes.js          |       0 |      100 |       0 |       0 | 9-34                                                                                                                                                                         
 shared/utils                         |       0 |        0 |       0 |       0 |                                                                                                                                                                              
  integrationErrorHandler.js          |       0 |        0 |       0 |       0 | 11-425                                                                                                                                                                       
 utils                                |    7.43 |     4.84 |    5.26 |    7.76 |                                                                                                                                                                              
  dbEncryption.js                     |       0 |        0 |       0 |       0 | 30-614                                                                                                                                                                       
  dtoMapper.js                        |    8.23 |        0 |    6.66 |    8.75 | 216-448                                                                                                                                                                      
  encryption.js                       |    9.75 |     7.14 |       0 |    9.75 | 24-109                                                                                                                                                                       
  errors.js                           |       0 |        0 |       0 |       0 | 11-188                                                                                                                                                                       
  fileStorage.js                      |       0 |        0 |       0 |       0 | 17-303                                                                                                                                                                       
  fileValidator.js                    |       0 |        0 |       0 |       0 | 12-339                                                                                                                                                                       
  joiExtensions.js                    |   18.91 |        0 |       0 |   18.91 | 20-30,47-59,75-84,99-105,121-127,141-147                                                                                                                                     
  logger.js                           |   27.53 |    22.88 |   20.83 |   28.57 | 58,71,73,87,98,112-147,171-294,304-323,334,393,477-498,507-526,544-597                                                                                                       
  passwordSecurity.js                 |       0 |        0 |       0 |       0 | 22-395                                                                                                                                                                       
  sanitization.js                     |   26.04 |    17.07 |   18.18 |   32.89 | 24-36,59-110,143-221,279,295,303-306,323-341                                                                                                                                 
  secrets.js                          |       0 |        0 |       0 |       0 | 26-283                                                                                                                                                                       
  timezone.js                         |    2.94 |        0 |       0 |    2.94 | 70-475                                                                                                                                                                       
  tlsConfig.js                        |    2.83 |        0 |       0 |    2.94 | 91-433                                                                                                                                                                       
  validationSchemas.js                |     100 |      100 |     100 |     100 |                                                                                                                                                                              
  virusScanner.js                     |       0 |        0 |       0 |       0 | 8-312                                                                                                                                                                        
--------------------------------------|---------|----------|---------|---------|------------------------------------------------------------------------------------------------------------------------------------------------------------------------------
Jest: "global" coverage threshold for statements (70%) not met: 8.23%
Jest: "global" coverage threshold for branches (70%) not met: 5.04%
Jest: "global" coverage threshold for lines (70%) not met: 8.37%
Jest: "global" coverage threshold for functions (70%) not met: 6.66%
Test Suites: 1 failed, 1 total
Tests:       31 failed, 4 passed, 35 total
Snapshots:   0 total
Time:        12.935 s
Ran all test suites matching workerTypeAPI.test.js.
ΓÜá∩╕Å  WARNING: JWT_SECRET appears to be weak or test data
   Use cryptographically random secrets in production
ΓÜá∩╕Å  WARNING: JWT_REFRESH_SECRET appears to be weak or test data
   Use cryptographically random secrets in production
≡ƒº╣ Database pool closed
≡ƒº╣ Jest global teardown complete
Jest did not exit one second after the test run has completed.

'This usually means that there are asynchronous operations that weren't stopped in your tests. Consider running Jest with `--detectOpenHandles` to 
troubleshoot this issue.
